******************************************************************************
               TMS320C6x Linker PC v8.1.3                      
******************************************************************************
>> Linked Thu Apr 20 05:51:11 2017

OUTPUT FILE NAME:   <DSP_MicCheckRev2.out>
ENTRY POINT SYMBOL: "_c_int00"  address: 11800000


MEMORY CONFIGURATION

         name            origin    length      used     unused   attr    fill
----------------------  --------  ---------  --------  --------  ----  --------
  IROM                  11700000   00100000  00000000  00100000  R  X
  IRAM                  11800000   00040000  00030bab  0000f455  RW X
  SDRAM                 40000000   02000000  00040348  01fbfcb8  RW  
  L3_CBA_RAM            80000000   00020000  00000000  00020000  RW X
  DDR                   c0000000   08000000  00000000  08000000  RW  


SEGMENT ALLOCATION MAP

run origin  load origin   length   init length attrs members
----------  ----------- ---------- ----------- ----- -------
11800000    11800000    000000a0   000000a0    r-x
  11800000    11800000    000000a0   000000a0    r-x .text:_c_int00
118000a0    118000a0    000198f8   00000000    rw-
  118000a0    118000a0    000198f8   00000000    rw- .far
11819998    11819998    00000008   00000008    r--
  11819998    11819998    00000008   00000008    r-- .const.1
118199a0    118199a0    00016089   00016089    r-x
  118199a0    118199a0    00014580   00014580    r-x .text
  1182df20    1182df20    00001b09   00001b09    r-- .const.2
1182fa30    1182fa30    00000d58   00000000    rw-
  1182fa30    1182fa30    00000952   00000000    rw- .fardata
  11830388    11830388    00000400   00000000    rw- .stack
11830788    11830788    00000078   00000078    r--
  11830788    11830788    00000078   00000078    r-- .switch.1
11830800    11830800    00000200   00000200    r-x
  11830800    11830800    00000200   00000200    r-x .vecs
11830a00    11830a00    00000120   00000000    rw-
  11830a00    11830a00    00000120   00000000    rw- .cio
11830b20    11830b20    00000014   00000014    r--
  11830b20    11830b20    00000014   00000014    r-- .switch.2
11830b34    11830b34    0000003e   00000000    rw-
  11830b34    11830b34    0000001e   00000000    rw- .bss
  11830b54    11830b54    0000001e   00000000    rw- .neardata
11830b74    11830b74    00000044   00000000    r--
  11830b74    11830b74    00000044   00000000    r-- .rodata
40000000    40000000    0003fc40   00000000    rw-
  40000000    40000000    0003fc40   00000000    rw- .lcdFrames
4003fc40    4003fc40    00000708   00000708    r--
  4003fc40    4003fc40    00000708   00000708    r-- .cinit


SECTION ALLOCATION MAP

 output                                  attributes/
section   page    origin      length       input sections
--------  ----  ----------  ----------   ----------------
.text:_c_int00 
*          0    11800000    000000a0     
                  11800000    000000a0     boot.ae674 : boot.oe674 (.text:_c_int00)

.stack     0    11830388    00000400     UNINITIALIZED
                  11830388    00000008     boot.ae674 : boot.oe674 (.stack)
                  11830390    000003f8     --HOLE--

.vecs      0    11830800    00000200     
                  11830800    00000200     app_pe674.oe674 (.vecs)

.bss       0    11830b34    0000001e     UNINITIALIZED
                  11830b34    00000004     (.common:ExpectedPhaseShift)
                  11830b38    00000004     (.common:FFTSize)
                  11830b3c    00000004     (.common:FreqDeviation)
                  11830b40    00000004     (.common:regionId)
                  11830b44    00000004     (.common:savedBase)
                  11830b48    00000004     (.common:touchDataBufferPtr)
                  11830b4c    00000002     (.common:FFTSize)
                  11830b4e    00000002     (.common:Size)
                  11830b50    00000001     (.common:Radix)
                  11830b51    00000001     (.common:touchDataIndex)

.neardata 
*          0    11830b54    0000001e     UNINITIALIZED
                  11830b54    00000008     AudioInterface.obj (.neardata)
                  11830b5c    00000008     MicCheckPreset.obj (.neardata)
                  11830b64    00000008     codecif.obj (.neardata)
                  11830b6c    00000004     LCD.obj (.neardata)
                  11830b70    00000001     AudioTasks.obj (.neardata)
                  11830b71    00000001     leds.obj (.neardata)

.rodata    0    11830b74    00000044     UNINITIALIZED
                  11830b74    00000044     app_pe674.oe674 (.rodata)

.cinit     0    4003fc40    00000708     
                  4003fc40    00000644     (.cinit..fardata.load) [load image, compression = rle]
                  40040284    0000004a     (.cinit..rodata.load) [load image, compression = rle]
                  400402ce    00000002     --HOLE-- [fill = 0]
                  400402d0    00000018     (.cinit..neardata.load) [load image, compression = rle]
                  400402e8    00000011     (.cinit..lcdFrames.load) [load image, compression = rle]
                  400402f9    00000003     --HOLE-- [fill = 0]
                  400402fc    0000000c     (__TI_handler_table)
                  40040308    00000008     (.cinit..bss.load) [load image, compression = zero_init]
                  40040310    00000008     (.cinit..far.load) [load image, compression = zero_init]
                  40040318    00000030     (__TI_cinit_table)

.init_array 
*          0    11800000    00000000     UNINITIALIZED

.far       0    118000a0    000198f8     UNINITIALIZED
                  118000a0    00004000     (.common:OutputBuffer)
                  118040a0    00004000     (.common:PhaseBuffer)
                  118080a0    00002000     (.common:RXPingPong)
                  1180a0a0    00001e00     app_pe674.oe674 (.far:taskStackSection)
                  1180bea0    00001010     (.common:ScratchBuffer)
                  1180ceb0    00001000     (.common:ATwiddle)
                  1180deb0    00001000     (.common:BTwiddle)
                  1180eeb0    00001000     (.common:MagsPhases)
                  1180feb0    00001000     (.common:PitchDetectBuffer)
                  11810eb0    00001000     (.common:ProcessBuffer)
                  11811eb0    00001000     (.common:ResultBuffer)
                  11812eb0    00001000     (.common:ShiftedFreqsBuffer)
                  11813eb0    00001000     (.common:TwiddleFactor)
                  11814eb0    00001000     (.common:distances_s)
                  11815eb0    00001000     (.common:max_s)
                  11816eb0    00001000     (.common:min_s)
                  11817eb0    00000800     (.common:SexyAnalysisFreqs)
                  118186b0    00000800     (.common:SexySynthFreqs)
                  11818eb0    00000800     (.common:TXPingPong)
                  118196b0    000001b0     (.common:Presets)
                  11819860    00000080     (.common:xdc_runtime_LoggerBuf_Instance_State_0_entryArr__A)
                  118198e0    00000080     (.common:xdc_runtime_SysMin_Module_State_0_outbuf__A)
                  11819960    0000000c     (.common:Msg$1)
                  1181996c    0000000c     (.common:Msg$2)
                  11819978    0000000c     (.common:slaveData)
                  11819984    00000004     --HOLE--
                  11819988    00000008     (.common:TXParamRAMS)
                  11819990    00000008     (.common:parmbuf)

.const.1   0    11819998    00000008     
                  11819998    00000008     app_pe674.oe674 (.const:ti_sysbios_knl_Idle_funcList__A)

.text      0    118199a0    00014580     
                  118199a0    00001c40     RazFFT.obj (.text)
                  1181b5e0    00001220     edma.obj (.text)
                  1181c800    00000c40     dywapitchtrack.obj (.text)
                  1181d440    00000a80     LCD.obj (.text)
                  1181dec0    000009e0     mcasp.obj (.text)
                  1181e8a0    000008e0     raster.obj (.text)
                  1181f180    000008a0     ti.targets.rts6000.ae674 : System.oe674 (.text:xdc_runtime_System_doPrint__I)
                  1181fa20    00000780     sysbios.ae674 : BIOS.obj (.text:ti_sysbios_family_c64p_Exception_handler__I)
                  118201a0    00000720     AudioInterface.obj (.text)
                  118208c0    00000700     InterfaceTasks.obj (.text)
                  11820fc0    000006c0     sysbios.ae674 : BIOS.obj (.text:ti_sysbios_knl_Semaphore_pend__E)
                  11821680    000006c0                   : BIOS.obj (.text:ti_sysbios_timers_timer64_Timer_Module_startup__E)
                  11821d40    000006a0     AutoTune.obj (.text)
                  118223e0    00000680     AudioTasks.obj (.text)
                  11822a60    000004c0     aic31.obj (.text)
                  11822f20    00000460     DSPF_sp_ifftSPxSP_cn.obj (.text:natural)
                  11823380    00000440     codecif.obj (.text)
                  118237c0    00000420     sysbios.ae674 : BIOS.obj (.text:ti_sysbios_knl_Task_sleep__E)
                  11823be0    000003c0     leds.obj (.text)
                  11823fa0    000003a0     Note2.obj (.text)
                  11824340    000003a0     ti.targets.rts6000.ae674 : HeapStd.oe674 (.text:xdc_runtime_HeapStd_alloc__E)
                  118246e0    00000360     DSPF_sp_fftSPxSP_cn.obj (.text:natural)
                  11824a40    00000360     sysbios.ae674 : BIOS.obj (.text:ti_sysbios_timers_timer64_Timer_deviceConfig__I)
                  11824da0    00000340     uart.obj (.text)
                  118250e0    00000300     SexyPitchShift.obj (.text)
                  118253e0    000002c0     gpio.obj (.text)
                  118256a0    000002c0     ti.targets.rts6000.ae674 : LoggerBuf.oe674 (.text:xdc_runtime_LoggerBuf_write8__E)
                  11825960    000002a0     rts6740_elf.lib : divf.obj (.text:__c6xabi_divf)
                  11825c00    00000260                     : imath64.obj (.text:__c6xabi_divull)
                  11825e60    00000260     ti.targets.rts6000.ae674 : Startup.oe674 (.text:xdc_runtime_Startup_startMods__I)
                  118260c0    00000240     sysbios.ae674 : BIOS.obj (.text:ti_sysbios_family_c64p_Exception_internalHandler__I)
                  11826300    00000240     ti.targets.rts6000.ae674 : Core-mem.oe674 (.text:xdc_runtime_Core_createObject__I)
                  11826540    00000240     app_pe674.oe674 (.text:xdc_runtime_System_printfExtend__I)
                  11826780    00000220     i2c.obj (.text)
                  118269a0    00000220     sysbios.ae674 : BIOS.obj (.text:ti_sysbios_timers_timer64_Timer_setPeriodMicroSecs__E)
                  11826bc0    00000200                   : c64p_Hwi_disp_always.obj (.text:_ti_sysbios_family_c64p_Hwi_dispatchAlways)
                  11826dc0    00000200     ti.targets.rts6000.ae674 : Error.oe674 (.text:xdc_runtime_Error_policyDefault__E)
                  11826fc0    00000200                              : HeapStd.oe674 (.text:xdc_runtime_HeapStd_Instance_init__E)
                  118271c0    000001e0     sysbios.ae674 : BIOS.obj (.text:ti_sysbios_gates_GateMutex_enter__E)
                  118273a0    000001e0                   : BIOS.obj (.text:ti_sysbios_knl_Task_checkStacks__E)
                  11827580    000001e0     ti.targets.rts6000.ae674 : LoggerBuf.oe674 (.text:xdc_runtime_LoggerBuf_write4__E)
                  11827760    000001e0                              : Text.oe674 (.text:xdc_runtime_Text_putSite__E)
                  11827940    000001c0     sysbios.ae674 : BIOS.obj (.text:ti_sysbios_timers_timer64_Timer_getFreq__E)
                  11827b00    000001a0     MicInterface.obj (.text)
                  11827ca0    000001a0     sysbios.ae674 : BIOS.obj (.text:ti_sysbios_family_c64p_Cache_getL2InitSize__I)
                  11827e40    000001a0                   : BIOS.obj (.text:ti_sysbios_knl_Semaphore_post__E)
                  11827fe0    000001a0                   : BIOS.obj (.text:ti_sysbios_timers_timer64_Timer_start__E)
                  11828180    000001a0     ti.targets.rts6000.ae674 : Core-smem.oe674 (.text:xdc_runtime_Core_constructObject__I)
                  11828320    00000180     main.obj (.text)
                  118284a0    00000180     psc.obj (.text)
                  11828620    00000180     sysbios.ae674 : c64p_Exception_asm.obj (.text)
                  118287a0    00000180                   : BIOS.obj (.text:ti_sysbios_family_c64p_Cache_Module_startup__E)
                  11828920    00000160     ti.targets.rts6000.ae674 : Text.oe674 (.text:xdc_runtime_Text_putMod__E)
                  11828a80    00000140     sysbios.ae674 : BIOS.obj (.text:ti_sysbios_family_c64p_Cache_getL1DInitSize__I)
                  11828bc0    00000140                   : BIOS.obj (.text:ti_sysbios_family_c64p_Cache_getL1PInitSize__I)
                  11828d00    00000140                   : BIOS.obj (.text:ti_sysbios_family_c64p_Hwi_Module_startup__E)
                  11828e40    00000140                   : BIOS.obj (.text:ti_sysbios_knl_Semaphore_Instance_init__E)
                  11828f80    00000140     ti.targets.rts6000.ae674 : Core-mem.oe674 (.text:xdc_runtime_Core_deleteObject__I)
                  118290c0    00000140                              : HeapStd.oe674 (.text:xdc_runtime_HeapStd_free__E)
                  11829200    00000140                              : LoggerBuf.oe674 (.text:xdc_runtime_LoggerBuf_setFilterLevel__E)
                  11829340    00000140                              : Text.oe674 (.text:xdc_runtime_Text_putLab__E)
                  11829480    00000120     boot.ae674 : autoinit.oe674 (.text:_auto_init_elf)
                  118295a0    00000120     sysbios.ae674 : BIOS.obj (.text:ti_sysbios_knl_Clock_workFunc__E)
                  118296c0    00000120                   : BIOS.obj (.text:ti_sysbios_knl_Swi_restoreHwi__E)
                  118297e0    00000120                   : BIOS.obj (.text:ti_sysbios_knl_Task_postInit__I)
                  11829900    00000120     ti.targets.rts6000.ae674 : LoggerBuf.oe674 (.text:xdc_runtime_LoggerBuf_getFilterLevel__E)
                  11829a20    00000100     rts6740_elf.lib : copy_decompress_rle.obj (.text:__TI_decompress_rle_core)
                  11829b20    00000100     sysbios.ae674 : BIOS.obj (.text:ti_sysbios_timers_timer64_Timer_initDevice__I)
                  11829c20    00000100     ti.targets.rts6000.ae674 : Error.oe674 (.text:xdc_runtime_Error_print__E)
                  11829d20    00000100                              : Memory.oe674 (.text:xdc_runtime_Memory_alloc__E)
                  11829e20    00000100                              : Startup.oe674 (.text:xdc_runtime_Startup_exec__E)
                  11829f20    000000e0     rts6740_elf.lib : trgdrv.obj (.text:HOSTwrite)
                  1182a000    000000e0                     : memset.obj (.text:memset)
                  1182a0e0    000000e0     sysbios.ae674 : BIOS.obj (.text:ti_sysbios_knl_Swi_runLoop__I)
                  1182a1c0    000000e0                   : BIOS.obj (.text:ti_sysbios_knl_Task_Module_startup__E)
                  1182a2a0    000000e0                   : BIOS.obj (.text:ti_sysbios_knl_Task_schedule__I)
                  1182a380    000000e0                   : BIOS.obj (.text:ti_sysbios_timers_timer64_Timer_startup__E)
                  1182a460    000000c0     rts6740_elf.lib : divu.obj (.text:__divu)
                  1182a520    000000c0                     : exit.obj (.text:exit)
                  1182a5e0    000000c0     sysbios.ae674 : BIOS.obj (.text:ti_sysbios_family_c64p_Hwi_dispatchCore__I)
                  1182a6a0    000000c0                   : BIOS.obj (.text:ti_sysbios_knl_Swi_run__I)
                  1182a760    000000c0                   : BIOS.obj (.text:ti_sysbios_knl_Swi_schedule__I)
                  1182a820    000000c0                   : BIOS.obj (.text:ti_sysbios_knl_Task_allBlockedFunction__I)
                  1182a8e0    000000c0                   : BIOS.obj (.text:ti_sysbios_knl_Task_exit__E)
                  1182a9a0    000000c0                   : BIOS.obj (.text:ti_sysbios_knl_Task_startCore__E)
                  1182aa60    000000c0     rts6740_elf.lib : tls.obj (.text:tls:init:__TI_tls_init)
                  1182ab20    000000c0     ti.targets.rts6000.ae674 : Assert.oe674 (.text:xdc_runtime_Assert_raise__I)
                  1182abe0    000000c0                              : Error.oe674 (.text:xdc_runtime_Error_setX__E)
                  1182aca0    000000c0     app_pe674.oe674 (.text:xdc_runtime_LoggerBuf_Object__create__S)
                  1182ad60    000000c0     ti.targets.rts6000.ae674 : SysMin.oe674 (.text:xdc_runtime_SysMin_abort__E)
                  1182ae20    000000c0                              : SysMin.oe674 (.text:xdc_runtime_SysMin_flush__E)
                  1182aee0    000000a0     rts6740_elf.lib : remu.obj (.text:__remu)
                  1182af80    000000a0                     : memcpy64.obj (.text:memcpy)
                  1182b020    000000a0     DSPF_sp_maxval.obj (.text:optimized)
                  1182b0c0    000000a0     DSPF_sp_minval.obj (.text:optimized)
                  1182b160    000000a0     sysbios.ae674 : BIOS.obj (.text:ti_sysbios_family_c64p_Exception_Module_startup__E)
                  1182b200    000000a0                   : BIOS.obj (.text:ti_sysbios_family_c64p_Hwi_dispatchC__I)
                  1182b2a0    000000a0                   : BIOS.obj (.text:ti_sysbios_family_c64p_Hwi_getStackInfo__E)
                  1182b340    000000a0                   : BIOS.obj (.text:ti_sysbios_timers_timer64_Timer_stop__E)
                  1182b3e0    000000a0     ti.targets.rts6000.ae674 : Core-params.oe674 (.text:xdc_runtime_Core_assignParams__I)
                  1182b480    000000a0     app_pe674.oe674 (.text:xdc_runtime_HeapStd_Object__create__S)
                  1182b520    000000a0     ti.targets.rts6000.ae674 : SysMin.oe674 (.text:xdc_runtime_SysMin_putch__E)
                  1182b5c0    000000a0                              : System.oe674 (.text:xdc_runtime_System_formatNum__I)
                  1182b660    000000a0                              : System.oe674 (.text:xdc_runtime_System_putchar__I)
                  1182b700    000000a0                              : Text.oe674 (.text:xdc_runtime_Text_printVisFxn__I)
                  1182b7a0    000000a0                              : Text.oe674 (.text:xdc_runtime_Text_xprintf__I)
                  1182b840    00000080     rts6740_elf.lib : trgmsg.obj (.text:__TI_readmsg)
                  1182b8c0    00000080                     : trgmsg.obj (.text:__TI_writemsg)
                  1182b940    00000080                     : llshift.obj (.text:__c6xabi_llshl)
                  1182b9c0    00000080     sysbios.ae674 : c62_TaskSupport_asm.obj (.text:_ti_sysbios_family_c62_TaskSupport_swap__E)
                  1182ba40    00000080     app_pe674.oe674 (.text:ti_sysbios_BIOS_atExitFunc__I)
                  1182bac0    00000080     app_pe674.oe674 (.text:ti_sysbios_BIOS_registerRTSLock__I)
                  1182bb40    00000080     app_pe674.oe674 (.text:ti_sysbios_gates_GateHwi_Object__create__S)
                  1182bbc0    00000080     app_pe674.oe674 (.text:ti_sysbios_gates_GateMutex_Object__create__S)
                  1182bc40    00000080     sysbios.ae674 : BIOS.obj (.text:ti_sysbios_hal_Hwi_checkStack)
                  1182bcc0    00000080                   : BIOS.obj (.text:ti_sysbios_hal_Hwi_initStack)
                  1182bd40    00000080     app_pe674.oe674 (.text:ti_sysbios_knl_Clock_doTick__I)
                  1182bdc0    00000080     sysbios.ae674 : BIOS.obj (.text:ti_sysbios_knl_Idle_run__E)
                  1182be40    00000080                   : BIOS.obj (.text:ti_sysbios_knl_Swi_post__E)
                  1182bec0    00000080                   : BIOS.obj (.text:ti_sysbios_knl_Swi_startup__E)
                  1182bf40    00000080                   : BIOS.obj (.text:ti_sysbios_knl_Task_processVitalTaskFlag__I)
                  1182bfc0    00000080                   : BIOS.obj (.text:ti_sysbios_knl_Task_restore__E)
                  1182c040    00000080     ti.targets.rts6000.ae674 : Core-label.oe674 (.text:xdc_runtime_Core_assignLabel__I)
                  1182c0c0    00000080                              : LoggerBuf.oe674 (.text:xdc_runtime_LoggerBuf_Instance_init__E)
                  1182c140    00000080                              : LoggerBuf.oe674 (.text:xdc_runtime_LoggerBuf_Module_startup__E)
                  1182c1c0    00000080                              : LoggerBuf.oe674 (.text:xdc_runtime_LoggerBuf_filterOutEvent__I)
                  1182c240    00000080     app_pe674.oe674 (.text:xdc_runtime_SysMin_output__I)
                  1182c2c0    00000080     ti.targets.rts6000.ae674 : System.oe674 (.text:xdc_runtime_System_atexit__E)
                  1182c340    00000080                              : System.oe674 (.text:xdc_runtime_System_avprintf__E)
                  1182c3c0    00000080                              : System.oe674 (.text:xdc_runtime_System_processAtExit__E)
                  1182c440    00000080                              : System.oe674 (.text:xdc_runtime_System_vprintf__E)
                  1182c4c0    00000060     rts6740_elf.lib : llshift.obj (.text:__c6xabi_llshru)
                  1182c520    00000060                     : imath64.obj (.text:_subcull)
                  1182c580    00000060     sysbios.ae674 : c64p_Hwi_asm_switch.obj (.text:_ti_sysbios_family_c64p_Hwi_switchAndDispatch__I)
                  1182c5e0    00000060                   : c64p_Hwi_asm_switch.obj (.text:_ti_sysbios_family_xxx_Hwi_switchAndRunFunc)
                  1182c640    00000060     DSPF_sp_vecmul.obj (.text:optimized)
                  1182c6a0    00000060     app_pe674.oe674 (.text:ti_sysbios_BIOS_errorRaiseHook__I)
                  1182c700    00000060     app_pe674.oe674 (.text:ti_sysbios_BIOS_removeRTSLock__I)
                  1182c760    00000060     app_pe674.oe674 (.text:ti_sysbios_BIOS_startFunc__I)
                  1182c7c0    00000060     sysbios.ae674 : BIOS.obj (.text:ti_sysbios_family_c62_TaskSupport_start__E)
                  1182c820    00000060                   : BIOS.obj (.text:ti_sysbios_family_c64p_Cache_marInit__I)
                  1182c880    00000060                   : BIOS.obj (.text:ti_sysbios_family_c64p_Cache_setMar__E)
                  1182c8e0    00000060                   : BIOS.obj (.text:ti_sysbios_family_c64p_primus_TimerSupport_enable__E)
                  1182c940    00000060     app_pe674.oe674 (.text:ti_sysbios_gates_GateMutex_Object__delete__S)
                  1182c9a0    00000060     sysbios.ae674 : BIOS.obj (.text:ti_sysbios_knl_Clock_Module_startup__E)
                  1182ca00    00000060     app_pe674.oe674 (.text:ti_sysbios_knl_Queue_construct)
                  1182ca60    00000060     app_pe674.oe674 (.text:ti_sysbios_knl_Semaphore_construct)
                  1182cac0    00000060     sysbios.ae674 : BIOS.obj (.text:ti_sysbios_knl_Semaphore_pendTimeout__I)
                  1182cb20    00000060                   : BIOS.obj (.text:ti_sysbios_knl_Swi_Module_startup__E)
                  1182cb80    00000060                   : BIOS.obj (.text:ti_sysbios_knl_Task_enter__I)
                  1182cbe0    00000060                   : BIOS.obj (.text:ti_sysbios_knl_Task_unblockI__E)
                  1182cc40    00000060     app_pe674.oe674 (.text:xdc_runtime_LoggerBuf_Object__delete__S)
                  1182cca0    00000060     ti.targets.rts6000.ae674 : LoggerBuf.oe674 (.text:xdc_runtime_LoggerBuf_reset__E)
                  1182cd00    00000060                              : Memory.oe674 (.text:xdc_runtime_Memory_valloc__E)
                  1182cd60    00000060                              : Text.oe674 (.text:xdc_runtime_Text_cordText__E)
                  1182cdc0    00000040     rts6740_elf.lib : args_main.obj (.text:_args_main)
                  1182ce00    00000040     sysbios.ae674 : c62_TaskSupport_asm.obj (.text:_ti_sysbios_family_c62_TaskSupport_buildTaskStack)
                  1182ce40    00000040     app_pe674.oe674 (.text:ti_sysbios_BIOS_exitFunc__I)
                  1182ce80    00000040     app_pe674.oe674 (.text:ti_sysbios_BIOS_rtsLock__I)
                  1182cec0    00000040     app_pe674.oe674 (.text:ti_sysbios_BIOS_rtsUnlock__I)
                  1182cf00    00000040     sysbios.ae674 : BIOS.obj (.text:ti_sysbios_family_c64p_Hwi_disableInterrupt__E)
                  1182cf40    00000040                   : BIOS.obj (.text:ti_sysbios_family_c64p_Hwi_enableInterrupt__E)
                  1182cf80    00000040     app_pe674.oe674 (.text:ti_sysbios_gates_GateHwi_Handle__label__S)
                  1182cfc0    00000040     app_pe674.oe674 (.text:ti_sysbios_gates_GateHwi_Object__delete__S)
                  1182d000    00000040     app_pe674.oe674 (.text:ti_sysbios_gates_GateMutex_Handle__label__S)
                  1182d040    00000040     sysbios.ae674 : BIOS.obj (.text:ti_sysbios_gates_GateMutex_Instance_init__E)
                  1182d080    00000040                   : BIOS.obj (.text:ti_sysbios_gates_GateMutex_leave__E)
                  1182d0c0    00000040                   : BIOS.obj (.text:ti_sysbios_knl_Queue_get__E)
                  1182d100    00000040     app_pe674.oe674 (.text:ti_sysbios_knl_Semaphore_destruct)
                  1182d140    00000040     app_pe674.oe674 (.text:ti_sysbios_knl_Swi_Object__get__S)
                  1182d180    00000040     app_pe674.oe674 (.text:ti_sysbios_knl_Task_Object__get__S)
                  1182d1c0    00000040     ti.targets.rts6000.ae674 : Error.oe674 (.text:xdc_runtime_Error_check__E)
                  1182d200    00000040                              : Error.oe674 (.text:xdc_runtime_Error_init__E)
                  1182d240    00000040     app_pe674.oe674 (.text:xdc_runtime_HeapStd_Handle__label__S)
                  1182d280    00000040     app_pe674.oe674 (.text:xdc_runtime_HeapStd_Object__delete__S)
                  1182d2c0    00000040     app_pe674.oe674 (.text:xdc_runtime_LoggerBuf_Handle__label__S)
                  1182d300    00000040     ti.targets.rts6000.ae674 : LoggerBuf.oe674 (.text:xdc_runtime_LoggerBuf_Instance_finalize__E)
                  1182d340    00000040     app_pe674.oe674 (.text:xdc_runtime_LoggerBuf_Object__get__S)
                  1182d380    00000040     ti.targets.rts6000.ae674 : LoggerBuf.oe674 (.text:xdc_runtime_LoggerBuf_write0__E)
                  1182d3c0    00000040                              : LoggerBuf.oe674 (.text:xdc_runtime_LoggerBuf_write1__E)
                  1182d400    00000040                              : LoggerBuf.oe674 (.text:xdc_runtime_LoggerBuf_write2__E)
                  1182d440    00000040                              : Registry.oe674 (.text:xdc_runtime_Registry_findById__E)
                  1182d480    00000040                              : SysMin.oe674 (.text:xdc_runtime_SysMin_Module_startup__E)
                  1182d4c0    00000040                              : SysMin.oe674 (.text:xdc_runtime_SysMin_exit__E)
                  1182d500    00000040                              : System.oe674 (.text:xdc_runtime_System_abort__E)
                  1182d540    00000040     app_pe674.oe674 (.text:xdc_runtime_System_aprintf__E)
                  1182d580    00000040     ti.targets.rts6000.ae674 : System.oe674 (.text:xdc_runtime_System_exit__E)
                  1182d5c0    00000040     app_pe674.oe674 (.text:xdc_runtime_System_printf__E)
                  1182d600    00000020     ti.targets.rts6000.ae674 : xdc_noinit.oe674 (.text:__xdc__init)
                  1182d620    00000020     rts6740_elf.lib : _lock.obj (.text:_nop)
                  1182d640    00000020                     : _lock.obj (.text:_register_lock)
                  1182d660    00000020                     : _lock.obj (.text:_register_unlock)
                  1182d680    00000020     sysbios.ae674 : c62_TaskSupport_asm.obj (.text:_ti_sysbios_family_c62_TaskSupport_glue)
                  1182d6a0    00000020     rts6740_elf.lib : exit.obj (.text:abort)
                  1182d6c0    00000020                     : copy_zero_init.obj (.text:decompress:ZI:__TI_zero_init)
                  1182d6e0    00000020                     : copy_decompress_none.obj (.text:decompress:none:__TI_decompress_none)
                  1182d700    00000020                     : copy_decompress_rle.obj (.text:decompress:rle24:__TI_decompress_rle24)
                  1182d720    00000020     app_pe674.oe674 (.text:free)
                  1182d740    00000020     app_pe674.oe674 (.text:malloc)
                  1182d760    00000020     app_pe674.oe674 (.text:ti_sysbios_BIOS_RtsGateProxy_enter__E)
                  1182d780    00000020     app_pe674.oe674 (.text:ti_sysbios_BIOS_RtsGateProxy_leave__E)
                  1182d7a0    00000020     sysbios.ae674 : BIOS.obj (.text:ti_sysbios_BIOS_getCpuFreq__E)
                  1182d7c0    00000020                   : BIOS.obj (.text:ti_sysbios_BIOS_linkedWithIncorrectBootLibrary__E)
                  1182d7e0    00000020     app_pe674.oe674 (.text:ti_sysbios_BIOS_nullFunc__I)
                  1182d800    00000020     sysbios.ae674 : BIOS.obj (.text:ti_sysbios_BIOS_setThreadType__E)
                  1182d820    00000020                   : BIOS.obj (.text:ti_sysbios_BIOS_start__E)
                  1182d840    00000020     app_pe674.oe674 (.text:ti_sysbios_family_c62_TaskSupport_Module__startupDone__S)
                  1182d860    00000020     sysbios.ae674 : BIOS.obj (.text:ti_sysbios_family_c62_TaskSupport_checkStack__E)
                  1182d880    00000020     app_pe674.oe674 (.text:ti_sysbios_family_c64p_Hwi_Module__startupDone__F)
                  1182d8a0    00000020     sysbios.ae674 : BIOS.obj (.text:ti_sysbios_family_c64p_Hwi_clearInterrupt__E)
                  1182d8c0    00000020                   : BIOS.obj (.text:ti_sysbios_family_c64p_Hwi_startup__E)
                  1182d8e0    00000020                   : BIOS.obj (.text:ti_sysbios_family_c64p_Hwi_switchFromBootStack__E)
                  1182d900    00000020                   : BIOS.obj (.text:ti_sysbios_family_c64p_TimestampProvider_Module_startup__E)
                  1182d920    00000020                   : BIOS.obj (.text:ti_sysbios_family_c64p_TimestampProvider_get64__E)
                  1182d940    00000020                   : BIOS.obj (.text:ti_sysbios_gates_GateHwi_Instance_init__E)
                  1182d960    00000020                   : BIOS.obj (.text:ti_sysbios_gates_GateHwi_enter__E)
                  1182d980    00000020                   : BIOS.obj (.text:ti_sysbios_gates_GateHwi_leave__E)
                  1182d9a0    00000020                   : BIOS.obj (.text:ti_sysbios_gates_GateHwi_query__E)
                  1182d9c0    00000020                   : BIOS.obj (.text:ti_sysbios_gates_GateMutex_Instance_finalize__E)
                  1182d9e0    00000020                   : BIOS.obj (.text:ti_sysbios_gates_GateMutex_query__E)
                  1182da00    00000020                   : BIOS.obj (.text:ti_sysbios_hal_Hwi_Module_startup__E)
                  1182da20    00000020     app_pe674.oe674 (.text:ti_sysbios_knl_Clock_TimerProxy_getMaxTicks__E)
                  1182da40    00000020     sysbios.ae674 : BIOS.obj (.text:ti_sysbios_knl_Clock_logTick__E)
                  1182da60    00000020                   : BIOS.obj (.text:ti_sysbios_knl_Idle_loop__E)
                  1182da80    00000020                   : BIOS.obj (.text:ti_sysbios_knl_Queue_Instance_init__E)
                  1182daa0    00000020     app_pe674.oe674 (.text:ti_sysbios_knl_Queue_Object__get__S)
                  1182dac0    00000020     app_pe674.oe674 (.text:ti_sysbios_knl_Queue_destruct)
                  1182dae0    00000020     sysbios.ae674 : BIOS.obj (.text:ti_sysbios_knl_Queue_empty__E)
                  1182db00    00000020                   : BIOS.obj (.text:ti_sysbios_knl_Queue_put__E)
                  1182db20    00000020                   : BIOS.obj (.text:ti_sysbios_knl_Semaphore_Instance_finalize__E)
                  1182db40    00000020                   : BIOS.obj (.text:ti_sysbios_knl_Swi_disable__E)
                  1182db60    00000020                   : BIOS.obj (.text:ti_sysbios_knl_Task_disable__E)
                  1182db80    00000020                   : BIOS.obj (.text:ti_sysbios_knl_Task_sleepTimeout__I)
                  1182dba0    00000020                   : BIOS.obj (.text:ti_sysbios_knl_Task_startup__E)
                  1182dbc0    00000020     app_pe674.oe674 (.text:ti_sysbios_timers_timer64_Timer_Module__startupDone__F)
                  1182dbe0    00000020     sysbios.ae674 : BIOS.obj (.text:ti_sysbios_timers_timer64_Timer_getMaxTicks__E)
                  1182dc00    00000020     ti.targets.rts6000.ae674 : Error.oe674 (.text:xdc_runtime_Error_getSite__E)
                  1182dc20    00000020                              : Error.oe674 (.text:xdc_runtime_Error_raiseX__E)
                  1182dc40    00000020                              : Gate.oe674 (.text:xdc_runtime_Gate_enterSystem__E)
                  1182dc60    00000020                              : Gate.oe674 (.text:xdc_runtime_Gate_leaveSystem__E)
                  1182dc80    00000020                              : HeapStd.oe674 (.text:xdc_runtime_HeapStd_getStats__E)
                  1182dca0    00000020                              : HeapStd.oe674 (.text:xdc_runtime_HeapStd_isBlocking__E)
                  1182dcc0    00000020     app_pe674.oe674 (.text:xdc_runtime_IHeap_alloc)
                  1182dce0    00000020     app_pe674.oe674 (.text:xdc_runtime_IHeap_free)
                  1182dd00    00000020     app_pe674.oe674 (.text:xdc_runtime_LoggerBuf_Module_GateProxy_enter__E)
                  1182dd20    00000020     app_pe674.oe674 (.text:xdc_runtime_LoggerBuf_Module_GateProxy_leave__E)
                  1182dd40    00000020     ti.targets.rts6000.ae674 : LoggerBuf.oe674 (.text:xdc_runtime_LoggerBuf_disable__E)
                  1182dd60    00000020                              : LoggerBuf.oe674 (.text:xdc_runtime_LoggerBuf_enable__E)
                  1182dd80    00000020                              : Memory.oe674 (.text:xdc_runtime_Memory_calloc__E)
                  1182dda0    00000020                              : Memory.oe674 (.text:xdc_runtime_Memory_free__E)
                  1182ddc0    00000020                              : Memory.oe674 (.text:xdc_runtime_Memory_getMaxDefaultTypeAlign__E)
                  1182dde0    00000020     app_pe674.oe674 (.text:xdc_runtime_Startup_exec__I)
                  1182de00    00000020     app_pe674.oe674 (.text:xdc_runtime_Startup_reset__I)
                  1182de20    00000020     ti.targets.rts6000.ae674 : Startup.oe674 (.text:xdc_runtime_Startup_rtsDone__E)
                  1182de40    00000020                              : SysMin.oe674 (.text:xdc_runtime_SysMin_ready__E)
                  1182de60    00000020     app_pe674.oe674 (.text:xdc_runtime_System_Module_GateProxy_enter__E)
                  1182de80    00000020     app_pe674.oe674 (.text:xdc_runtime_System_Module_GateProxy_leave__E)
                  1182dea0    00000020     ti.targets.rts6000.ae674 : System.oe674 (.text:xdc_runtime_System_Module_startup__E)
                  1182dec0    00000020                              : System.oe674 (.text:xdc_runtime_System_vsnprintf__E)
                  1182dee0    00000020                              : Text.oe674 (.text:xdc_runtime_Text_ropeText__E)
                  1182df00    00000020     app_pe674.oe674 (.text:xdc_runtime_Text_visitRope__I)

.const.2   0    1182df20    00001b09     
                  1182df20    00001000     HammingWindow.obj (.const:HammingWindow)
                  1182ef20    00000518     sysbios.ae674 : BIOS.obj (.const:.string)
                  1182f438    00000058     ti.targets.rts6000.ae674 : Error.oe674 (.const:.string)
                  1182f490    00000048     app_pe674.oe674 (.const:.string)
                  1182f4d8    00000040     RazFFT.obj (.const:.string:Brev)
                  1182f518    00000040     ti.targets.rts6000.ae674 : Text.oe674 (.const:.string)
                  1182f558    00000040     AudioInterface.obj (.const)
                  1182f598    0000003c     app_pe674.oe674 (.const:xdc_runtime_LoggerBuf_Module__FXNS__C)
                  1182f5d4    00000004     ti.targets.rts6000.ae674 : Assert.oe674 (.const:.string)
                  1182f5d8    00000030     app_pe674.oe674 (.const:xdc_runtime_Startup_sfxnTab__A)
                  1182f608    0000002c     ti.targets.rts6000.ae674 : Startup.oe674 (.const:.string)
                  1182f634    00000028     app_pe674.oe674 (.const:xdc_runtime_HeapStd_Module__FXNS__C)
                  1182f65c    00000028     app_pe674.oe674 (.const:xdc_runtime_LoggerBuf_Object__PARAMS__C)
                  1182f684    00000024     app_pe674.oe674 (.const:ti_sysbios_gates_GateHwi_Module__FXNS__C)
                  1182f6a8    00000024     app_pe674.oe674 (.const:ti_sysbios_gates_GateMutex_Module__FXNS__C)
                  1182f6cc    00000024     app_pe674.oe674 (.const:ti_sysbios_knl_Semaphore_Object__PARAMS__C)
                  1182f6f0    00000020     app_pe674.oe674 (.const:ti_sysbios_gates_GateHwi_Object__DESC__C)
                  1182f710    00000020     app_pe674.oe674 (.const:ti_sysbios_gates_GateMutex_Object__DESC__C)
                  1182f730    00000020     app_pe674.oe674 (.const:ti_sysbios_knl_Queue_Object__DESC__C)
                  1182f750    00000020     app_pe674.oe674 (.const:ti_sysbios_knl_Semaphore_Object__DESC__C)
                  1182f770    00000020     app_pe674.oe674 (.const:xdc_runtime_HeapStd_Object__DESC__C)
                  1182f790    00000020     app_pe674.oe674 (.const:xdc_runtime_LoggerBuf_Object__DESC__C)
                  1182f7b0    0000001c     app_pe674.oe674 (.const:xdc_runtime_HeapStd_Object__PARAMS__C)
                  1182f7cc    00000018     ti.targets.rts6000.ae674 : System.oe674 (.const:.string)
                  1182f7e4    00000018     app_pe674.oe674 (.const:ti_sysbios_gates_GateHwi_Object__PARAMS__C)
                  1182f7fc    00000018     app_pe674.oe674 (.const:ti_sysbios_gates_GateMutex_Object__PARAMS__C)
                  1182f814    00000018     app_pe674.oe674 (.const:ti_sysbios_knl_Queue_Object__PARAMS__C)
                  1182f82c    00000004     app_pe674.oe674 (.const:ti_sysbios_family_c64p_Cache_E_invalidL1CacheSize__C)
                  1182f830    00000018     app_pe674.oe674 (.const:xdc_runtime_Startup_sfxnRts__A)
                  1182f848    00000008     app_pe674.oe674 (.const:ti_sysbios_knl_Idle_funcList__C)
                  1182f850    00000008     app_pe674.oe674 (.const:xdc_runtime_Startup_firstFxns__C)
                  1182f858    00000008     app_pe674.oe674 (.const:xdc_runtime_Startup_lastFxns__C)
                  1182f860    00000004     app_pe674.oe674 (.const:ti_sysbios_family_c64p_Cache_E_invalidL2CacheSize__C)
                  1182f864    00000004     app_pe674.oe674 (.const:ti_sysbios_family_c64p_Cache_MAR0_31__C)
                  1182f868    00000004     app_pe674.oe674 (.const:ti_sysbios_family_c64p_Cache_MAR128_159__C)
                  1182f86c    00000004     app_pe674.oe674 (.const:ti_sysbios_family_c64p_Cache_MAR160_191__C)
                  1182f870    00000004     app_pe674.oe674 (.const:ti_sysbios_family_c64p_Cache_MAR192_223__C)
                  1182f874    00000004     app_pe674.oe674 (.const:ti_sysbios_family_c64p_Cache_MAR224_255__C)
                  1182f878    00000004     app_pe674.oe674 (.const:ti_sysbios_family_c64p_Cache_MAR32_63__C)
                  1182f87c    00000004     app_pe674.oe674 (.const:ti_sysbios_family_c64p_Cache_MAR64_95__C)
                  1182f880    00000004     app_pe674.oe674 (.const:ti_sysbios_family_c64p_Cache_MAR96_127__C)
                  1182f884    00000004     app_pe674.oe674 (.const:ti_sysbios_family_c64p_Exception_E_exceptionMax__C)
                  1182f888    00000004     app_pe674.oe674 (.const:ti_sysbios_family_c64p_Exception_exceptionHook__C)
                  1182f88c    00000004     app_pe674.oe674 (.const:ti_sysbios_family_c64p_Exception_externalHook__C)
                  1182f890    00000004     app_pe674.oe674 (.const:ti_sysbios_family_c64p_Exception_internalHook__C)
                  1182f894    00000004     app_pe674.oe674 (.const:ti_sysbios_family_c64p_Exception_nmiHook__C)
                  1182f898    00000004     app_pe674.oe674 (.const:ti_sysbios_gates_GateMutex_A_badContext__C)
                  1182f89c    00000004     app_pe674.oe674 (.const:ti_sysbios_gates_GateMutex_Instance_State_sem__O)
                  1182f8a0    00000004     app_pe674.oe674 (.const:ti_sysbios_gates_GateMutex_Module__diagsEnabled__C)
                  1182f8a4    00000004     app_pe674.oe674 (.const:ti_sysbios_gates_GateMutex_Module__diagsIncluded__C)
                  1182f8a8    00000004     app_pe674.oe674 (.const:ti_sysbios_gates_GateMutex_Module__diagsMask__C)
                  1182f8ac    00000004     app_pe674.oe674 (.const:ti_sysbios_hal_Hwi_E_stackOverflow__C)
                  1182f8b0    00000004     app_pe674.oe674 (.const:ti_sysbios_knl_Clock_Module_State_clockQ__O)
                  1182f8b4    00000004     app_pe674.oe674 (.const:ti_sysbios_knl_Semaphore_A_badContext__C)
                  1182f8b8    00000004     app_pe674.oe674 (.const:ti_sysbios_knl_Semaphore_A_noEvents__C)
                  1182f8bc    00000004     app_pe674.oe674 (.const:ti_sysbios_knl_Semaphore_A_overflow__C)
                  1182f8c0    00000004     app_pe674.oe674 (.const:ti_sysbios_knl_Semaphore_A_pendTaskDisabled__C)
                  1182f8c4    00000004     app_pe674.oe674 (.const:ti_sysbios_knl_Semaphore_Instance_State_pendQ__O)
                  1182f8c8    00000004     app_pe674.oe674 (.const:ti_sysbios_knl_Semaphore_Module__diagsEnabled__C)
                  1182f8cc    00000004     app_pe674.oe674 (.const:ti_sysbios_knl_Semaphore_Module__diagsIncluded__C)
                  1182f8d0    00000004     app_pe674.oe674 (.const:ti_sysbios_knl_Semaphore_Module__diagsMask__C)
                  1182f8d4    00000004     app_pe674.oe674 (.const:ti_sysbios_knl_Swi_Object__count__C)
                  1182f8d8    00000004     app_pe674.oe674 (.const:ti_sysbios_knl_Task_A_badTimeout__C)
                  1182f8dc    00000004     app_pe674.oe674 (.const:ti_sysbios_knl_Task_A_sleepTaskDisabled__C)
                  1182f8e0    00000004     app_pe674.oe674 (.const:ti_sysbios_knl_Task_E_spOutOfBounds__C)
                  1182f8e4    00000004     app_pe674.oe674 (.const:ti_sysbios_knl_Task_E_stackOverflow__C)
                  1182f8e8    00000004     app_pe674.oe674 (.const:ti_sysbios_knl_Task_Module_State_inactiveQ__O)
                  1182f8ec    00000004     app_pe674.oe674 (.const:ti_sysbios_knl_Task_Module__diagsEnabled__C)
                  1182f8f0    00000004     app_pe674.oe674 (.const:ti_sysbios_knl_Task_Module__diagsIncluded__C)
                  1182f8f4    00000004     app_pe674.oe674 (.const:ti_sysbios_knl_Task_Module__diagsMask__C)
                  1182f8f8    00000004     app_pe674.oe674 (.const:ti_sysbios_knl_Task_Object__count__C)
                  1182f8fc    00000004     app_pe674.oe674 (.const:ti_sysbios_knl_Task_allBlockedFunc__C)
                  1182f900    00000004     app_pe674.oe674 (.const:ti_sysbios_knl_Task_numConstructedTasks__C)
                  1182f904    00000004     app_pe674.oe674 (.const:ti_sysbios_timers_timer64_Timer_A_notAvailable__C)
                  1182f908    00000004     app_pe674.oe674 (.const:ti_sysbios_timers_timer64_Timer_E_cannotSupport__C)
                  1182f90c    00000004     app_pe674.oe674 (.const:ti_sysbios_timers_timer64_Timer_Module__diagsEnabled__C)
                  1182f910    00000004     app_pe674.oe674 (.const:ti_sysbios_timers_timer64_Timer_Module__diagsIncluded__C)
                  1182f914    00000004     app_pe674.oe674 (.const:ti_sysbios_timers_timer64_Timer_Module__diagsMask__C)
                  1182f918    00000004     app_pe674.oe674 (.const:ti_sysbios_timers_timer64_Timer_anyMaskHigh__C)
                  1182f91c    00000004     app_pe674.oe674 (.const:ti_sysbios_timers_timer64_Timer_anyMask__C)
                  1182f920    00000004     app_pe674.oe674 (.const:ti_sysbios_timers_timer64_Timer_freqDivisor__C)
                  1182f924    00000004     app_pe674.oe674 (.const:ti_sysbios_timers_timer64_Timer_numLocalTimers__C)
                  1182f928    00000004     app_pe674.oe674 (.const:ti_sysbios_timers_timer64_Timer_numTimerDevices__C)
                  1182f92c    00000004     app_pe674.oe674 (.const:xdc_runtime_Assert_E_assertFailed__C)
                  1182f930    00000004     app_pe674.oe674 (.const:xdc_runtime_Core_A_initializedParams__C)
                  1182f934    00000004     app_pe674.oe674 (.const:xdc_runtime_Core_Module__diagsEnabled__C)
                  1182f938    00000004     app_pe674.oe674 (.const:xdc_runtime_Core_Module__diagsIncluded__C)
                  1182f93c    00000004     app_pe674.oe674 (.const:xdc_runtime_Core_Module__diagsMask__C)
                  1182f940    00000004     app_pe674.oe674 (.const:xdc_runtime_Error_E_memory__C)
                  1182f944    00000004     app_pe674.oe674 (.const:xdc_runtime_Error_Module__diagsEnabled__C)
                  1182f948    00000004     app_pe674.oe674 (.const:xdc_runtime_Error_Module__diagsIncluded__C)
                  1182f94c    00000004     app_pe674.oe674 (.const:xdc_runtime_Error_Module__diagsMask__C)
                  1182f950    00000004     app_pe674.oe674 (.const:xdc_runtime_Error_Module__loggerFxn8__C)
                  1182f954    00000004     app_pe674.oe674 (.const:xdc_runtime_Error_Module__loggerObj__C)
                  1182f958    00000004     app_pe674.oe674 (.const:xdc_runtime_Error_policyFxn__C)
                  1182f95c    00000004     app_pe674.oe674 (.const:xdc_runtime_Error_policy__C)
                  1182f960    00000004     app_pe674.oe674 (.const:xdc_runtime_Error_raiseHook__C)
                  1182f964    00000004     app_pe674.oe674 (.const:xdc_runtime_HeapStd_A_align__C)
                  1182f968    00000004     app_pe674.oe674 (.const:xdc_runtime_HeapStd_A_invalidTotalFreeSize__C)
                  1182f96c    00000004     app_pe674.oe674 (.const:xdc_runtime_HeapStd_A_zeroSize__C)
                  1182f970    00000004     app_pe674.oe674 (.const:xdc_runtime_HeapStd_E_noRTSMemory__C)
                  1182f974    00000004     app_pe674.oe674 (.const:xdc_runtime_HeapStd_Module__diagsEnabled__C)
                  1182f978    00000004     app_pe674.oe674 (.const:xdc_runtime_HeapStd_Module__diagsIncluded__C)
                  1182f97c    00000004     app_pe674.oe674 (.const:xdc_runtime_HeapStd_Module__diagsMask__C)
                  1182f980    00000004     app_pe674.oe674 (.const:xdc_runtime_IFilterLogger_Interface__BASE__C)
                  1182f984    00000004     app_pe674.oe674 (.const:xdc_runtime_IGateProvider_Interface__BASE__C)
                  1182f988    00000004     app_pe674.oe674 (.const:xdc_runtime_IHeap_Interface__BASE__C)
                  1182f98c    00000004     app_pe674.oe674 (.const:xdc_runtime_ILogger_Interface__BASE__C)
                  1182f990    00000004     app_pe674.oe674 (.const:xdc_runtime_IModule_Interface__BASE__C)
                  1182f994    00000004     app_pe674.oe674 (.const:xdc_runtime_Log_L_error__C)
                  1182f998    00000004     app_pe674.oe674 (.const:xdc_runtime_LoggerBuf_E_badLevel__C)
                  1182f99c    00000004     app_pe674.oe674 (.const:xdc_runtime_LoggerBuf_Module__gateObj__C)
                  1182f9a0    00000004     app_pe674.oe674 (.const:xdc_runtime_LoggerBuf_Object__count__C)
                  1182f9a4    00000004     app_pe674.oe674 (.const:xdc_runtime_LoggerBuf_statusLogger__C)
                  1182f9a8    00000004     app_pe674.oe674 (.const:xdc_runtime_Memory_defaultHeapInstance__C)
                  1182f9ac    00000004     app_pe674.oe674 (.const:xdc_runtime_Startup_execImpl__C)
                  1182f9b0    00000004     app_pe674.oe674 (.const:xdc_runtime_Startup_firstFxns__A)
                  1182f9b4    00000004     app_pe674.oe674 (.const:xdc_runtime_Startup_maxPasses__C)
                  1182f9b8    00000004     app_pe674.oe674 (.const:xdc_runtime_Startup_sfxnRts__C)
                  1182f9bc    00000004     app_pe674.oe674 (.const:xdc_runtime_Startup_sfxnTab__C)
                  1182f9c0    00000004     app_pe674.oe674 (.const:xdc_runtime_SysMin_bufSize__C)
                  1182f9c4    00000004     app_pe674.oe674 (.const:xdc_runtime_SysMin_outputFunc__C)
                  1182f9c8    00000004     app_pe674.oe674 (.const:xdc_runtime_System_Module__gateObj__C)
                  1182f9cc    00000004     app_pe674.oe674 (.const:xdc_runtime_System_abortFxn__C)
                  1182f9d0    00000004     app_pe674.oe674 (.const:xdc_runtime_System_exitFxn__C)
                  1182f9d4    00000004     app_pe674.oe674 (.const:xdc_runtime_System_extendFxn__C)
                  1182f9d8    00000004     app_pe674.oe674 (.const:xdc_runtime_System_maxAtexitHandlers__C)
                  1182f9dc    00000004     app_pe674.oe674 (.const:xdc_runtime_Text_charTab__C)
                  1182f9e0    00000004     app_pe674.oe674 (.const:xdc_runtime_Text_nameEmpty__C)
                  1182f9e4    00000004     app_pe674.oe674 (.const:xdc_runtime_Text_nameStatic__C)
                  1182f9e8    00000004     app_pe674.oe674 (.const:xdc_runtime_Text_nameUnknown__C)
                  1182f9ec    00000004     app_pe674.oe674 (.const:xdc_runtime_Text_visitRopeFxn__C)
                  1182f9f0    00000004     app_pe674.oe674 (.const:xdc_runtime_Text_nodeTab__A)
                  1182f9f4    00000002     app_pe674.oe674 (.const:ti_sysbios_family_c64p_Cache_Module__id__C)
                  1182f9f6    00000002     app_pe674.oe674 (.const:ti_sysbios_family_c64p_Exception_Module__id__C)
                  1182f9f8    00000002     app_pe674.oe674 (.const:ti_sysbios_family_c64p_Exception_useInternalBuffer__C)
                  1182f9fa    00000002     app_pe674.oe674 (.const:ti_sysbios_gates_GateMutex_Module__id__C)
                  1182f9fc    00000002     app_pe674.oe674 (.const:ti_sysbios_hal_Hwi_Module__id__C)
                  1182f9fe    00000002     app_pe674.oe674 (.const:ti_sysbios_knl_Semaphore_Module__id__C)
                  1182fa00    00000002     app_pe674.oe674 (.const:ti_sysbios_knl_Task_Module__id__C)
                  1182fa02    00000002     app_pe674.oe674 (.const:ti_sysbios_timers_timer64_Timer_Module__id__C)
                  1182fa04    00000002     app_pe674.oe674 (.const:ti_sysbios_timers_timer64_Timer_startupNeeded__C)
                  1182fa06    00000002     app_pe674.oe674 (.const:ti_sysbios_timers_timer64_Timer_useTimer64pRegMap__C)
                  1182fa08    00000002     app_pe674.oe674 (.const:xdc_runtime_Core_Module__id__C)
                  1182fa0a    00000002     app_pe674.oe674 (.const:xdc_runtime_Error_Module__loggerDefined__C)
                  1182fa0c    00000002     app_pe674.oe674 (.const:xdc_runtime_Error_maxDepth__C)
                  1182fa0e    00000002     app_pe674.oe674 (.const:xdc_runtime_HeapStd_Module__id__C)
                  1182fa10    00000002     app_pe674.oe674 (.const:xdc_runtime_LoggerBuf_Module__id__C)
                  1182fa12    00000002     app_pe674.oe674 (.const:xdc_runtime_LoggerBuf_filterByLevel__C)
                  1182fa14    00000002     app_pe674.oe674 (.const:xdc_runtime_Memory_Module__id__C)
                  1182fa16    00000002     app_pe674.oe674 (.const:xdc_runtime_SysMin_flushAtExit__C)
                  1182fa18    00000002     app_pe674.oe674 (.const:xdc_runtime_Text_charCnt__C)
                  1182fa1a    00000002     app_pe674.oe674 (.const:xdc_runtime_Text_isLoaded__C)
                  1182fa1c    00000002     app_pe674.oe674 (.const:xdc_runtime_Text_registryModsLastId__C)
                  1182fa1e    00000002     app_pe674.oe674 (.const:xdc_runtime_Text_unnamedModsLastId__C)
                  1182fa20    00000001     app_pe674.oe674 (.const:ti_sysbios_timers_timer64_Timer_localTimerBaseId__C)
                  1182fa21    00000007     --HOLE-- [fill = 0]
                  1182fa28    00000001     app_pe674.oe674 (.const:xdc_runtime_Text_charTab__A)

.fardata   0    1182fa30    00000952     UNINITIALIZED
                  1182fa30    00000230     app_pe674.oe674 (.fardata)
                  1182fc60    0000017c     app_pe674.oe674 (.fardata:ti_sysbios_knl_Task_Object__table__V)
                  1182fddc    00000004     rts6740_elf.lib : _lock.obj (.fardata:_lock)
                  1182fde0    000000c0     app_pe674.oe674 (.fardata:ti_sysbios_family_c64p_Hwi_Object__table__V)
                  1182fea0    000000a0     app_pe674.oe674 (.fardata:ti_sysbios_timers_timer64_Timer_Object__table__V)
                  1182ff40    00000080     app_pe674.oe674 (.fardata:ti_sysbios_knl_Swi_Module_State_0_readyQ__A)
                  1182ffc0    00000080     app_pe674.oe674 (.fardata:ti_sysbios_knl_Task_Module_State_0_readyQ__A)
                  11830040    00000060     app_pe674.oe674 (.fardata:ti_sysbios_knl_Semaphore_Object__table__V)
                  118300a0    00000060     app_pe674.oe674 (.fardata:ti_sysbios_timers_timer64_Timer_Module_State_0_device__A)
                  11830100    00000050     AudioInterface.obj (.fardata:LoopBuffer)
                  11830150    00000040     InterfaceTasks.obj (.fardata:GUIFunctions)
                  11830190    00000040     app_pe674.oe674 (.fardata:ti_sysbios_hal_Hwi_Object__table__V)
                  118301d0    00000030     Note2.obj (.fardata:NoteFreqs)
                  11830200    00000030     app_pe674.oe674 (.fardata:ti_sysbios_knl_Swi_Object__table__V)
                  11830230    00000024     app_pe674.oe674 (.fardata:xdc_runtime_LoggerBuf_Object__table__V)
                  11830254    00000004     rts6740_elf.lib : _lock.obj (.fardata:_unlock)
                  11830258    00000020     app_pe674.oe674 (.fardata:ti_sysbios_gates_GateMutex_Object__table__V)
                  11830278    00000020     app_pe674.oe674 (.fardata:ti_sysbios_timers_timer64_Timer_Module_State_0_gctrl__A)
                  11830298    00000020     app_pe674.oe674 (.fardata:ti_sysbios_timers_timer64_Timer_Module_State_0_handles__A)
                  118302b8    00000020     app_pe674.oe674 (.fardata:ti_sysbios_timers_timer64_Timer_Module_State_0_intFreqs__A)
                  118302d8    00000010     app_pe674.oe674 (.fardata:ti_sysbios_knl_Queue_Object__table__V)
                  118302e8    00000010     app_pe674.oe674 (.fardata:xdc_runtime_System_Module_State_0_atexitHandlers__A)
                  118302f8    0000000c     rts6740_elf.lib : exit.obj (.fardata)
                  11830304    00000004     --HOLE--
                  11830308    0000000c     app_pe674.oe674 (.fardata:xdc_runtime_HeapStd_Object__table__V)
                  11830314    00000004     --HOLE--
                  11830318    00000008     app_pe674.oe674 (.fardata:ti_sysbios_family_c64p_primus_TimerSupport_Module_State_0_suspSrc__A)
                  11830320    00000006     Note2.obj (.fardata:HarmonicMinorIntervals)
                  11830326    00000002     --HOLE--
                  11830328    00000006     Note2.obj (.fardata:LydianIntervals)
                  1183032e    00000002     --HOLE--
                  11830330    00000006     Note2.obj (.fardata:MajorIntervals)
                  11830336    00000002     --HOLE--
                  11830338    00000006     Note2.obj (.fardata:MinorIntervals)
                  1183033e    00000002     --HOLE--
                  11830340    00000006     Note2.obj (.fardata:MixolydianIntervals)
                  11830346    00000002     --HOLE--
                  11830348    00000004     app_pe674.oe674 (.fardata:ti_sysbios_gates_GateHwi_Object__table__V)
                  1183034c    00000004     --HOLE--
                  11830350    00000004     app_pe674.oe674 (.fardata:ti_sysbios_knl_Task_Module_State_0_idleTask__A)
                  11830354    00000004     --HOLE--
                  11830358    00000003     Note2.obj (.fardata:Dominant7ChordIntervals)
                  1183035b    00000005     --HOLE--
                  11830360    00000003     Note2.obj (.fardata:Minor7ChordIntervals)
                  11830363    00000005     --HOLE--
                  11830368    00000003     Note2.obj (.fardata:Sus2ChordIntervals)
                  1183036b    00000005     --HOLE--
                  11830370    00000003     Note2.obj (.fardata:Sus4ChordIntervals)
                  11830373    00000005     --HOLE--
                  11830378    00000002     Note2.obj (.fardata:MajorChordIntervals)
                  1183037a    00000006     --HOLE--
                  11830380    00000002     Note2.obj (.fardata:MinorChordIntervals)

.switch.1 
*          0    11830788    00000078     
                  11830788    00000028     AutoTune.obj (.switch:CalculateChordShift)
                  118307b0    00000028     AutoTune.obj (.switch:CalculateScaleShift)
                  118307d8    00000018     Note2.obj (.switch:CreateChord)
                  118307f0    00000010     gpio.obj (.switch:GPIOIntTypeSet)

.cio       0    11830a00    00000120     UNINITIALIZED
                  11830a00    00000120     rts6740_elf.lib : trgmsg.obj (.cio)

.switch.2 
*          0    11830b20    00000014     
                  11830b20    00000014     Note2.obj (.switch:CreateScale)

.lcdFrames 
*          0    40000000    0003fc40     UNINITIALIZED
                  40000000    0003fc20     LCD.obj (.lcdFrames:uninit)
                  4003fc20    00000020     LCD.obj (.lcdFrames:init)

xdc.meta   0    11800000    00000110     COPY SECTION
                  11800000    00000110     app_pe674.oe674 (xdc.meta)

MODULE SUMMARY

       Module                     code    ro data   rw data
       ------                     ----    -------   -------
    .\
       AudioTasks.obj             1664    0         53253  
       InterfaceTasks.obj         1792    0         64     
       main.obj                   384     0         0      
    +--+--------------------------+-------+---------+---------+
       Total:                     3840    0         53317  
                                                           
    .\AudioInterface\
       AudioInterface.obj         1824    64        10348  
       aic31.obj                  1216    0         0      
       codecif.obj                1088    0         24     
    +--+--------------------------+-------+---------+---------+
       Total:                     4128    64        10372  
                                                           
    .\DSPLIB\
       DSPF_sp_ifftSPxSP_cn.obj   1120    0         0      
       DSPF_sp_fftSPxSP_cn.obj    864     0         0      
       DSPF_sp_maxval.obj         160     0         0      
       DSPF_sp_minval.obj         160     0         0      
       DSPF_sp_vecmul.obj         96      0         0      
    +--+--------------------------+-------+---------+---------+
       Total:                     2400    0         0      
                                                           
    .\MicCheckPeripherals\
       LCD.obj                    2688    32        261161 
       leds.obj                   960     0         1      
       MicInterface.obj           416     0         12     
    +--+--------------------------+-------+---------+---------+
       Total:                     4064    32        261174 
                                                           
    .\Starterware\
       edma.obj                   4640    0         4      
       mcasp.obj                  2528    0         0      
       raster.obj                 2272    0         0      
       uart.obj                   832     0         0      
       gpio.obj                   704     16        0      
       i2c.obj                    544     0         0      
       psc.obj                    384     0         0      
    +--+--------------------------+-------+---------+---------+
       Total:                     11904   16        4      
                                                           
    .\VocalEffects\
       RazFFT.obj                 7232    64        16405  
       dywapitchtrack.obj         3136    0         12288  
       SexyPitchShift.obj         768     0         4104   
       HammingWindow.obj          0       4096      0      
       AutoTune.obj               1696    80        0      
       Note2.obj                  928     44        94     
       MicCheckPreset.obj         0       0         440    
    +--+--------------------------+-------+---------+---------+
       Total:                     13760   4284      33331  
                                                           
    C:\Users\Raz Aloni\OneDrive\School\EEL4924\DSP\DSP_Workspace\DSP_MicCheckRev2\Debug\configPkg\package\cfg\
       app_pe674.oe674            4480    1238      10012  
    +--+--------------------------+-------+---------+---------+
       Total:                     4480    1238      10012  
                                                           
    C:\Users\Raz Aloni\OneDrive\School\EEL4924\DSP\DSP_Workspace\DSP_MicCheckRev2\src\sysbios\sysbios.ae674
       BIOS.obj                   19520   1304      0      
       c64p_Hwi_disp_always.obj   512     0         0      
       c64p_Exception_asm.obj     384     0         0      
       c62_TaskSupport_asm.obj    224     0         0      
       c64p_Hwi_asm_switch.obj    192     0         0      
    +--+--------------------------+-------+---------+---------+
       Total:                     20832   1304      0      
                                                           
    C:\ti\bios_6_50_00_10\packages\ti\targets\rts6000\lib\boot.ae674
       autoinit.oe674             288     0         0      
       boot.oe674                 160     0         0      
    +--+--------------------------+-------+---------+---------+
       Total:                     448     0         0      
                                                           
    C:\ti\bios_6_50_00_10\packages\ti\targets\rts6000\lib\ti.targets.rts6000.ae674
       System.oe674               3232    24        0      
       LoggerBuf.oe674            2592    0         0      
       HeapStd.oe674              1824    0         0      
       Text.oe674                 1600    64        0      
       Error.oe674                1152    88        0      
       Startup.oe674              896     44        0      
       Core-mem.oe674             896     0         0      
       SysMin.oe674               704     0         0      
       Memory.oe674               448     0         0      
       Core-smem.oe674            416     0         0      
       Assert.oe674               192     4         0      
       Core-params.oe674          160     0         0      
       Core-label.oe674           128     0         0      
       Gate.oe674                 64      0         0      
       Registry.oe674             64      0         0      
       xdc_noinit.oe674           32      0         0      
    +--+--------------------------+-------+---------+---------+
       Total:                     14400   224       0      
                                                           
    C:\ti\ccsv7\tools\compiler\ti-cgt-c6000_8.1.3\lib\rts6740_elf.lib
       imath64.obj                704     0         0      
       divf.obj                   672     0         0      
       trgmsg.obj                 256     0         288    
       copy_decompress_rle.obj    288     0         0      
       exit.obj                   224     0         12     
       trgdrv.obj                 224     0         8      
       llshift.obj                224     0         0      
       memset.obj                 224     0         0      
       divu.obj                   192     0         0      
       tls.obj                    192     0         0      
       memcpy64.obj               160     0         0      
       remu.obj                   160     0         0      
       _lock.obj                  96      0         8      
       args_main.obj              64      0         0      
       copy_decompress_none.obj   32      0         0      
       copy_zero_init.obj         32      0         0      
    +--+--------------------------+-------+---------+---------+
       Total:                     3744    0         316    
                                                           
       Stack:                     0       0         1024   
       Linker Generated:          0       1795      0      
    +--+--------------------------+-------+---------+---------+
       Grand Total:               84000   8957      369550 


LINKER GENERATED COPY TABLES

__TI_cinit_table @ 40040318 records: 6, size/record: 8, table size: 48
	.fardata: load addr=4003fc40, load size=00000644 bytes, run addr=1182fa30, run size=00000952 bytes, compression=rle
	.rodata: load addr=40040284, load size=0000004a bytes, run addr=11830b74, run size=00000044 bytes, compression=rle
	.neardata: load addr=400402d0, load size=00000018 bytes, run addr=11830b54, run size=0000001e bytes, compression=rle
	.lcdFrames: load addr=400402e8, load size=00000011 bytes, run addr=40000000, run size=0003fc40 bytes, compression=rle
	.bss: load addr=40040308, load size=00000008 bytes, run addr=11830b34, run size=0000001e bytes, compression=zero_init
	.far: load addr=40040310, load size=00000008 bytes, run addr=118000a0, run size=000198f8 bytes, compression=zero_init


LINKER GENERATED HANDLER TABLE

__TI_handler_table @ 400402fc records: 3, size/record: 4, table size: 12
	index: 0, handler: __TI_zero_init
	index: 1, handler: __TI_decompress_rle24
	index: 2, handler: __TI_decompress_none


GLOBAL SYMBOLS: SORTED ALPHABETICALLY BY Name 

address   name                                                                
-------   ----                                                                
11822e44  AIC31ADCInit                                                        
11822db8  AIC31BypassInit                                                     
11822d24  AIC31DACInit                                                        
11822cac  AIC31DataConfig                                                     
11822c98  AIC31LeftPGAGain                                                    
11822c68  AIC31Reset                                                          
11822a60  AIC31SampleRateConfig                                               
11820794  AudioDataReady                                                      
11830b7c  AudioRxBufferQueue                                                  
11830b80  AudioRxQueueSem                                                     
11820748  AudioTransferErrors                                                 
11830b74  AudioTsk                                                            
118206f0  AudioTxActivate                                                     
118206d8  AudioUpdateLeftGain                                                 
11822310  AutoTuneGetNote                                                     
11822218  AutoTuneShiftCalc                                                   
11830b9c  BtnTsk                                                              
1182d6a0  C$$EXIT                                                             
1182b920  C$$IO$$                                                             
11822020  CalculateChordShift                                                 
11821e04  CalculateScaleShift                                                 
11823e84  ClearLEDS                                                           
118236a8  CodecRegBitClr                                                      
118235e0  CodecRegBitSet                                                      
1182356c  CodecRegRead                                                        
11823508  CodecRegWrite                                                       
11824144  CreateChord                                                         
11823fa0  CreateScale                                                         
11830b5c  CurrentPreset                                                       
118246e0  DSPF_sp_fftSPxSP_cn                                                 
11822f20  DSPF_sp_ifftSPxSP_cn                                                
1182b020  DSPF_sp_maxval                                                      
1182b0c0  DSPF_sp_minval                                                      
1182c640  DSPF_sp_vecmul                                                      
11822980  DeviationDisplay                                                    
11830358  Dominant7ChordIntervals                                             
1181c7e4  EDMA3ChannelToParamMap                                              
1181c728  EDMA3ClearErrorBits                                                 
1181c304  EDMA3ClrCCErr                                                       
1181be6c  EDMA3ClrEvt                                                         
1181c6e8  EDMA3ClrIntr                                                        
1181bd90  EDMA3ClrMissEvt                                                     
1181c578  EDMA3ContextRestore                                                 
1181c3e0  EDMA3ContextSave                                                    
1181c30c  EDMA3Deinit                                                         
1181bfa4  EDMA3DisableChInShadowReg                                           
1181be00  EDMA3DisableDmaEvt                                                  
1181c02c  EDMA3DisableEvtIntr                                                 
1181be4c  EDMA3DisableQdmaEvt                                                 
1181bec0  EDMA3DisableTransfer                                                
1181b740  EDMA3EnableChInShadowReg                                            
1181c1ac  EDMA3EnableDmaEvt                                                   
1181b84c  EDMA3EnableEvtIntr                                                  
1181c200  EDMA3EnableQdmaEvt                                                  
1181c220  EDMA3EnableTransfer                                                 
1181c1a4  EDMA3ErrIntrHighStatusGet                                           
1181c080  EDMA3FreeChannel                                                    
1181bd88  EDMA3GetCCErrStatus                                                 
1181bd80  EDMA3GetErrIntrStatus                                               
1181bd68  EDMA3GetIntrStatus                                                  
1181bcf0  EDMA3GetPaRAM                                                       
1181bc08  EDMA3Init                                                           
1181bbec  EDMA3IntrStatusHighGet                                              
1181b7c8  EDMA3MapChToEvtQ                                                    
1181bb6c  EDMA3MapQdmaChToPaRAM                                               
1181bb64  EDMA3PeripheralIdGet                                                
1181bb2c  EDMA3QdmaClrMissEvt                                                 
1181bb24  EDMA3QdmaGetErrIntrStatus                                           
1181bab4  EDMA3QdmaGetPaRAM                                                   
1181ba94  EDMA3QdmaGetPaRAMEntry                                              
1181ba20  EDMA3QdmaSetPaRAM                                                   
1181ba00  EDMA3QdmaSetPaRAMEntry                                              
1181b8a0  EDMA3RequestChannel                                                 
1181b6e4  EDMA3SetEvt                                                         
1181b668  EDMA3SetPaRAM                                                       
1181b648  EDMA3SetQdmaTrigWord                                                
1181b5e4  EDMA3UnmapChToEvtQ                                                  
1181b5e0  EDMAVersionGet                                                      
11830b84  EDMA_Hwi                                                            
40000000  FrameBuffer                                                         
11830b6c  FrameBufferData                                                     
11825680  GPIOBankIntDisable                                                  
11825664  GPIOBankIntEnable                                                   
11825620  GPIOBankPinsWrite                                                   
118255ec  GPIODirModeGet                                                      
11825590  GPIODirModeSet                                                      
11825548  GPIOIntTypeGet                                                      
118254b0  GPIOIntTypeSet                                                      
1182548c  GPIOPinIntClear                                                     
11825458  GPIOPinIntStatus                                                    
11825428  GPIOPinRead                                                         
118253e0  GPIOPinWrite                                                        
11830150  GUIFunctions                                                        
11821d40  GetNote                                                             
11829f20  HOSTwrite                                                           
1182df20  HammingWindow                                                       
11830320  HarmonicMinorIntervals                                              
1181ddc8  I2CByteEvent                                                        
11823460  I2CCodecIfInit                                                      
11823380  I2CCodecIsr                                                         
11826974  I2CDMARxEventDisable                                                
11826960  I2CDMARxEventEnable                                                 
1182694c  I2CDMATxEventDisable                                                
11826934  I2CDMATxEventEnable                                                 
1182692c  I2CDMATxRxEventDisable                                              
11826924  I2CInterruptVectorGet                                               
11826914  I2CMasterBusBusy                                                    
11826900  I2CMasterControl                                                    
118268f4  I2CMasterDataGet                                                    
118268f0  I2CMasterDataPut                                                    
118268e0  I2CMasterDisable                                                    
118268b0  I2CMasterEnable                                                     
118268a4  I2CMasterErr                                                        
11826850  I2CMasterInitExpClk                                                 
1182684c  I2CMasterIntClearEx                                                 
11826838  I2CMasterIntDisableEx                                               
11826824  I2CMasterIntEnableEx                                                
11826818  I2CMasterIntStatus                                                  
1182680c  I2CMasterIsBusy                                                     
11826808  I2CMasterSlaveAddrSet                                               
118267f4  I2CMasterStart                                                      
118267e4  I2CMasterStop                                                       
118267e0  I2COwnAddressSet                                                    
118267d8  I2CSetDataCount                                                     
118267d0  I2CSlaveAddressGet                                                  
118267c8  I2CSlaveDataGet                                                     
118267c4  I2CSlaveDataPut                                                     
118267c0  I2CSlaveIntClearEx                                                  
118267ac  I2CSlaveIntDisableEx                                                
11826794  I2CSlaveIntEnableEx                                                 
1182678c  I2CSlaveIntStatus                                                   
11826784  I2CSlaveIntStatusEx                                                 
11826780  I2CStatusClear                                                      
11830ba8  I2CTransferCompleteSem                                              
11830bb0  I2C_Hwi                                                             
11820410  InitAudioInterface                                                  
11823d2c  InitLEDS                                                            
11820f8c  LCDTask                                                             
11820ec0  LCDTouchTask                                                        
11830b78  LCDTsk                                                              
1181ddc4  LCDVersionGet                                                       
1181dd48  LCD_CommandReceive                                                  
1181dcb4  LCD_CommandSend                                                     
1181dc20  LCD_DrawImage                                                       
1181db60  LCD_DrawImageAlpha                                                  
1181da60  LCD_DrawRectangle                                                   
11830b8c  LCD_Error_Hwi                                                       
1181da2c  LCD_FrameSyncLostFix                                                
1181d800  LCD_GpioInit                                                        
1181d604  LCD_RasterInit                                                      
1181d534  LCD_ReadTouchReg                                                    
1181d448  LCD_TouchInit                                                       
1181d440  LCD_TouchScreenEvent                                                
11830328  LydianIntervals                                                     
11830b88  MCASP_Error_Hwi                                                     
1180eeb0  MagsPhases                                                          
11822460  MainAudioProcessingTask                                             
11830378  MajorChordIntervals                                                 
11830330  MajorIntervals                                                      
11830b60  MasterVolume                                                        
1181e85c  McASPAMUTEINActivate                                                
1181e848  McASPAMuteDisable                                                   
1181e834  McASPAMuteEnable                                                    
1181e700  McASPContextRestore                                                 
1181e600  McASPContextSave                                                    
1181e5ec  McASPPinDirInputSet                                                 
1181e5d8  McASPPinDirOutputSet                                                
1181e5c4  McASPPinGPIOSet                                                     
[...]
1182f870  ti_sysbios_family_c64p_Cache_MAR192_223__C                          
1182f874  ti_sysbios_family_c64p_Cache_MAR224_255__C                          
1182f878  ti_sysbios_family_c64p_Cache_MAR32_63__C                            
1182f87c  ti_sysbios_family_c64p_Cache_MAR64_95__C                            
1182f880  ti_sysbios_family_c64p_Cache_MAR96_127__C                           
1182f884  ti_sysbios_family_c64p_Exception_E_exceptionMax__C                  
1182f888  ti_sysbios_family_c64p_Exception_exceptionHook__C                   
1182f88c  ti_sysbios_family_c64p_Exception_externalHook__C                    
1182f890  ti_sysbios_family_c64p_Exception_internalHook__C                    
1182f894  ti_sysbios_family_c64p_Exception_nmiHook__C                         
1182f898  ti_sysbios_gates_GateMutex_A_badContext__C                          
1182f89c  ti_sysbios_gates_GateMutex_Instance_State_sem__O                    
1182f8a0  ti_sysbios_gates_GateMutex_Module__diagsEnabled__C                  
1182f8a4  ti_sysbios_gates_GateMutex_Module__diagsIncluded__C                 
1182f8a8  ti_sysbios_gates_GateMutex_Module__diagsMask__C                     
1182f8ac  ti_sysbios_hal_Hwi_E_stackOverflow__C                               
1182f8b0  ti_sysbios_knl_Clock_Module_State_clockQ__O                         
1182f8b4  ti_sysbios_knl_Semaphore_A_badContext__C                            
1182f8b8  ti_sysbios_knl_Semaphore_A_noEvents__C                              
1182f8bc  ti_sysbios_knl_Semaphore_A_overflow__C                              
1182f8c0  ti_sysbios_knl_Semaphore_A_pendTaskDisabled__C                      
1182f8c4  ti_sysbios_knl_Semaphore_Instance_State_pendQ__O                    
1182f8c8  ti_sysbios_knl_Semaphore_Module__diagsEnabled__C                    
1182f8cc  ti_sysbios_knl_Semaphore_Module__diagsIncluded__C                   
1182f8d0  ti_sysbios_knl_Semaphore_Module__diagsMask__C                       
1182f8d4  ti_sysbios_knl_Swi_Object__count__C                                 
1182f8d8  ti_sysbios_knl_Task_A_badTimeout__C                                 
1182f8dc  ti_sysbios_knl_Task_A_sleepTaskDisabled__C                          
1182f8e0  ti_sysbios_knl_Task_E_spOutOfBounds__C                              
1182f8e4  ti_sysbios_knl_Task_E_stackOverflow__C                              
1182f8e8  ti_sysbios_knl_Task_Module_State_inactiveQ__O                       
1182f8ec  ti_sysbios_knl_Task_Module__diagsEnabled__C                         
1182f8f0  ti_sysbios_knl_Task_Module__diagsIncluded__C                        
1182f8f4  ti_sysbios_knl_Task_Module__diagsMask__C                            
1182f8f8  ti_sysbios_knl_Task_Object__count__C                                
1182f8fc  ti_sysbios_knl_Task_allBlockedFunc__C                               
1182f900  ti_sysbios_knl_Task_numConstructedTasks__C                          
1182f904  ti_sysbios_timers_timer64_Timer_A_notAvailable__C                   
1182f908  ti_sysbios_timers_timer64_Timer_E_cannotSupport__C                  
1182f90c  ti_sysbios_timers_timer64_Timer_Module__diagsEnabled__C             
1182f910  ti_sysbios_timers_timer64_Timer_Module__diagsIncluded__C            
1182f914  ti_sysbios_timers_timer64_Timer_Module__diagsMask__C                
1182f918  ti_sysbios_timers_timer64_Timer_anyMaskHigh__C                      
1182f91c  ti_sysbios_timers_timer64_Timer_anyMask__C                          
1182f920  ti_sysbios_timers_timer64_Timer_freqDivisor__C                      
1182f924  ti_sysbios_timers_timer64_Timer_numLocalTimers__C                   
1182f928  ti_sysbios_timers_timer64_Timer_numTimerDevices__C                  
1182f92c  xdc_runtime_Assert_E_assertFailed__C                                
1182f930  xdc_runtime_Core_A_initializedParams__C                             
1182f934  xdc_runtime_Core_Module__diagsEnabled__C                            
1182f938  xdc_runtime_Core_Module__diagsIncluded__C                           
1182f93c  xdc_runtime_Core_Module__diagsMask__C                               
1182f940  xdc_runtime_Error_E_memory__C                                       
1182f944  xdc_runtime_Error_Module__diagsEnabled__C                           
1182f948  xdc_runtime_Error_Module__diagsIncluded__C                          
1182f94c  xdc_runtime_Error_Module__diagsMask__C                              
1182f950  xdc_runtime_Error_Module__loggerFxn8__C                             
1182f954  xdc_runtime_Error_Module__loggerObj__C                              
1182f958  xdc_runtime_Error_policyFxn__C                                      
1182f95c  xdc_runtime_Error_policy__C                                         
1182f960  xdc_runtime_Error_raiseHook__C                                      
1182f964  xdc_runtime_HeapStd_A_align__C                                      
1182f968  xdc_runtime_HeapStd_A_invalidTotalFreeSize__C                       
1182f96c  xdc_runtime_HeapStd_A_zeroSize__C                                   
1182f970  xdc_runtime_HeapStd_E_noRTSMemory__C                                
1182f974  xdc_runtime_HeapStd_Module__diagsEnabled__C                         
1182f978  xdc_runtime_HeapStd_Module__diagsIncluded__C                        
1182f97c  xdc_runtime_HeapStd_Module__diagsMask__C                            
1182f980  xdc_runtime_IFilterLogger_Interface__BASE__C                        
1182f984  xdc_runtime_IGateProvider_Interface__BASE__C                        
1182f988  xdc_runtime_IHeap_Interface__BASE__C                                
1182f98c  xdc_runtime_ILogger_Interface__BASE__C                              
1182f990  xdc_runtime_IModule_Interface__BASE__C                              
1182f994  xdc_runtime_Log_L_error__C                                          
1182f998  xdc_runtime_LoggerBuf_E_badLevel__C                                 
1182f99c  xdc_runtime_LoggerBuf_Module__gateObj__C                            
1182f9a0  xdc_runtime_LoggerBuf_Object__count__C                              
1182f9a4  xdc_runtime_LoggerBuf_statusLogger__C                               
1182f9a8  xdc_runtime_Memory_defaultHeapInstance__C                           
1182f9ac  xdc_runtime_Startup_execImpl__C                                     
1182f9b0  xdc_runtime_Startup_firstFxns__A                                    
1182f9b4  xdc_runtime_Startup_maxPasses__C                                    
1182f9b8  xdc_runtime_Startup_sfxnRts__C                                      
1182f9bc  xdc_runtime_Startup_sfxnTab__C                                      
1182f9c0  xdc_runtime_SysMin_bufSize__C                                       
1182f9c4  xdc_runtime_SysMin_outputFunc__C                                    
1182f9c8  xdc_runtime_System_Module__gateObj__C                               
1182f9cc  xdc_runtime_System_abortFxn__C                                      
1182f9d0  xdc_runtime_System_exitFxn__C                                       
1182f9d4  xdc_runtime_System_extendFxn__C                                     
1182f9d8  xdc_runtime_System_maxAtexitHandlers__C                             
1182f9dc  xdc_runtime_Text_charTab__C                                         
1182f9e0  xdc_runtime_Text_nameEmpty__C                                       
1182f9e4  xdc_runtime_Text_nameStatic__C                                      
1182f9e8  xdc_runtime_Text_nameUnknown__C                                     
1182f9ec  xdc_runtime_Text_visitRopeFxn__C                                    
1182f9f0  xdc_runtime_Text_nodeTab__A                                         
1182f9f4  ti_sysbios_family_c64p_Cache_Module__id__C                          
1182f9f6  ti_sysbios_family_c64p_Exception_Module__id__C                      
1182f9f8  ti_sysbios_family_c64p_Exception_useInternalBuffer__C               
1182f9fa  ti_sysbios_gates_GateMutex_Module__id__C                            
1182f9fc  ti_sysbios_hal_Hwi_Module__id__C                                    
1182f9fe  ti_sysbios_knl_Semaphore_Module__id__C                              
1182fa00  ti_sysbios_knl_Task_Module__id__C                                   
1182fa02  ti_sysbios_timers_timer64_Timer_Module__id__C                       
1182fa04  ti_sysbios_timers_timer64_Timer_startupNeeded__C                    
1182fa06  ti_sysbios_timers_timer64_Timer_useTimer64pRegMap__C                
1182fa08  xdc_runtime_Core_Module__id__C                                      
1182fa0a  xdc_runtime_Error_Module__loggerDefined__C                          
1182fa0c  xdc_runtime_Error_maxDepth__C                                       
1182fa0e  xdc_runtime_HeapStd_Module__id__C                                   
1182fa10  xdc_runtime_LoggerBuf_Module__id__C                                 
1182fa12  xdc_runtime_LoggerBuf_filterByLevel__C                              
1182fa14  xdc_runtime_Memory_Module__id__C                                    
1182fa16  xdc_runtime_SysMin_flushAtExit__C                                   
1182fa18  xdc_runtime_Text_charCnt__C                                         
1182fa1a  xdc_runtime_Text_isLoaded__C                                        
1182fa1c  xdc_runtime_Text_registryModsLastId__C                              
1182fa1e  xdc_runtime_Text_unnamedModsLastId__C                               
1182fa20  ti_sysbios_timers_timer64_Timer_localTimerBaseId__C                 
1182fa28  xdc_runtime_Text_charTab__A                                         
1182fa30  xdc_runtime_Error_IgnoreBlock                                       
1182fa50  ti_sysbios_BIOS_Module__state__V                                    
1182fa74  ti_sysbios_family_c64p_Cache_Module__state__V                       
1182fa78  ti_sysbios_family_c64p_Exception_Module__state__V                   
1182faa8  ti_sysbios_family_c64p_Hwi_Module__root__V                          
1182fab0  ti_sysbios_family_c64p_Hwi_Module__state__V                         
1182fb1c  ti_sysbios_family_c64p_primus_TimerSupport_Module__state__V         
1182fb20  ti_sysbios_gates_GateHwi_Module__root__V                            
1182fb28  ti_sysbios_gates_GateMutex_Module__root__V                          
1182fb30  ti_sysbios_hal_Hwi_Module__root__V                                  
1182fb38  ti_sysbios_knl_Clock_Module__root__V                                
1182fb40  ti_sysbios_knl_Clock_Module__state__V                               
1182fb6c  ti_sysbios_knl_Queue_Module__root__V                                
1182fb74  ti_sysbios_knl_Semaphore_Module__root__V                            
1182fb7c  ti_sysbios_knl_Swi_Module__root__V                                  
1182fb84  ti_sysbios_knl_Swi_Module__state__V                                 
1182fba0  ti_sysbios_knl_Task_Module__root__V                                 
1182fba8  ti_sysbios_knl_Task_Module__state__V                                
1182fbec  ti_sysbios_timers_timer64_Timer_Module__root__V                     
1182fbf4  ti_sysbios_timers_timer64_Timer_Module__state__V                    
1182fc0c  xdc_runtime_Error_Module__state__V                                  
1182fc10  xdc_runtime_HeapStd_Module__root__V                                 
1182fc18  xdc_runtime_HeapStd_Module__state__V                                
1182fc1c  xdc_runtime_LoggerBuf_Module__root__V                               
1182fc24  xdc_runtime_LoggerBuf_Module__state__V                              
1182fc2c  xdc_runtime_Memory_Module__state__V                                 
1182fc30  xdc_runtime_Registry_Module__state__V                               
1182fc38  xdc_runtime_Startup_Module__state__V                                
1182fc40  xdc_runtime_SysMin_Module__state__V                                 
1182fc4c  xdc_runtime_System_Module__state__V                                 
1182fc54  xdc_runtime_Text_Module__state__V                                   
1182fc5c  __xdc__init__addr                                                   
1182fc60  ti_sysbios_knl_Task_Object__table__V                                
1182fddc  _lock                                                               
1182fde0  ti_sysbios_family_c64p_Hwi_Object__table__V                         
1182fea0  ti_sysbios_timers_timer64_Timer_Object__table__V                    
1182ff40  ti_sysbios_knl_Swi_Module_State_0_readyQ__A                         
1182ffc0  ti_sysbios_knl_Task_Module_State_0_readyQ__A                        
11830040  ti_sysbios_knl_Semaphore_Object__table__V                           
118300a0  ti_sysbios_timers_timer64_Timer_Module_State_0_device__A            
11830150  GUIFunctions                                                        
11830190  ti_sysbios_hal_Hwi_Object__table__V                                 
118301d0  NoteFreqs                                                           
11830200  ti_sysbios_knl_Swi_Object__table__V                                 
11830230  xdc_runtime_LoggerBuf_Object__table__V                              
11830254  _unlock                                                             
11830258  ti_sysbios_gates_GateMutex_Object__table__V                         
11830278  ti_sysbios_timers_timer64_Timer_Module_State_0_gctrl__A             
11830298  ti_sysbios_timers_timer64_Timer_Module_State_0_handles__A           
118302b8  ti_sysbios_timers_timer64_Timer_Module_State_0_intFreqs__A          
118302d8  ti_sysbios_knl_Queue_Object__table__V                               
118302e8  xdc_runtime_System_Module_State_0_atexitHandlers__A                 
118302f8  __TI_cleanup_ptr                                                    
118302fc  __TI_dtors_ptr                                                      
11830300  __TI_enable_exit_profile_output                                     
11830308  xdc_runtime_HeapStd_Object__table__V                                
11830318  ti_sysbios_family_c64p_primus_TimerSupport_Module_State_0_suspSrc__A
11830320  HarmonicMinorIntervals                                              
11830328  LydianIntervals                                                     
11830330  MajorIntervals                                                      
11830338  MinorIntervals                                                      
11830340  MixolydianIntervals                                                 
11830348  ti_sysbios_gates_GateHwi_Object__table__V                           
11830350  ti_sysbios_knl_Task_Module_State_0_idleTask__A                      
11830358  Dominant7ChordIntervals                                             
11830360  Minor7ChordIntervals                                                
11830368  Sus2ChordIntervals                                                  
11830370  Sus4ChordIntervals                                                  
11830378  MajorChordIntervals                                                 
11830380  MinorChordIntervals                                                 
11830388  _stack                                                              
11830788  __TI_STACK_END                                                      
11830800  ti_sysbios_family_c64p_Hwi0                                         
11830800  ti_sysbios_family_c64p_Hwi_int0                                     
11830820  ti_sysbios_family_c64p_Hwi_int1                                     
11830840  ti_sysbios_family_c64p_Hwi_int2                                     
11830860  ti_sysbios_family_c64p_Hwi_int3                                     
11830880  ti_sysbios_family_c64p_Hwi_int4                                     
118308a0  ti_sysbios_family_c64p_Hwi_int5                                     
118308c0  ti_sysbios_family_c64p_Hwi_int6                                     
118308e0  ti_sysbios_family_c64p_Hwi_int7                                     
11830900  ti_sysbios_family_c64p_Hwi_int8                                     
11830920  ti_sysbios_family_c64p_Hwi_int9                                     
11830940  ti_sysbios_family_c64p_Hwi_int10                                    
11830960  ti_sysbios_family_c64p_Hwi_int11                                    
11830980  ti_sysbios_family_c64p_Hwi_int12                                    
118309a0  ti_sysbios_family_c64p_Hwi_int13                                    
118309c0  ti_sysbios_family_c64p_Hwi_int14                                    
118309e0  ti_sysbios_family_c64p_Hwi_int15                                    
11830a00  __CIOBUF_                                                           
11830b34  __TI_STATIC_BASE                                                    
11830b40  regionId                                                            
11830b44  savedBase                                                           
11830b5c  CurrentPreset                                                       
11830b60  MasterVolume                                                        
11830b64  dataIdx                                                             
11830b68  txCompFlag                                                          
11830b6c  FrameBufferData                                                     
11830b74  AudioTsk                                                            
11830b78  LCDTsk                                                              
11830b7c  AudioRxBufferQueue                                                  
11830b80  AudioRxQueueSem                                                     
11830b84  EDMA_Hwi                                                            
11830b88  MCASP_Error_Hwi                                                     
11830b8c  LCD_Error_Hwi                                                       
11830b90  MicButtonHwi                                                        
11830b94  MicButtonQueue                                                      
11830b98  MicButtonQueueSem                                                   
11830b9c  BtnTsk                                                              
11830ba0  TouchScreen_Hwi                                                     
11830ba4  TouchEventSem                                                       
11830ba8  I2CTransferCompleteSem                                              
11830bac  TouchTsk                                                            
11830bb0  I2C_Hwi                                                             
11830bb4  PhaseTimer                                                          
40000000  FrameBuffer                                                         
4003fc20  Pallete                                                             
400402fc  __TI_Handler_Table_Base                                             
40040308  __TI_Handler_Table_Limit                                            
40040318  __TI_CINIT_Base                                                     
40040348  __TI_CINIT_Limit                                                    
ffffffff  __TI_pprof_out_hndl                                                 
ffffffff  __TI_prof_data_size                                                 
ffffffff  __TI_prof_data_start                                                
ffffffff  __binit__                                                           
ffffffff  __c_args__                                                          
ffffffff  binit                                                               
UNDEFED   __TI_INITARRAY_Base                                                 
UNDEFED   __TI_INITARRAY_Limit                                                
UNDEFED   __TI_TLS_INIT_Base                                                  
UNDEFED   __TI_TLS_INIT_Limit                                                 

[868 symbols]
