******************************************************************************
               TMS320C6x Linker PC v8.1.3                      
******************************************************************************
>> Linked Thu Apr 20 05:58:59 2017

OUTPUT FILE NAME:   <DSP_LCD_SLAVE.out>
ENTRY POINT SYMBOL: "_c_int00"  address: 11800000


MEMORY CONFIGURATION

         name            origin    length      used     unused   attr    fill
----------------------  --------  ---------  --------  --------  ----  --------
  IROM                  11700000   00100000  00000000  00100000  R  X
  IRAM                  11800000   00040000  0000f2cf  00030d31  RW X
  SDRAM                 40000000   02000000  00000000  02000000  RW  
  L3_CBA_RAM            80000000   00020000  00000000  00020000  RW X
  DDR                   c0000000   08000000  0018f040  07e70fc0  RW  


SEGMENT ALLOCATION MAP

run origin  load origin   length   init length attrs members
----------  ----------- ---------- ----------- ----- -------
11800000    11800000    0000c6c0   0000c6c0    r-x
  11800000    11800000    000000a0   000000a0    r-x .text:_c_int00
  118000a0    118000a0    0000c620   0000c620    r-x .text
1180c6c0    1180c6c0    000012b8   00000000    rw-
  1180c6c0    1180c6c0    000012b8   00000000    rw- .far
1180d978    1180d978    00000a79   00000a79    r--
  1180d978    1180d978    00000a79   00000a79    r-- .const
1180e3f8    1180e3f8    00000b30   00000000    rw-
  1180e3f8    1180e3f8    0000072a   00000000    rw- .fardata
  1180eb28    1180eb28    00000400   00000000    rw- .stack
1180ef28    1180ef28    00000078   00000078    r--
  1180ef28    1180ef28    00000078   00000078    r-- .switch
1180efa0    1180efa0    0000000c   00000000    rw-
  1180efa0    1180efa0    0000000c   00000000    rw- .neardata
1180efac    1180efac    00000010   00000000    r--
  1180efac    1180efac    00000010   00000000    r-- .rodata
1180f000    1180f000    00000200   00000200    r-x
  1180f000    1180f000    00000200   00000200    r-x .vecs
1180f200    1180f200    00000120   00000000    rw-
  1180f200    1180f200    00000120   00000000    rw- .cio
c0000000    c0000000    0012af00   00000000    rw-
  c0000000    c0000000    0012af00   00000000    rw- .lcdFrames
c012af00    c012af00    00064140   00064140    r--
  c012af00    c012af00    00064140   00064140    r-- .cinit


SECTION ALLOCATION MAP

 output                                  attributes/
section   page    origin      length       input sections
--------  ----  ----------  ----------   ----------------
.text:_c_int00 
*          0    11800000    000000a0     
                  11800000    000000a0     boot.ae674 : boot.oe674 (.text:_c_int00)

.stack     0    1180eb28    00000400     UNINITIALIZED
                  1180eb28    00000008     boot.ae674 : boot.oe674 (.stack)
                  1180eb30    000003f8     --HOLE--

.bss       0    1180efa0    00000000     UNINITIALIZED

.neardata 
*          0    1180efa0    0000000c     UNINITIALIZED
                  1180efa0    00000008     MicCheckPreset.obj (.neardata)
                  1180efa8    00000004     LCD.obj (.neardata)

.rodata    0    1180efac    00000010     UNINITIALIZED
                  1180efac    00000010     app_pe674.oe674 (.rodata)

.cinit     0    c012af00    00064140     
                  c012af00    00063bb0     (.cinit..lcdFrames.load) [load image, compression = rle]
                  c018eab0    00000529     (.cinit..fardata.load) [load image, compression = rle]
                  c018efd9    00000003     --HOLE-- [fill = 0]
                  c018efdc    00000016     (.cinit..rodata.load) [load image, compression = rle]
                  c018eff2    00000002     --HOLE-- [fill = 0]
                  c018eff4    0000000f     (.cinit..neardata.load) [load image, compression = rle]
                  c018f003    00000001     --HOLE-- [fill = 0]
                  c018f004    0000000c     (__TI_handler_table)
                  c018f010    00000008     (.cinit..far.load) [load image, compression = zero_init]
                  c018f018    00000028     (__TI_cinit_table)

.init_array 
*          0    11800000    00000000     UNINITIALIZED

.text      0    118000a0    0000c620     
                  118000a0    00000a80     InterfaceTasks.obj (.text)
                  11800b20    000008e0     raster.obj (.text)
                  11801400    000008a0     ti.targets.rts6000.ae674 : System.oe674 (.text:xdc_runtime_System_doPrint__I)
                  11801ca0    000007e0     LCD.obj (.text)
                  11802480    00000780     sysbios.ae674 : BIOS.obj (.text:ti_sysbios_family_c64p_Exception_handler__I)
                  11802c00    000006c0                   : BIOS.obj (.text:ti_sysbios_knl_Semaphore_pend__E)
                  118032c0    000006c0                   : BIOS.obj (.text:ti_sysbios_timers_timer64_Timer_Module_startup__E)
                  11803980    000003a0     Note2.obj (.text)
                  11803d20    000003a0     ti.targets.rts6000.ae674 : HeapStd.oe674 (.text:xdc_runtime_HeapStd_alloc__E)
                  118040c0    00000360     sysbios.ae674 : BIOS.obj (.text:ti_sysbios_timers_timer64_Timer_deviceConfig__I)
                  11804420    000002c0     gpio.obj (.text)
                  118046e0    000002c0     ti.targets.rts6000.ae674 : LoggerBuf.oe674 (.text:xdc_runtime_LoggerBuf_write8__E)
                  118049a0    00000260     rts6740_elf.lib : imath64.obj (.text:__c6xabi_divull)
                  11804c00    00000260     ti.targets.rts6000.ae674 : Startup.oe674 (.text:xdc_runtime_Startup_startMods__I)
                  11804e60    00000240     sysbios.ae674 : BIOS.obj (.text:ti_sysbios_family_c64p_Exception_internalHandler__I)
                  118050a0    00000240     ti.targets.rts6000.ae674 : Core-mem.oe674 (.text:xdc_runtime_Core_createObject__I)
                  118052e0    00000240     app_pe674.oe674 (.text:xdc_runtime_System_printfExtend__I)
                  11805520    00000220     sysbios.ae674 : BIOS.obj (.text:ti_sysbios_timers_timer64_Timer_setPeriodMicroSecs__E)
                  11805740    00000200                   : c64p_Hwi_disp_always.obj (.text:_ti_sysbios_family_c64p_Hwi_dispatchAlways)
                  11805940    00000200     ti.targets.rts6000.ae674 : Error.oe674 (.text:xdc_runtime_Error_policyDefault__E)
                  11805b40    00000200                              : HeapStd.oe674 (.text:xdc_runtime_HeapStd_Instance_init__E)
                  11805d40    000001e0     sysbios.ae674 : BIOS.obj (.text:ti_sysbios_gates_GateMutex_enter__E)
                  11805f20    000001e0                   : BIOS.obj (.text:ti_sysbios_knl_Task_checkStacks__E)
                  11806100    000001e0     ti.targets.rts6000.ae674 : LoggerBuf.oe674 (.text:xdc_runtime_LoggerBuf_write4__E)
                  118062e0    000001e0                              : Text.oe674 (.text:xdc_runtime_Text_putSite__E)
                  118064c0    000001c0     sysbios.ae674 : BIOS.obj (.text:ti_sysbios_timers_timer64_Timer_getFreq__E)
                  11806680    000001a0                   : BIOS.obj (.text:ti_sysbios_family_c64p_Cache_getL2InitSize__I)
                  11806820    000001a0                   : BIOS.obj (.text:ti_sysbios_knl_Semaphore_post__E)
                  118069c0    000001a0                   : BIOS.obj (.text:ti_sysbios_timers_timer64_Timer_start__E)
                  11806b60    000001a0     ti.targets.rts6000.ae674 : Core-smem.oe674 (.text:xdc_runtime_Core_constructObject__I)
                  11806d00    00000180     psc.obj (.text)
                  11806e80    00000180     sysbios.ae674 : c64p_Exception_asm.obj (.text)
                  11807000    00000180                   : BIOS.obj (.text:ti_sysbios_family_c64p_Cache_Module_startup__E)
                  11807180    00000160     main.obj (.text)
                  118072e0    00000160     ti.targets.rts6000.ae674 : Text.oe674 (.text:xdc_runtime_Text_putMod__E)
                  11807440    00000140     sysbios.ae674 : BIOS.obj (.text:ti_sysbios_family_c64p_Cache_getL1DInitSize__I)
                  11807580    00000140                   : BIOS.obj (.text:ti_sysbios_family_c64p_Cache_getL1PInitSize__I)
                  118076c0    00000140                   : BIOS.obj (.text:ti_sysbios_family_c64p_Hwi_Module_startup__E)
                  11807800    00000140                   : BIOS.obj (.text:ti_sysbios_knl_Semaphore_Instance_init__E)
                  11807940    00000140     ti.targets.rts6000.ae674 : Core-mem.oe674 (.text:xdc_runtime_Core_deleteObject__I)
                  11807a80    00000140                              : HeapStd.oe674 (.text:xdc_runtime_HeapStd_free__E)
                  11807bc0    00000140                              : LoggerBuf.oe674 (.text:xdc_runtime_LoggerBuf_setFilterLevel__E)
                  11807d00    00000140                              : Text.oe674 (.text:xdc_runtime_Text_putLab__E)
                  11807e40    00000120     boot.ae674 : autoinit.oe674 (.text:_auto_init_elf)
                  11807f60    00000120     sysbios.ae674 : BIOS.obj (.text:ti_sysbios_knl_Clock_workFunc__E)
                  11808080    00000120                   : BIOS.obj (.text:ti_sysbios_knl_Swi_restoreHwi__E)
                  118081a0    00000120                   : BIOS.obj (.text:ti_sysbios_knl_Task_postInit__I)
                  118082c0    00000120     ti.targets.rts6000.ae674 : LoggerBuf.oe674 (.text:xdc_runtime_LoggerBuf_getFilterLevel__E)
                  118083e0    00000100     rts6740_elf.lib : copy_decompress_rle.obj (.text:__TI_decompress_rle_core)
                  118084e0    00000100     sysbios.ae674 : BIOS.obj (.text:ti_sysbios_timers_timer64_Timer_initDevice__I)
                  118085e0    00000100     ti.targets.rts6000.ae674 : Error.oe674 (.text:xdc_runtime_Error_print__E)
                  118086e0    00000100                              : Memory.oe674 (.text:xdc_runtime_Memory_alloc__E)
                  118087e0    00000100                              : Startup.oe674 (.text:xdc_runtime_Startup_exec__E)
                  118088e0    000000e0     rts6740_elf.lib : trgdrv.obj (.text:HOSTwrite)
                  118089c0    000000e0                     : memset.obj (.text:memset)
                  11808aa0    000000e0     sysbios.ae674 : BIOS.obj (.text:ti_sysbios_knl_Swi_runLoop__I)
                  11808b80    000000e0                   : BIOS.obj (.text:ti_sysbios_knl_Task_Module_startup__E)
                  11808c60    000000e0                   : BIOS.obj (.text:ti_sysbios_knl_Task_schedule__I)
                  11808d40    000000e0                   : BIOS.obj (.text:ti_sysbios_timers_timer64_Timer_startup__E)
                  11808e20    000000c0     rts6740_elf.lib : divu.obj (.text:__divu)
                  11808ee0    000000c0                     : exit.obj (.text:exit)
                  11808fa0    000000c0     sysbios.ae674 : BIOS.obj (.text:ti_sysbios_family_c64p_Hwi_dispatchCore__I)
                  11809060    000000c0                   : BIOS.obj (.text:ti_sysbios_knl_Swi_run__I)
                  11809120    000000c0                   : BIOS.obj (.text:ti_sysbios_knl_Swi_schedule__I)
                  118091e0    000000c0                   : BIOS.obj (.text:ti_sysbios_knl_Task_allBlockedFunction__I)
                  118092a0    000000c0                   : BIOS.obj (.text:ti_sysbios_knl_Task_exit__E)
                  11809360    000000c0                   : BIOS.obj (.text:ti_sysbios_knl_Task_startCore__E)
                  11809420    000000c0     rts6740_elf.lib : tls.obj (.text:tls:init:__TI_tls_init)
                  118094e0    000000c0     ti.targets.rts6000.ae674 : Assert.oe674 (.text:xdc_runtime_Assert_raise__I)
                  118095a0    000000c0                              : Error.oe674 (.text:xdc_runtime_Error_setX__E)
                  11809660    000000c0     app_pe674.oe674 (.text:xdc_runtime_LoggerBuf_Object__create__S)
                  11809720    000000c0     ti.targets.rts6000.ae674 : SysMin.oe674 (.text:xdc_runtime_SysMin_abort__E)
                  118097e0    000000c0                              : SysMin.oe674 (.text:xdc_runtime_SysMin_flush__E)
                  118098a0    000000a0     rts6740_elf.lib : remu.obj (.text:__remu)
                  11809940    000000a0                     : memcpy64.obj (.text:memcpy)
                  118099e0    000000a0     sysbios.ae674 : BIOS.obj (.text:ti_sysbios_family_c64p_Exception_Module_startup__E)
                  11809a80    000000a0                   : BIOS.obj (.text:ti_sysbios_family_c64p_Hwi_dispatchC__I)
                  11809b20    000000a0                   : BIOS.obj (.text:ti_sysbios_family_c64p_Hwi_getStackInfo__E)
                  11809bc0    000000a0                   : BIOS.obj (.text:ti_sysbios_timers_timer64_Timer_stop__E)
                  11809c60    000000a0     ti.targets.rts6000.ae674 : Core-params.oe674 (.text:xdc_runtime_Core_assignParams__I)
                  11809d00    000000a0     app_pe674.oe674 (.text:xdc_runtime_HeapStd_Object__create__S)
                  11809da0    000000a0     ti.targets.rts6000.ae674 : SysMin.oe674 (.text:xdc_runtime_SysMin_putch__E)
                  11809e40    000000a0                              : System.oe674 (.text:xdc_runtime_System_formatNum__I)
                  11809ee0    000000a0                              : System.oe674 (.text:xdc_runtime_System_putchar__I)
                  11809f80    000000a0                              : Text.oe674 (.text:xdc_runtime_Text_printVisFxn__I)
                  1180a020    000000a0                              : Text.oe674 (.text:xdc_runtime_Text_xprintf__I)
                  1180a0c0    00000080     rts6740_elf.lib : trgmsg.obj (.text:__TI_readmsg)
                  1180a140    00000080                     : trgmsg.obj (.text:__TI_writemsg)
                  1180a1c0    00000080                     : llshift.obj (.text:__c6xabi_llshl)
                  1180a240    00000080     sysbios.ae674 : c62_TaskSupport_asm.obj (.text:_ti_sysbios_family_c62_TaskSupport_swap__E)
                  1180a2c0    00000080     app_pe674.oe674 (.text:ti_sysbios_BIOS_atExitFunc__I)
                  1180a340    00000080     app_pe674.oe674 (.text:ti_sysbios_BIOS_registerRTSLock__I)
                  1180a3c0    00000080     app_pe674.oe674 (.text:ti_sysbios_gates_GateHwi_Object__create__S)
                  1180a440    00000080     app_pe674.oe674 (.text:ti_sysbios_gates_GateMutex_Object__create__S)
                  1180a4c0    00000080     sysbios.ae674 : BIOS.obj (.text:ti_sysbios_hal_Hwi_checkStack)
                  1180a540    00000080                   : BIOS.obj (.text:ti_sysbios_hal_Hwi_initStack)
                  1180a5c0    00000080     app_pe674.oe674 (.text:ti_sysbios_knl_Clock_doTick__I)
                  1180a640    00000080     sysbios.ae674 : BIOS.obj (.text:ti_sysbios_knl_Idle_run__E)
                  1180a6c0    00000080                   : BIOS.obj (.text:ti_sysbios_knl_Swi_post__E)
                  1180a740    00000080                   : BIOS.obj (.text:ti_sysbios_knl_Swi_startup__E)
                  1180a7c0    00000080                   : BIOS.obj (.text:ti_sysbios_knl_Task_processVitalTaskFlag__I)
                  1180a840    00000080                   : BIOS.obj (.text:ti_sysbios_knl_Task_restore__E)
                  1180a8c0    00000080     ti.targets.rts6000.ae674 : Core-label.oe674 (.text:xdc_runtime_Core_assignLabel__I)
                  1180a940    00000080                              : LoggerBuf.oe674 (.text:xdc_runtime_LoggerBuf_Instance_init__E)
                  1180a9c0    00000080                              : LoggerBuf.oe674 (.text:xdc_runtime_LoggerBuf_Module_startup__E)
                  1180aa40    00000080                              : LoggerBuf.oe674 (.text:xdc_runtime_LoggerBuf_filterOutEvent__I)
                  1180aac0    00000080     app_pe674.oe674 (.text:xdc_runtime_SysMin_output__I)
                  1180ab40    00000080     ti.targets.rts6000.ae674 : System.oe674 (.text:xdc_runtime_System_atexit__E)
                  1180abc0    00000080                              : System.oe674 (.text:xdc_runtime_System_avprintf__E)
                  1180ac40    00000080                              : System.oe674 (.text:xdc_runtime_System_processAtExit__E)
                  1180acc0    00000080                              : System.oe674 (.text:xdc_runtime_System_vprintf__E)
                  1180ad40    00000060     rts6740_elf.lib : llshift.obj (.text:__c6xabi_llshru)
                  1180ada0    00000060                     : imath64.obj (.text:_subcull)
                  1180ae00    00000060     sysbios.ae674 : c64p_Hwi_asm_switch.obj (.text:_ti_sysbios_family_c64p_Hwi_switchAndDispatch__I)
                  1180ae60    00000060                   : c64p_Hwi_asm_switch.obj (.text:_ti_sysbios_family_xxx_Hwi_switchAndRunFunc)
                  1180aec0    00000060     app_pe674.oe674 (.text:ti_sysbios_BIOS_errorRaiseHook__I)
                  1180af20    00000060     app_pe674.oe674 (.text:ti_sysbios_BIOS_removeRTSLock__I)
                  1180af80    00000060     app_pe674.oe674 (.text:ti_sysbios_BIOS_startFunc__I)
                  1180afe0    00000060     sysbios.ae674 : BIOS.obj (.text:ti_sysbios_family_c62_TaskSupport_start__E)
                  1180b040    00000060                   : BIOS.obj (.text:ti_sysbios_family_c64p_Cache_marInit__I)
                  1180b0a0    00000060                   : BIOS.obj (.text:ti_sysbios_family_c64p_Cache_setMar__E)
                  1180b100    00000060                   : BIOS.obj (.text:ti_sysbios_family_c64p_primus_TimerSupport_enable__E)
                  1180b160    00000060     app_pe674.oe674 (.text:ti_sysbios_gates_GateMutex_Object__delete__S)
                  1180b1c0    00000060     sysbios.ae674 : BIOS.obj (.text:ti_sysbios_knl_Clock_Module_startup__E)
                  1180b220    00000060     app_pe674.oe674 (.text:ti_sysbios_knl_Queue_construct)
                  1180b280    00000060     app_pe674.oe674 (.text:ti_sysbios_knl_Semaphore_construct)
                  1180b2e0    00000060     sysbios.ae674 : BIOS.obj (.text:ti_sysbios_knl_Semaphore_pendTimeout__I)
                  1180b340    00000060                   : BIOS.obj (.text:ti_sysbios_knl_Swi_Module_startup__E)
                  1180b3a0    00000060                   : BIOS.obj (.text:ti_sysbios_knl_Task_enter__I)
                  1180b400    00000060                   : BIOS.obj (.text:ti_sysbios_knl_Task_unblockI__E)
                  1180b460    00000060     app_pe674.oe674 (.text:xdc_runtime_LoggerBuf_Object__delete__S)
                  1180b4c0    00000060     ti.targets.rts6000.ae674 : LoggerBuf.oe674 (.text:xdc_runtime_LoggerBuf_reset__E)
                  1180b520    00000060                              : Memory.oe674 (.text:xdc_runtime_Memory_valloc__E)
                  1180b580    00000060                              : Text.oe674 (.text:xdc_runtime_Text_cordText__E)
                  1180b5e0    00000040     rts6740_elf.lib : args_main.obj (.text:_args_main)
                  1180b620    00000040     sysbios.ae674 : c62_TaskSupport_asm.obj (.text:_ti_sysbios_family_c62_TaskSupport_buildTaskStack)
                  1180b660    00000040     app_pe674.oe674 (.text:ti_sysbios_BIOS_exitFunc__I)
                  1180b6a0    00000040     app_pe674.oe674 (.text:ti_sysbios_BIOS_rtsLock__I)
                  1180b6e0    00000040     app_pe674.oe674 (.text:ti_sysbios_BIOS_rtsUnlock__I)
                  1180b720    00000040     sysbios.ae674 : BIOS.obj (.text:ti_sysbios_family_c64p_Hwi_disableInterrupt__E)
                  1180b760    00000040                   : BIOS.obj (.text:ti_sysbios_family_c64p_Hwi_enableInterrupt__E)
                  1180b7a0    00000040     app_pe674.oe674 (.text:ti_sysbios_gates_GateHwi_Handle__label__S)
                  1180b7e0    00000040     app_pe674.oe674 (.text:ti_sysbios_gates_GateHwi_Object__delete__S)
                  1180b820    00000040     app_pe674.oe674 (.text:ti_sysbios_gates_GateMutex_Handle__label__S)
                  1180b860    00000040     sysbios.ae674 : BIOS.obj (.text:ti_sysbios_gates_GateMutex_Instance_init__E)
                  1180b8a0    00000040                   : BIOS.obj (.text:ti_sysbios_gates_GateMutex_leave__E)
                  1180b8e0    00000040     app_pe674.oe674 (.text:ti_sysbios_knl_Semaphore_destruct)
                  1180b920    00000040     app_pe674.oe674 (.text:ti_sysbios_knl_Swi_Object__get__S)
                  1180b960    00000040     app_pe674.oe674 (.text:ti_sysbios_knl_Task_Object__get__S)
                  1180b9a0    00000040     ti.targets.rts6000.ae674 : Error.oe674 (.text:xdc_runtime_Error_check__E)
                  1180b9e0    00000040                              : Error.oe674 (.text:xdc_runtime_Error_init__E)
                  1180ba20    00000040     app_pe674.oe674 (.text:xdc_runtime_HeapStd_Handle__label__S)
                  1180ba60    00000040     app_pe674.oe674 (.text:xdc_runtime_HeapStd_Object__delete__S)
                  1180baa0    00000040     app_pe674.oe674 (.text:xdc_runtime_LoggerBuf_Handle__label__S)
                  1180bae0    00000040     ti.targets.rts6000.ae674 : LoggerBuf.oe674 (.text:xdc_runtime_LoggerBuf_Instance_finalize__E)
                  1180bb20    00000040     app_pe674.oe674 (.text:xdc_runtime_LoggerBuf_Object__get__S)
                  1180bb60    00000040     ti.targets.rts6000.ae674 : LoggerBuf.oe674 (.text:xdc_runtime_LoggerBuf_write0__E)
                  1180bba0    00000040                              : LoggerBuf.oe674 (.text:xdc_runtime_LoggerBuf_write1__E)
                  1180bbe0    00000040                              : LoggerBuf.oe674 (.text:xdc_runtime_LoggerBuf_write2__E)
                  1180bc20    00000040                              : Registry.oe674 (.text:xdc_runtime_Registry_findById__E)
                  1180bc60    00000040                              : SysMin.oe674 (.text:xdc_runtime_SysMin_Module_startup__E)
                  1180bca0    00000040                              : SysMin.oe674 (.text:xdc_runtime_SysMin_exit__E)
                  1180bce0    00000040                              : System.oe674 (.text:xdc_runtime_System_abort__E)
                  1180bd20    00000040     app_pe674.oe674 (.text:xdc_runtime_System_aprintf__E)
                  1180bd60    00000040     ti.targets.rts6000.ae674 : System.oe674 (.text:xdc_runtime_System_exit__E)
                  1180bda0    00000040     app_pe674.oe674 (.text:xdc_runtime_System_printf__E)
                  1180bde0    00000020     ti.targets.rts6000.ae674 : xdc_noinit.oe674 (.text:__xdc__init)
                  1180be00    00000020     rts6740_elf.lib : _lock.obj (.text:_nop)
                  1180be20    00000020                     : _lock.obj (.text:_register_lock)
                  1180be40    00000020                     : _lock.obj (.text:_register_unlock)
                  1180be60    00000020     sysbios.ae674 : c62_TaskSupport_asm.obj (.text:_ti_sysbios_family_c62_TaskSupport_glue)
                  1180be80    00000020     rts6740_elf.lib : exit.obj (.text:abort)
                  1180bea0    00000020                     : copy_zero_init.obj (.text:decompress:ZI:__TI_zero_init)
                  1180bec0    00000020                     : copy_decompress_none.obj (.text:decompress:none:__TI_decompress_none)
                  1180bee0    00000020                     : copy_decompress_rle.obj (.text:decompress:rle24:__TI_decompress_rle24)
                  1180bf00    00000020     app_pe674.oe674 (.text:free)
                  1180bf20    00000020     app_pe674.oe674 (.text:malloc)
                  1180bf40    00000020     app_pe674.oe674 (.text:ti_sysbios_BIOS_RtsGateProxy_enter__E)
                  1180bf60    00000020     app_pe674.oe674 (.text:ti_sysbios_BIOS_RtsGateProxy_leave__E)
                  1180bf80    00000020     sysbios.ae674 : BIOS.obj (.text:ti_sysbios_BIOS_getCpuFreq__E)
                  1180bfa0    00000020                   : BIOS.obj (.text:ti_sysbios_BIOS_linkedWithIncorrectBootLibrary__E)
                  1180bfc0    00000020     app_pe674.oe674 (.text:ti_sysbios_BIOS_nullFunc__I)
                  1180bfe0    00000020     sysbios.ae674 : BIOS.obj (.text:ti_sysbios_BIOS_setThreadType__E)
                  1180c000    00000020                   : BIOS.obj (.text:ti_sysbios_BIOS_start__E)
                  1180c020    00000020     app_pe674.oe674 (.text:ti_sysbios_family_c62_TaskSupport_Module__startupDone__S)
                  1180c040    00000020     sysbios.ae674 : BIOS.obj (.text:ti_sysbios_family_c62_TaskSupport_checkStack__E)
                  1180c060    00000020     app_pe674.oe674 (.text:ti_sysbios_family_c64p_Hwi_Module__startupDone__F)
                  1180c080    00000020     sysbios.ae674 : BIOS.obj (.text:ti_sysbios_family_c64p_Hwi_clearInterrupt__E)
                  1180c0a0    00000020                   : BIOS.obj (.text:ti_sysbios_family_c64p_Hwi_startup__E)
                  1180c0c0    00000020                   : BIOS.obj (.text:ti_sysbios_family_c64p_Hwi_switchFromBootStack__E)
                  1180c0e0    00000020                   : BIOS.obj (.text:ti_sysbios_family_c64p_TimestampProvider_Module_startup__E)
                  1180c100    00000020                   : BIOS.obj (.text:ti_sysbios_family_c64p_TimestampProvider_get64__E)
                  1180c120    00000020                   : BIOS.obj (.text:ti_sysbios_gates_GateHwi_Instance_init__E)
                  1180c140    00000020                   : BIOS.obj (.text:ti_sysbios_gates_GateHwi_enter__E)
                  1180c160    00000020                   : BIOS.obj (.text:ti_sysbios_gates_GateHwi_leave__E)
                  1180c180    00000020                   : BIOS.obj (.text:ti_sysbios_gates_GateHwi_query__E)
                  1180c1a0    00000020                   : BIOS.obj (.text:ti_sysbios_gates_GateMutex_Instance_finalize__E)
                  1180c1c0    00000020                   : BIOS.obj (.text:ti_sysbios_gates_GateMutex_query__E)
                  1180c1e0    00000020                   : BIOS.obj (.text:ti_sysbios_hal_Hwi_Module_startup__E)
                  1180c200    00000020     app_pe674.oe674 (.text:ti_sysbios_knl_Clock_TimerProxy_getMaxTicks__E)
                  1180c220    00000020     sysbios.ae674 : BIOS.obj (.text:ti_sysbios_knl_Clock_logTick__E)
                  1180c240    00000020                   : BIOS.obj (.text:ti_sysbios_knl_Idle_loop__E)
                  1180c260    00000020                   : BIOS.obj (.text:ti_sysbios_knl_Queue_Instance_init__E)
                  1180c280    00000020     app_pe674.oe674 (.text:ti_sysbios_knl_Queue_Object__get__S)
                  1180c2a0    00000020     app_pe674.oe674 (.text:ti_sysbios_knl_Queue_destruct)
                  1180c2c0    00000020     sysbios.ae674 : BIOS.obj (.text:ti_sysbios_knl_Queue_empty__E)
                  1180c2e0    00000020                   : BIOS.obj (.text:ti_sysbios_knl_Semaphore_Instance_finalize__E)
                  1180c300    00000020                   : BIOS.obj (.text:ti_sysbios_knl_Swi_disable__E)
                  1180c320    00000020                   : BIOS.obj (.text:ti_sysbios_knl_Task_disable__E)
                  1180c340    00000020                   : BIOS.obj (.text:ti_sysbios_knl_Task_startup__E)
                  1180c360    00000020     app_pe674.oe674 (.text:ti_sysbios_timers_timer64_Timer_Module__startupDone__F)
                  1180c380    00000020     sysbios.ae674 : BIOS.obj (.text:ti_sysbios_timers_timer64_Timer_getMaxTicks__E)
                  1180c3a0    00000020     ti.targets.rts6000.ae674 : Error.oe674 (.text:xdc_runtime_Error_getSite__E)
                  1180c3c0    00000020                              : Error.oe674 (.text:xdc_runtime_Error_raiseX__E)
                  1180c3e0    00000020                              : Gate.oe674 (.text:xdc_runtime_Gate_enterSystem__E)
                  1180c400    00000020                              : Gate.oe674 (.text:xdc_runtime_Gate_leaveSystem__E)
                  1180c420    00000020                              : HeapStd.oe674 (.text:xdc_runtime_HeapStd_getStats__E)
                  1180c440    00000020                              : HeapStd.oe674 (.text:xdc_runtime_HeapStd_isBlocking__E)
                  1180c460    00000020     app_pe674.oe674 (.text:xdc_runtime_IHeap_alloc)
                  1180c480    00000020     app_pe674.oe674 (.text:xdc_runtime_IHeap_free)
                  1180c4a0    00000020     app_pe674.oe674 (.text:xdc_runtime_LoggerBuf_Module_GateProxy_enter__E)
                  1180c4c0    00000020     app_pe674.oe674 (.text:xdc_runtime_LoggerBuf_Module_GateProxy_leave__E)
                  1180c4e0    00000020     ti.targets.rts6000.ae674 : LoggerBuf.oe674 (.text:xdc_runtime_LoggerBuf_disable__E)
                  1180c500    00000020                              : LoggerBuf.oe674 (.text:xdc_runtime_LoggerBuf_enable__E)
                  1180c520    00000020                              : Memory.oe674 (.text:xdc_runtime_Memory_calloc__E)
                  1180c540    00000020                              : Memory.oe674 (.text:xdc_runtime_Memory_free__E)
                  1180c560    00000020                              : Memory.oe674 (.text:xdc_runtime_Memory_getMaxDefaultTypeAlign__E)
                  1180c580    00000020     app_pe674.oe674 (.text:xdc_runtime_Startup_exec__I)
                  1180c5a0    00000020     app_pe674.oe674 (.text:xdc_runtime_Startup_reset__I)
                  1180c5c0    00000020     ti.targets.rts6000.ae674 : Startup.oe674 (.text:xdc_runtime_Startup_rtsDone__E)
                  1180c5e0    00000020                              : SysMin.oe674 (.text:xdc_runtime_SysMin_ready__E)
                  1180c600    00000020     app_pe674.oe674 (.text:xdc_runtime_System_Module_GateProxy_enter__E)
                  1180c620    00000020     app_pe674.oe674 (.text:xdc_runtime_System_Module_GateProxy_leave__E)
                  1180c640    00000020     ti.targets.rts6000.ae674 : System.oe674 (.text:xdc_runtime_System_Module_startup__E)
                  1180c660    00000020                              : System.oe674 (.text:xdc_runtime_System_vsnprintf__E)
                  1180c680    00000020                              : Text.oe674 (.text:xdc_runtime_Text_ropeText__E)
                  1180c6a0    00000020     app_pe674.oe674 (.text:xdc_runtime_Text_visitRope__I)

.far       0    1180c6c0    000012b8     UNINITIALIZED
                  1180c6c0    00001000     app_pe674.oe674 (.far:taskStackSection)
                  1180d6c0    000001b0     (.common:Presets)
                  1180d870    00000080     (.common:xdc_runtime_LoggerBuf_Instance_State_0_entryArr__A)
                  1180d8f0    00000080     (.common:xdc_runtime_SysMin_Module_State_0_outbuf__A)
                  1180d970    00000008     (.common:parmbuf)

.const     0    1180d978    00000a79     
                  1180d978    00000518     sysbios.ae674 : BIOS.obj (.const:.string)
                  1180de90    00000058     ti.targets.rts6000.ae674 : Error.oe674 (.const:.string)
                  1180dee8    00000048     app_pe674.oe674 (.const:.string)
                  1180df30    00000040     ti.targets.rts6000.ae674 : Text.oe674 (.const:.string)
                  1180df70    0000003c     app_pe674.oe674 (.const:xdc_runtime_LoggerBuf_Module__FXNS__C)
                  1180dfac    00000004     ti.targets.rts6000.ae674 : Assert.oe674 (.const:.string)
                  1180dfb0    00000030     app_pe674.oe674 (.const:xdc_runtime_Startup_sfxnTab__A)
                  1180dfe0    0000002c     ti.targets.rts6000.ae674 : Startup.oe674 (.const:.string)
                  1180e00c    00000028     app_pe674.oe674 (.const:xdc_runtime_HeapStd_Module__FXNS__C)
                  1180e034    00000028     app_pe674.oe674 (.const:xdc_runtime_LoggerBuf_Object__PARAMS__C)
                  1180e05c    00000024     app_pe674.oe674 (.const:ti_sysbios_gates_GateHwi_Module__FXNS__C)
                  1180e080    00000024     app_pe674.oe674 (.const:ti_sysbios_gates_GateMutex_Module__FXNS__C)
                  1180e0a4    00000024     app_pe674.oe674 (.const:ti_sysbios_knl_Semaphore_Object__PARAMS__C)
                  1180e0c8    00000020     app_pe674.oe674 (.const:ti_sysbios_gates_GateHwi_Object__DESC__C)
                  1180e0e8    00000020     app_pe674.oe674 (.const:ti_sysbios_gates_GateMutex_Object__DESC__C)
                  1180e108    00000020     app_pe674.oe674 (.const:ti_sysbios_knl_Queue_Object__DESC__C)
                  1180e128    00000020     app_pe674.oe674 (.const:ti_sysbios_knl_Semaphore_Object__DESC__C)
                  1180e148    00000020     app_pe674.oe674 (.const:xdc_runtime_HeapStd_Object__DESC__C)
                  1180e168    00000020     app_pe674.oe674 (.const:xdc_runtime_LoggerBuf_Object__DESC__C)
                  1180e188    0000001c     app_pe674.oe674 (.const:xdc_runtime_HeapStd_Object__PARAMS__C)
                  1180e1a4    00000018     ti.targets.rts6000.ae674 : System.oe674 (.const:.string)
                  1180e1bc    00000018     app_pe674.oe674 (.const:ti_sysbios_gates_GateHwi_Object__PARAMS__C)
                  1180e1d4    00000018     app_pe674.oe674 (.const:ti_sysbios_gates_GateMutex_Object__PARAMS__C)
                  1180e1ec    00000018     app_pe674.oe674 (.const:ti_sysbios_knl_Queue_Object__PARAMS__C)
                  1180e204    00000004     app_pe674.oe674 (.const:ti_sysbios_family_c64p_Cache_E_invalidL1CacheSize__C)
                  1180e208    00000018     app_pe674.oe674 (.const:xdc_runtime_Startup_sfxnRts__A)
                  1180e220    00000008     app_pe674.oe674 (.const:ti_sysbios_knl_Idle_funcList__C)
                  1180e228    00000008     app_pe674.oe674 (.const:xdc_runtime_Startup_firstFxns__C)
                  1180e230    00000008     app_pe674.oe674 (.const:xdc_runtime_Startup_lastFxns__C)
                  1180e238    00000004     app_pe674.oe674 (.const:ti_sysbios_family_c64p_Cache_E_invalidL2CacheSize__C)
                  1180e23c    00000004     app_pe674.oe674 (.const:ti_sysbios_family_c64p_Cache_MAR0_31__C)
                  1180e240    00000004     app_pe674.oe674 (.const:ti_sysbios_family_c64p_Cache_MAR128_159__C)
                  1180e244    00000004     app_pe674.oe674 (.const:ti_sysbios_family_c64p_Cache_MAR160_191__C)
                  1180e248    00000004     app_pe674.oe674 (.const:ti_sysbios_family_c64p_Cache_MAR192_223__C)
                  1180e24c    00000004     app_pe674.oe674 (.const:ti_sysbios_family_c64p_Cache_MAR224_255__C)
                  1180e250    00000004     app_pe674.oe674 (.const:ti_sysbios_family_c64p_Cache_MAR32_63__C)
                  1180e254    00000004     app_pe674.oe674 (.const:ti_sysbios_family_c64p_Cache_MAR64_95__C)
                  1180e258    00000004     app_pe674.oe674 (.const:ti_sysbios_family_c64p_Cache_MAR96_127__C)
                  1180e25c    00000004     app_pe674.oe674 (.const:ti_sysbios_family_c64p_Exception_E_exceptionMax__C)
                  1180e260    00000004     app_pe674.oe674 (.const:ti_sysbios_family_c64p_Exception_exceptionHook__C)
                  1180e264    00000004     app_pe674.oe674 (.const:ti_sysbios_family_c64p_Exception_externalHook__C)
                  1180e268    00000004     app_pe674.oe674 (.const:ti_sysbios_family_c64p_Exception_internalHook__C)
                  1180e26c    00000004     app_pe674.oe674 (.const:ti_sysbios_family_c64p_Exception_nmiHook__C)
                  1180e270    00000004     app_pe674.oe674 (.const:ti_sysbios_gates_GateMutex_A_badContext__C)
                  1180e274    00000004     app_pe674.oe674 (.const:ti_sysbios_gates_GateMutex_Instance_State_sem__O)
                  1180e278    00000004     app_pe674.oe674 (.const:ti_sysbios_gates_GateMutex_Module__diagsEnabled__C)
                  1180e27c    00000004     app_pe674.oe674 (.const:ti_sysbios_gates_GateMutex_Module__diagsIncluded__C)
                  1180e280    00000004     app_pe674.oe674 (.const:ti_sysbios_gates_GateMutex_Module__diagsMask__C)
                  1180e284    00000004     app_pe674.oe674 (.const:ti_sysbios_hal_Hwi_E_stackOverflow__C)
                  1180e288    00000004     app_pe674.oe674 (.const:ti_sysbios_knl_Clock_Module_State_clockQ__O)
                  1180e28c    00000004     app_pe674.oe674 (.const:ti_sysbios_knl_Semaphore_A_badContext__C)
                  1180e290    00000004     app_pe674.oe674 (.const:ti_sysbios_knl_Idle_funcList__A)
                  1180e294    00000004     app_pe674.oe674 (.const:ti_sysbios_knl_Semaphore_A_noEvents__C)
                  1180e298    00000004     app_pe674.oe674 (.const:ti_sysbios_knl_Semaphore_A_overflow__C)
                  1180e29c    00000004     app_pe674.oe674 (.const:ti_sysbios_knl_Semaphore_A_pendTaskDisabled__C)
                  1180e2a0    00000004     app_pe674.oe674 (.const:ti_sysbios_knl_Semaphore_Instance_State_pendQ__O)
                  1180e2a4    00000004     app_pe674.oe674 (.const:ti_sysbios_knl_Semaphore_Module__diagsEnabled__C)
                  1180e2a8    00000004     app_pe674.oe674 (.const:ti_sysbios_knl_Semaphore_Module__diagsIncluded__C)
                  1180e2ac    00000004     app_pe674.oe674 (.const:ti_sysbios_knl_Semaphore_Module__diagsMask__C)
                  1180e2b0    00000004     app_pe674.oe674 (.const:ti_sysbios_knl_Swi_Object__count__C)
                  1180e2b4    00000004     app_pe674.oe674 (.const:ti_sysbios_knl_Task_E_spOutOfBounds__C)
                  1180e2b8    00000004     app_pe674.oe674 (.const:ti_sysbios_knl_Task_E_stackOverflow__C)
                  1180e2bc    00000004     app_pe674.oe674 (.const:ti_sysbios_knl_Task_Module_State_inactiveQ__O)
                  1180e2c0    00000004     app_pe674.oe674 (.const:ti_sysbios_knl_Task_Object__count__C)
                  1180e2c4    00000004     app_pe674.oe674 (.const:ti_sysbios_knl_Task_allBlockedFunc__C)
                  1180e2c8    00000004     app_pe674.oe674 (.const:ti_sysbios_knl_Task_numConstructedTasks__C)
                  1180e2cc    00000004     app_pe674.oe674 (.const:ti_sysbios_timers_timer64_Timer_A_notAvailable__C)
                  1180e2d0    00000004     app_pe674.oe674 (.const:ti_sysbios_timers_timer64_Timer_E_cannotSupport__C)
                  1180e2d4    00000004     app_pe674.oe674 (.const:ti_sysbios_timers_timer64_Timer_Module__diagsEnabled__C)
                  1180e2d8    00000004     app_pe674.oe674 (.const:ti_sysbios_timers_timer64_Timer_Module__diagsIncluded__C)
                  1180e2dc    00000004     app_pe674.oe674 (.const:ti_sysbios_timers_timer64_Timer_Module__diagsMask__C)
                  1180e2e0    00000004     app_pe674.oe674 (.const:ti_sysbios_timers_timer64_Timer_anyMaskHigh__C)
                  1180e2e4    00000004     app_pe674.oe674 (.const:ti_sysbios_timers_timer64_Timer_anyMask__C)
                  1180e2e8    00000004     app_pe674.oe674 (.const:ti_sysbios_timers_timer64_Timer_freqDivisor__C)
                  1180e2ec    00000004     app_pe674.oe674 (.const:ti_sysbios_timers_timer64_Timer_numLocalTimers__C)
                  1180e2f0    00000004     app_pe674.oe674 (.const:ti_sysbios_timers_timer64_Timer_numTimerDevices__C)
                  1180e2f4    00000004     app_pe674.oe674 (.const:xdc_runtime_Assert_E_assertFailed__C)
                  1180e2f8    00000004     app_pe674.oe674 (.const:xdc_runtime_Core_A_initializedParams__C)
                  1180e2fc    00000004     app_pe674.oe674 (.const:xdc_runtime_Core_Module__diagsEnabled__C)
                  1180e300    00000004     app_pe674.oe674 (.const:xdc_runtime_Core_Module__diagsIncluded__C)
                  1180e304    00000004     app_pe674.oe674 (.const:xdc_runtime_Core_Module__diagsMask__C)
                  1180e308    00000004     app_pe674.oe674 (.const:xdc_runtime_Error_E_memory__C)
                  1180e30c    00000004     app_pe674.oe674 (.const:xdc_runtime_Error_Module__diagsEnabled__C)
                  1180e310    00000004     app_pe674.oe674 (.const:xdc_runtime_Error_Module__diagsIncluded__C)
                  1180e314    00000004     app_pe674.oe674 (.const:xdc_runtime_Error_Module__diagsMask__C)
                  1180e318    00000004     app_pe674.oe674 (.const:xdc_runtime_Error_Module__loggerFxn8__C)
                  1180e31c    00000004     app_pe674.oe674 (.const:xdc_runtime_Error_Module__loggerObj__C)
                  1180e320    00000004     app_pe674.oe674 (.const:xdc_runtime_Error_policyFxn__C)
                  1180e324    00000004     app_pe674.oe674 (.const:xdc_runtime_Error_policy__C)
                  1180e328    00000004     app_pe674.oe674 (.const:xdc_runtime_Error_raiseHook__C)
                  1180e32c    00000004     app_pe674.oe674 (.const:xdc_runtime_HeapStd_A_align__C)
                  1180e330    00000004     app_pe674.oe674 (.const:xdc_runtime_HeapStd_A_invalidTotalFreeSize__C)
                  1180e334    00000004     app_pe674.oe674 (.const:xdc_runtime_HeapStd_A_zeroSize__C)
                  1180e338    00000004     app_pe674.oe674 (.const:xdc_runtime_HeapStd_E_noRTSMemory__C)
                  1180e33c    00000004     app_pe674.oe674 (.const:xdc_runtime_HeapStd_Module__diagsEnabled__C)
                  1180e340    00000004     app_pe674.oe674 (.const:xdc_runtime_HeapStd_Module__diagsIncluded__C)
                  1180e344    00000004     app_pe674.oe674 (.const:xdc_runtime_HeapStd_Module__diagsMask__C)
                  1180e348    00000004     app_pe674.oe674 (.const:xdc_runtime_IFilterLogger_Interface__BASE__C)
                  1180e34c    00000004     app_pe674.oe674 (.const:xdc_runtime_IGateProvider_Interface__BASE__C)
                  1180e350    00000004     app_pe674.oe674 (.const:xdc_runtime_IHeap_Interface__BASE__C)
                  1180e354    00000004     app_pe674.oe674 (.const:xdc_runtime_ILogger_Interface__BASE__C)
                  1180e358    00000004     app_pe674.oe674 (.const:xdc_runtime_IModule_Interface__BASE__C)
                  1180e35c    00000004     app_pe674.oe674 (.const:xdc_runtime_Log_L_error__C)
                  1180e360    00000004     app_pe674.oe674 (.const:xdc_runtime_LoggerBuf_E_badLevel__C)
                  1180e364    00000004     app_pe674.oe674 (.const:xdc_runtime_LoggerBuf_Module__gateObj__C)
                  1180e368    00000004     app_pe674.oe674 (.const:xdc_runtime_LoggerBuf_Object__count__C)
                  1180e36c    00000004     app_pe674.oe674 (.const:xdc_runtime_LoggerBuf_statusLogger__C)
                  1180e370    00000004     app_pe674.oe674 (.const:xdc_runtime_Memory_defaultHeapInstance__C)
                  1180e374    00000004     app_pe674.oe674 (.const:xdc_runtime_Startup_execImpl__C)
                  1180e378    00000004     app_pe674.oe674 (.const:xdc_runtime_Startup_firstFxns__A)
                  1180e37c    00000004     app_pe674.oe674 (.const:xdc_runtime_Startup_maxPasses__C)
                  1180e380    00000004     app_pe674.oe674 (.const:xdc_runtime_Startup_sfxnRts__C)
                  1180e384    00000004     app_pe674.oe674 (.const:xdc_runtime_Startup_sfxnTab__C)
                  1180e388    00000004     app_pe674.oe674 (.const:xdc_runtime_SysMin_bufSize__C)
                  1180e38c    00000004     app_pe674.oe674 (.const:xdc_runtime_SysMin_outputFunc__C)
                  1180e390    00000004     app_pe674.oe674 (.const:xdc_runtime_System_Module__gateObj__C)
                  1180e394    00000004     app_pe674.oe674 (.const:xdc_runtime_System_abortFxn__C)
                  1180e398    00000004     app_pe674.oe674 (.const:xdc_runtime_System_exitFxn__C)
                  1180e39c    00000004     app_pe674.oe674 (.const:xdc_runtime_System_extendFxn__C)
                  1180e3a0    00000004     app_pe674.oe674 (.const:xdc_runtime_System_maxAtexitHandlers__C)
                  1180e3a4    00000004     app_pe674.oe674 (.const:xdc_runtime_Text_charTab__C)
                  1180e3a8    00000004     app_pe674.oe674 (.const:xdc_runtime_Text_nameEmpty__C)
                  1180e3ac    00000004     app_pe674.oe674 (.const:xdc_runtime_Text_nameStatic__C)
                  1180e3b0    00000004     app_pe674.oe674 (.const:xdc_runtime_Text_nameUnknown__C)
                  1180e3b4    00000004     app_pe674.oe674 (.const:xdc_runtime_Text_visitRopeFxn__C)
                  1180e3b8    00000004     app_pe674.oe674 (.const:xdc_runtime_Text_nodeTab__A)
                  1180e3bc    00000002     app_pe674.oe674 (.const:ti_sysbios_family_c64p_Cache_Module__id__C)
                  1180e3be    00000002     app_pe674.oe674 (.const:ti_sysbios_family_c64p_Exception_Module__id__C)
                  1180e3c0    00000002     app_pe674.oe674 (.const:ti_sysbios_family_c64p_Exception_useInternalBuffer__C)
                  1180e3c2    00000002     app_pe674.oe674 (.const:ti_sysbios_gates_GateMutex_Module__id__C)
                  1180e3c4    00000002     app_pe674.oe674 (.const:ti_sysbios_hal_Hwi_Module__id__C)
                  1180e3c6    00000002     app_pe674.oe674 (.const:ti_sysbios_knl_Semaphore_Module__id__C)
                  1180e3c8    00000002     app_pe674.oe674 (.const:ti_sysbios_knl_Task_Module__id__C)
                  1180e3ca    00000002     app_pe674.oe674 (.const:ti_sysbios_timers_timer64_Timer_Module__id__C)
                  1180e3cc    00000002     app_pe674.oe674 (.const:ti_sysbios_timers_timer64_Timer_startupNeeded__C)
                  1180e3ce    00000002     app_pe674.oe674 (.const:ti_sysbios_timers_timer64_Timer_useTimer64pRegMap__C)
                  1180e3d0    00000002     app_pe674.oe674 (.const:xdc_runtime_Core_Module__id__C)
                  1180e3d2    00000002     app_pe674.oe674 (.const:xdc_runtime_Error_Module__loggerDefined__C)
                  1180e3d4    00000002     app_pe674.oe674 (.const:xdc_runtime_Error_maxDepth__C)
                  1180e3d6    00000002     app_pe674.oe674 (.const:xdc_runtime_HeapStd_Module__id__C)
                  1180e3d8    00000002     app_pe674.oe674 (.const:xdc_runtime_LoggerBuf_Module__id__C)
                  1180e3da    00000002     app_pe674.oe674 (.const:xdc_runtime_LoggerBuf_filterByLevel__C)
                  1180e3dc    00000002     app_pe674.oe674 (.const:xdc_runtime_Memory_Module__id__C)
                  1180e3de    00000002     app_pe674.oe674 (.const:xdc_runtime_SysMin_flushAtExit__C)
                  1180e3e0    00000002     app_pe674.oe674 (.const:xdc_runtime_Text_charCnt__C)
                  1180e3e2    00000002     app_pe674.oe674 (.const:xdc_runtime_Text_isLoaded__C)
                  1180e3e4    00000002     app_pe674.oe674 (.const:xdc_runtime_Text_registryModsLastId__C)
                  1180e3e6    00000002     app_pe674.oe674 (.const:xdc_runtime_Text_unnamedModsLastId__C)
                  1180e3e8    00000001     app_pe674.oe674 (.const:ti_sysbios_timers_timer64_Timer_localTimerBaseId__C)
                  1180e3e9    00000007     --HOLE-- [fill = 0]
                  1180e3f0    00000001     app_pe674.oe674 (.const:xdc_runtime_Text_charTab__A)

.fardata   0    1180e3f8    0000072a     UNINITIALIZED
                  1180e3f8    00000230     app_pe674.oe674 (.fardata)
                  1180e628    00000098     app_pe674.oe674 (.fardata:ti_sysbios_knl_Task_Object__table__V)
                  1180e6c0    00000080     app_pe674.oe674 (.fardata:ti_sysbios_knl_Swi_Module_State_0_readyQ__A)
                  1180e740    00000080     app_pe674.oe674 (.fardata:ti_sysbios_knl_Task_Module_State_0_readyQ__A)
                  1180e7c0    00000060     app_pe674.oe674 (.fardata:ti_sysbios_timers_timer64_Timer_Module_State_0_device__A)
                  1180e820    00000050     app_pe674.oe674 (.fardata:ti_sysbios_timers_timer64_Timer_Object__table__V)
                  1180e870    00000048     app_pe674.oe674 (.fardata:ti_sysbios_family_c64p_Hwi_Object__table__V)
                  1180e8b8    00000030     GUI.obj (.fardata:NoteImgs)
                  1180e8e8    00000030     app_pe674.oe674 (.fardata:ti_sysbios_knl_Swi_Object__table__V)
                  1180e918    0000002c     GUI.obj (.fardata:TuneModeImgs)
                  1180e944    00000004     rts6740_elf.lib : _lock.obj (.fardata:_lock)
                  1180e948    00000024     app_pe674.oe674 (.fardata:xdc_runtime_LoggerBuf_Object__table__V)
                  1180e96c    00000004     rts6740_elf.lib : _lock.obj (.fardata:_unlock)
                  1180e970    00000020     app_pe674.oe674 (.fardata:ti_sysbios_gates_GateMutex_Object__table__V)
                  1180e990    00000020     app_pe674.oe674 (.fardata:ti_sysbios_timers_timer64_Timer_Module_State_0_gctrl__A)
                  1180e9b0    00000020     app_pe674.oe674 (.fardata:ti_sysbios_timers_timer64_Timer_Module_State_0_handles__A)
                  1180e9d0    00000020     app_pe674.oe674 (.fardata:ti_sysbios_timers_timer64_Timer_Module_State_0_intFreqs__A)
                  1180e9f0    00000018     GUI.obj (.fardata:ChordImgs)
                  1180ea08    00000018     app_pe674.oe674 (.fardata:ti_sysbios_hal_Hwi_Object__table__V)
                  1180ea20    00000018     app_pe674.oe674 (.fardata:ti_sysbios_knl_Semaphore_Object__table__V)
                  1180ea38    00000014     GUI.obj (.fardata:ScaleImgs)
                  1180ea4c    00000004     --HOLE--
                  1180ea50    00000010     GUI.obj (.fardata:PresetImgs)
                  1180ea60    00000010     app_pe674.oe674 (.fardata:xdc_runtime_System_Module_State_0_atexitHandlers__A)
                  1180ea70    0000000c     rts6740_elf.lib : exit.obj (.fardata)
                  1180ea7c    00000004     --HOLE--
                  1180ea80    0000000c     app_pe674.oe674 (.fardata:xdc_runtime_HeapStd_Object__table__V)
                  1180ea8c    00000004     --HOLE--
                  1180ea90    00000008     GUI.obj (.fardata:ScaleChordModeImgs)
                  1180ea98    00000008     GUI.obj (.fardata:Voice0Imgs)
                  1180eaa0    00000008     GUI.obj (.fardata:Voice1Imgs)
                  1180eaa8    00000008     GUI.obj (.fardata:Voice2Imgs)
                  1180eab0    00000008     GUI.obj (.fardata:Voice3Imgs)
                  1180eab8    00000008     app_pe674.oe674 (.fardata:ti_sysbios_family_c64p_primus_TimerSupport_Module_State_0_suspSrc__A)
                  1180eac0    00000006     Note2.obj (.fardata:HarmonicMinorIntervals)
                  1180eac6    00000002     --HOLE--
                  1180eac8    00000006     Note2.obj (.fardata:LydianIntervals)
                  1180eace    00000002     --HOLE--
                  1180ead0    00000006     Note2.obj (.fardata:MajorIntervals)
                  1180ead6    00000002     --HOLE--
                  1180ead8    00000006     Note2.obj (.fardata:MinorIntervals)
                  1180eade    00000002     --HOLE--
                  1180eae0    00000006     Note2.obj (.fardata:MixolydianIntervals)
                  1180eae6    00000002     --HOLE--
                  1180eae8    00000004     app_pe674.oe674 (.fardata:ti_sysbios_gates_GateHwi_Object__table__V)
                  1180eaec    00000004     --HOLE--
                  1180eaf0    00000004     app_pe674.oe674 (.fardata:ti_sysbios_knl_Task_Module_State_0_idleTask__A)
                  1180eaf4    00000004     --HOLE--
                  1180eaf8    00000003     Note2.obj (.fardata:Dominant7ChordIntervals)
                  1180eafb    00000005     --HOLE--
                  1180eb00    00000003     Note2.obj (.fardata:Minor7ChordIntervals)
                  1180eb03    00000005     --HOLE--
                  1180eb08    00000003     Note2.obj (.fardata:Sus2ChordIntervals)
                  1180eb0b    00000005     --HOLE--
                  1180eb10    00000003     Note2.obj (.fardata:Sus4ChordIntervals)
                  1180eb13    00000005     --HOLE--
                  1180eb18    00000002     Note2.obj (.fardata:MajorChordIntervals)
                  1180eb1a    00000006     --HOLE--
                  1180eb20    00000002     Note2.obj (.fardata:MinorChordIntervals)

.switch    0    1180ef28    00000078     
                  1180ef28    0000003c     InterfaceTasks.obj (.switch:LCDTask)
                  1180ef64    00000018     Note2.obj (.switch:CreateChord)
                  1180ef7c    00000014     Note2.obj (.switch:CreateScale)
                  1180ef90    00000010     gpio.obj (.switch:GPIOIntTypeSet)

.vecs      0    1180f000    00000200     
                  1180f000    00000200     app_pe674.oe674 (.vecs)

.lcdFrames 
*          0    c0000000    0012af00     UNINITIALIZED
                  c0000000    000eb2b9     GUI.obj (.lcdFrames)
                  c00eb2b9    00000007     --HOLE--
                  c00eb2c0    0003fc20     LCD.obj (.lcdFrames:uninit)
                  c012aee0    00000020     LCD.obj (.lcdFrames:init)

xdc.meta   0    11800000    00000108     COPY SECTION
                  11800000    00000108     app_pe674.oe674 (xdc.meta)

.cio       0    1180f200    00000120     UNINITIALIZED
                  1180f200    00000120     rts6740_elf.lib : trgmsg.obj (.cio)

MODULE SUMMARY

       Module                     code    ro data   rw data
       ------                     ----    -------   -------
    .\
       GUI.obj                    0       0         963449 
       InterfaceTasks.obj         2688    60        0      
       main.obj                   352     0         0      
    +--+--------------------------+-------+---------+---------+
       Total:                     3040    60        963449 
                                                           
    .\MicCheckPeripherals\
       LCD.obj                    2016    32        261156 
    +--+--------------------------+-------+---------+---------+
       Total:                     2016    32        261156 
                                                           
    .\Starterware\
       raster.obj                 2272    0         0      
       gpio.obj                   704     16        0      
       psc.obj                    384     0         0      
    +--+--------------------------+-------+---------+---------+
       Total:                     3360    16        0      
                                                           
    .\VocalEffects\
       Note2.obj                  928     44        46     
       MicCheckPreset.obj         0       0         440    
    +--+--------------------------+-------+---------+---------+
       Total:                     928     44        486    
                                                           
    C:\Users\Raz Aloni\OneDrive\School\EEL4924\DSP\DSP_Workspace\DSP_LCD_SLAVE\Debug\configPkg\package\cfg\
       app_pe674.oe674            4480    1162      5872   
    +--+--------------------------+-------+---------+---------+
       Total:                     4480    1162      5872   
                                                           
    C:\Users\Raz Aloni\OneDrive\School\EEL4924\DSP\DSP_Workspace\DSP_LCD_SLAVE\src\sysbios\sysbios.ae674
       BIOS.obj                   18336   1304      0      
       c64p_Hwi_disp_always.obj   512     0         0      
       c64p_Exception_asm.obj     384     0         0      
       c62_TaskSupport_asm.obj    224     0         0      
       c64p_Hwi_asm_switch.obj    192     0         0      
    +--+--------------------------+-------+---------+---------+
       Total:                     19648   1304      0      
                                                           
    C:\ti\bios_6_50_00_10\packages\ti\targets\rts6000\lib\boot.ae674
       autoinit.oe674             288     0         0      
       boot.oe674                 160     0         0      
    +--+--------------------------+-------+---------+---------+
       Total:                     448     0         0      
                                                           
    C:\ti\bios_6_50_00_10\packages\ti\targets\rts6000\lib\ti.targets.rts6000.ae674
       System.oe674               3232    24        0      
       LoggerBuf.oe674            2592    0         0      
       HeapStd.oe674              1824    0         0      
       Text.oe674                 1600    64        0      
       Error.oe674                1152    88        0      
       Startup.oe674              896     44        0      
       Core-mem.oe674             896     0         0      
       SysMin.oe674               704     0         0      
       Memory.oe674               448     0         0      
       Core-smem.oe674            416     0         0      
       Assert.oe674               192     4         0      
       Core-params.oe674          160     0         0      
       Core-label.oe674           128     0         0      
       Gate.oe674                 64      0         0      
       Registry.oe674             64      0         0      
       xdc_noinit.oe674           32      0         0      
    +--+--------------------------+-------+---------+---------+
       Total:                     14400   224       0      
                                                           
    C:\ti\ccsv7\tools\compiler\ti-cgt-c6000_8.1.3\lib\rts6740_elf.lib
       imath64.obj                704     0         0      
       trgmsg.obj                 256     0         288    
       copy_decompress_rle.obj    288     0         0      
       exit.obj                   224     0         12     
       trgdrv.obj                 224     0         8      
       llshift.obj                224     0         0      
       memset.obj                 224     0         0      
       divu.obj                   192     0         0      
       tls.obj                    192     0         0      
       memcpy64.obj               160     0         0      
       remu.obj                   160     0         0      
       _lock.obj                  96      0         8      
       args_main.obj              64      0         0      
       copy_decompress_none.obj   32      0         0      
       copy_zero_init.obj         32      0         0      
    +--+--------------------------+-------+---------+---------+
       Total:                     3072    0         316    
                                                           
       Stack:                     0       0         1024   
       Linker Generated:          0       409914    0      
    +--+--------------------------+-------+---------+---------+
       Grand Total:               51392   412756    1232303


LINKER GENERATED COPY TABLES

__TI_cinit_table @ c018f018 records: 5, size/record: 8, table size: 40
	.lcdFrames: load addr=c012af00, load size=00063bb0 bytes, run addr=c0000000, run size=0012af00 bytes, compression=rle
	.fardata: load addr=c018eab0, load size=00000529 bytes, run addr=1180e3f8, run size=0000072a bytes, compression=rle
	.rodata: load addr=c018efdc, load size=00000016 bytes, run addr=1180efac, run size=00000010 bytes, compression=rle
	.neardata: load addr=c018eff4, load size=0000000f bytes, run addr=1180efa0, run size=0000000c bytes, compression=rle
	.far: load addr=c018f010, load size=00000008 bytes, run addr=1180c6c0, run size=000012b8 bytes, compression=zero_init


LINKER GENERATED HANDLER TABLE

__TI_handler_table @ c018f004 records: 3, size/record: 4, table size: 12
	index: 0, handler: __TI_decompress_rle24
	index: 1, handler: __TI_decompress_none
	index: 2, handler: __TI_zero_init


GLOBAL SYMBOLS: SORTED ALPHABETICALLY BY Name 

address   name                                                                
-------   ----                                                                
c001fe40  AImg                                                                
c0023e08  AbImg                                                               
c0027dd0  AutoTuneImg                                                         
c002bd98  BImg                                                                
c002fd60  BbImg                                                               
1180be80  C$$EXIT                                                             
1180a1a0  C$$IO$$                                                             
c0033d28  CImg                                                                
1180e9f0  ChordImgs                                                           
c0037cf0  ChordModeImg                                                        
11803b24  CreateChord                                                         
11803980  CreateScale                                                         
1180efa0  CurrentPreset                                                       
c003bcb8  DImg                                                                
c003fc80  DbImg                                                               
c0043c48  Dom7Img                                                             
1180eaf8  Dominant7ChordIntervals                                             
c004bbd0  EImg                                                                
c004fb98  EbImg                                                               
c0053b60  FImg                                                                
c0017eb0  FiveDownImg                                                         
c000ff20  FourDownImg                                                         
c0013ee8  FourUpImg                                                           
c00eb2c0  FrameBuffer                                                         
1180efa8  FrameBufferData                                                     
c0057b28  GImg                                                                
118046c0  GPIOBankIntDisable                                                  
118046a4  GPIOBankIntEnable                                                   
11804660  GPIOBankPinsWrite                                                   
1180462c  GPIODirModeGet                                                      
118045d0  GPIODirModeSet                                                      
11804588  GPIOIntTypeGet                                                      
118044f0  GPIOIntTypeSet                                                      
118044cc  GPIOPinIntClear                                                     
11804498  GPIOPinIntStatus                                                    
11804468  GPIOPinRead                                                         
11804420  GPIOPinWrite                                                        
c005baf0  GbImg                                                               
c005fab8  HMinorScaleImg                                                      
118088e0  HOSTwrite                                                           
1180eac0  HarmonicMinorIntervals                                              
1180efb8  LCDCommandHwi                                                       
1180efb4  LCDCommandSemaphore                                                 
118003ac  LCDTask                                                             
1180efac  LCDTsk                                                              
11802470  LCDVersionGet                                                       
118023f4  LCD_CommandReceive                                                  
118023e8  LCD_CommandReceivedEvent                                            
11802354  LCD_CommandSend                                                     
118022c0  LCD_DrawImage                                                       
11802200  LCD_DrawImageAlpha                                                  
11802100  LCD_DrawRectangle                                                   
1180efb0  LCD_Error_Hwi                                                       
118020cc  LCD_FrameSyncLostFix                                                
11801ea0  LCD_GpioInit                                                        
11801ca0  LCD_RasterInit                                                      
1180eac8  LydianIntervals                                                     
c0067a40  LydianScaleImg                                                      
c006f9c8  MajorChordImg                                                       
1180eb18  MajorChordIntervals                                                 
1180ead0  MajorIntervals                                                      
c0077950  MajorScaleImg                                                       
1180efa4  MasterVolume                                                        
c007f8d8  Min7ChordImg                                                        
1180eb00  Minor7ChordIntervals                                                
c0087860  MinorChordImg                                                       
1180eb20  MinorChordIntervals                                                 
1180ead8  MinorIntervals                                                      
c008f7e8  MinorScaleImg                                                       
1180eae0  MixolydianIntervals                                                 
c0097770  MixolydianScaleImg                                                  
c009f6f8  NoTuneImg                                                           
1180e8b8  NoteImgs                                                            
c00a36c0  OctaveDownImg                                                       
11806d00  PSCModuleControl                                                    
c012aee0  Pallete                                                             
c00a7688  Preset0Img                                                          
c00ab650  Preset1Img                                                          
c00af618  Preset2Img                                                          
c00b35e0  Preset3Img                                                          
1180ea50  PresetImgs                                                          
1180d6c0  Presets                                                             
118013dc  RasterAutoUnderFlowDisable                                          
118013c8  RasterAutoUnderFlowEnable                                           
118013b4  RasterByteSwapDisable                                               
118013a0  RasterByteSwapEnable                                                
11801338  RasterClearGetIntStatus                                             
11801310  RasterClkConfig                                                     
11801308  RasterClocksEnable                                                  
118012b0  RasterContextRestore                                                
11801258  RasterContextSave                                                   
11801240  RasterDMAConfig                                                     
11801228  RasterDMAFBConfig                                                   
11801214  RasterDMASoftWareClkDisable                                         
11801200  RasterDMASoftWareClkEnable                                          
118011ec  RasterDisable                                                       
118011c8  RasterDmaMasterPrioritySet                                          
118011b4  RasterEnable                                                        
118011a0  RasterEndOfFrameIntDisable                                          
1180118c  RasterEndOfFrameIntEnable                                           
11801168  RasterFIFODMADelayConfig                                            
118010b0  RasterHparamConfig                                                  
118010ac  RasterIdGet                                                         
11801088  RasterIdleModeConfig                                                
11801040  RasterIntDisable                                                    
11800fe8  RasterIntEnable                                                     
11800fb8  RasterIntRawStatus                                                  
11800fa4  RasterIntRawStatusSet                                               
11800f4c  RasterIntStatus                                                     
11800f38  RasterLSBDataOrderSelect                                            
11800f28  RasterMSBDataOrderSelect                                            
11800ea4  RasterModeConfig                                                    
11800e90  RasterNibbleModeDisable                                             
11800e80  RasterNibbleModeEnable                                              
11800e6c  RasterSoftWareClkDisable                                            
11800e54  RasterSoftWareClkEnable                                             
11800e00  RasterSoftWareResetControlDisable                                   
11800da0  RasterSoftWareResetControlEnable                                    
11800d74  RasterStandbyModeConfig                                             
11800c64  RasterSubPanelConfig                                                
11800c4c  RasterSubPanelDisable                                               
11800c3c  RasterSubPanelEnable                                                
11800c00  RasterTiming2Configure                                              
11800b20  RasterVparamConfig                                                  
1180ea90  ScaleChordModeImgs                                                  
1180ea38  ScaleImgs                                                           
c00b75a8  ScaleModeImg                                                        
c001be78  SixDownImg                                                          
c00bb570  Sus2ChordImg                                                        
1180eb08  Sus2ChordIntervals                                                  
c00c34f8  Sus4ChordImg                                                        
1180eb10  Sus4ChordIntervals                                                  
c0007f90  ThreeDownImg                                                        
c000bf58  ThreeUpImg                                                          
1180e918  TuneModeImgs                                                        
c0000000  TwoDownImg                                                          
c0003fc8  TwoUpImg                                                            
1180ea98  Voice0Imgs                                                          
c00cb480  Voice0OffImg                                                        
c00cf448  Voice0OnImg                                                         
1180eaa0  Voice1Imgs                                                          
c00d3410  Voice1OffImg                                                        
c00d73d8  Voice1OnImg                                                         
1180eaa8  Voice2Imgs                                                          
c00db3a0  Voice2OffImg                                                        
c00df368  Voice2OnImg                                                         
1180eab0  Voice3Imgs                                                          
c00e3330  Voice3OffImg                                                        
c00e72f8  Voice3OnImg                                                         
11800000  __ASM__                                                             
1180f200  __CIOBUF_                                                           
11800080  __ISA__                                                             
11800098  __PLAT__                                                            
118000b8  __TARG__                                                            
c018f018  __TI_CINIT_Base                                                     
c018f040  __TI_CINIT_Limit                                                    
c018f004  __TI_Handler_Table_Base                                             
c018f010  __TI_Handler_Table_Limit                                            
UNDEFED   __TI_INITARRAY_Base                                                 
UNDEFED   __TI_INITARRAY_Limit                                                
1180ef28  __TI_STACK_END                                                      
00000400  __TI_STACK_SIZE                                                     
1180efa0  __TI_STATIC_BASE                                                    
UNDEFED   __TI_TLS_INIT_Base                                                  
UNDEFED   __TI_TLS_INIT_Limit                                                 
1180ea70  __TI_cleanup_ptr                                                    
1180bec0  __TI_decompress_none                                                
1180bee0  __TI_decompress_rle24                                               
1180ea74  __TI_dtors_ptr                                                      
1180ea78  __TI_enable_exit_profile_output                                     
ffffffff  __TI_pprof_out_hndl                                                 
ffffffff  __TI_prof_data_size                                                 
ffffffff  __TI_prof_data_start                                                
1180a0c0  __TI_readmsg                                                        
11809420  __TI_tls_init                                                       
1180a140  __TI_writemsg                                                       
1180bea0  __TI_zero_init                                                      
118000e0  __TRDR__                                                            
ffffffff  __binit__                                                           
11808e20  __c6xabi_divu                                                       
118049a0  __c6xabi_divull                                                     
1180a1c0  __c6xabi_llshl                                                      
1180ad40  __c6xabi_llshru                                                     
118098a0  __c6xabi_remu                                                       
ffffffff  __c_args__                                                          
11808e20  __divu                                                              
118098a0  __remu                                                              
1180bde0  __xdc__init                                                         
1180e624  __xdc__init__addr                                                   
1180b5e0  _args_main                                                          
00000000  _argsize                                                            
11807e40  _auto_init_elf                                                      
11800000  _c_int00                                                            
1180e944  _lock                                                               
1180be00  _nop                                                                
1180be20  _register_lock                                                      
1180be40  _register_unlock                                                    
1180eb28  _stack                                                              
1180ada0  _subcull                                                            
1180e96c  _unlock                                                             
1180be80  abort                                                               
ffffffff  binit                                                               
11808ee0  exit                                                                
1180bf00  free                                                                
11807180  main                                                                
1180bf20  malloc                                                              
11809940  memcpy                                                              
118089c0  memset                                                              
1180e418  ti_sysbios_BIOS_Module__state__V                                    
1180b820  ti_sysbios_BIOS_RtsGateProxy_Handle__label__S                       
1180bf40  ti_sysbios_BIOS_RtsGateProxy_enter__E                               
1180bf60  ti_sysbios_BIOS_RtsGateProxy_leave__E                               
1180c1c0  ti_sysbios_BIOS_RtsGateProxy_query__E                               
1180a2c0  ti_sysbios_BIOS_atExitFunc__I                                       
1180aec0  ti_sysbios_BIOS_errorRaiseHook__I                                   
1180b660  ti_sysbios_BIOS_exitFunc__I                                         
1180bf80  ti_sysbios_BIOS_getCpuFreq__E                                       
1180bfa0  ti_sysbios_BIOS_linkedWithIncorrectBootLibrary__E                   
1180bfc0  ti_sysbios_BIOS_nullFunc__I                                         
1180a340  ti_sysbios_BIOS_registerRTSLock__I                                  
1180af20  ti_sysbios_BIOS_removeRTSLock__I                                    
1180b6a0  ti_sysbios_BIOS_rtsLock__I                                          
1180b6e0  ti_sysbios_BIOS_rtsUnlock__I                                        
1180bfe0  ti_sysbios_BIOS_setThreadType__E                                    
1180af80  ti_sysbios_BIOS_startFunc__I                                        
1180c000  ti_sysbios_BIOS_start__E                                            
1180c020  ti_sysbios_family_c62_TaskSupport_Module__startupDone__S            
1180b620  ti_sysbios_family_c62_TaskSupport_buildTaskStack                    
1180c040  ti_sysbios_family_c62_TaskSupport_checkStack__E                     
1180be60  ti_sysbios_family_c62_TaskSupport_glue                              
1180afe0  ti_sysbios_family_c62_TaskSupport_start__E                          
1180a240  ti_sysbios_family_c62_TaskSupport_swap__E                           
1180e204  ti_sysbios_family_c64p_Cache_E_invalidL1CacheSize__C                
1180e238  ti_sysbios_family_c64p_Cache_E_invalidL2CacheSize__C                
1180e23c  ti_sysbios_family_c64p_Cache_MAR0_31__C                             
1180e240  ti_sysbios_family_c64p_Cache_MAR128_159__C                          
1180e244  ti_sysbios_family_c64p_Cache_MAR160_191__C                          
1180e248  ti_sysbios_family_c64p_Cache_MAR192_223__C                          
1180e24c  ti_sysbios_family_c64p_Cache_MAR224_255__C                          
1180e250  ti_sysbios_family_c64p_Cache_MAR32_63__C                            
1180e254  ti_sysbios_family_c64p_Cache_MAR64_95__C                            
1180e258  ti_sysbios_family_c64p_Cache_MAR96_127__C                           
1180e3bc  ti_sysbios_family_c64p_Cache_Module__id__C                          
1180e43c  ti_sysbios_family_c64p_Cache_Module__state__V                       
11807000  ti_sysbios_family_c64p_Cache_Module_startup__E                      
11807440  ti_sysbios_family_c64p_Cache_getL1DInitSize__I                      
11807580  ti_sysbios_family_c64p_Cache_getL1PInitSize__I                      
11806680  ti_sysbios_family_c64p_Cache_getL2InitSize__I                       
00008000  ti_sysbios_family_c64p_Cache_l1dSize                                
00008000  ti_sysbios_family_c64p_Cache_l1pSize                                
00000000  ti_sysbios_family_c64p_Cache_l2Size                                 
1180b040  ti_sysbios_family_c64p_Cache_marInit__I                             
[...]
1180e2d0  ti_sysbios_timers_timer64_Timer_E_cannotSupport__C                  
1180e2d4  ti_sysbios_timers_timer64_Timer_Module__diagsEnabled__C             
1180e2d8  ti_sysbios_timers_timer64_Timer_Module__diagsIncluded__C            
1180e2dc  ti_sysbios_timers_timer64_Timer_Module__diagsMask__C                
1180e2e0  ti_sysbios_timers_timer64_Timer_anyMaskHigh__C                      
1180e2e4  ti_sysbios_timers_timer64_Timer_anyMask__C                          
1180e2e8  ti_sysbios_timers_timer64_Timer_freqDivisor__C                      
1180e2ec  ti_sysbios_timers_timer64_Timer_numLocalTimers__C                   
1180e2f0  ti_sysbios_timers_timer64_Timer_numTimerDevices__C                  
1180e2f4  xdc_runtime_Assert_E_assertFailed__C                                
1180e2f8  xdc_runtime_Core_A_initializedParams__C                             
1180e2fc  xdc_runtime_Core_Module__diagsEnabled__C                            
1180e300  xdc_runtime_Core_Module__diagsIncluded__C                           
1180e304  xdc_runtime_Core_Module__diagsMask__C                               
1180e308  xdc_runtime_Error_E_memory__C                                       
1180e30c  xdc_runtime_Error_Module__diagsEnabled__C                           
1180e310  xdc_runtime_Error_Module__diagsIncluded__C                          
1180e314  xdc_runtime_Error_Module__diagsMask__C                              
1180e318  xdc_runtime_Error_Module__loggerFxn8__C                             
1180e31c  xdc_runtime_Error_Module__loggerObj__C                              
1180e320  xdc_runtime_Error_policyFxn__C                                      
1180e324  xdc_runtime_Error_policy__C                                         
1180e328  xdc_runtime_Error_raiseHook__C                                      
1180e32c  xdc_runtime_HeapStd_A_align__C                                      
1180e330  xdc_runtime_HeapStd_A_invalidTotalFreeSize__C                       
1180e334  xdc_runtime_HeapStd_A_zeroSize__C                                   
1180e338  xdc_runtime_HeapStd_E_noRTSMemory__C                                
1180e33c  xdc_runtime_HeapStd_Module__diagsEnabled__C                         
1180e340  xdc_runtime_HeapStd_Module__diagsIncluded__C                        
1180e344  xdc_runtime_HeapStd_Module__diagsMask__C                            
1180e348  xdc_runtime_IFilterLogger_Interface__BASE__C                        
1180e34c  xdc_runtime_IGateProvider_Interface__BASE__C                        
1180e350  xdc_runtime_IHeap_Interface__BASE__C                                
1180e354  xdc_runtime_ILogger_Interface__BASE__C                              
1180e358  xdc_runtime_IModule_Interface__BASE__C                              
1180e35c  xdc_runtime_Log_L_error__C                                          
1180e360  xdc_runtime_LoggerBuf_E_badLevel__C                                 
1180e364  xdc_runtime_LoggerBuf_Module__gateObj__C                            
1180e368  xdc_runtime_LoggerBuf_Object__count__C                              
1180e36c  xdc_runtime_LoggerBuf_statusLogger__C                               
1180e370  xdc_runtime_Memory_defaultHeapInstance__C                           
1180e374  xdc_runtime_Startup_execImpl__C                                     
1180e378  xdc_runtime_Startup_firstFxns__A                                    
1180e37c  xdc_runtime_Startup_maxPasses__C                                    
1180e380  xdc_runtime_Startup_sfxnRts__C                                      
1180e384  xdc_runtime_Startup_sfxnTab__C                                      
1180e388  xdc_runtime_SysMin_bufSize__C                                       
1180e38c  xdc_runtime_SysMin_outputFunc__C                                    
1180e390  xdc_runtime_System_Module__gateObj__C                               
1180e394  xdc_runtime_System_abortFxn__C                                      
1180e398  xdc_runtime_System_exitFxn__C                                       
1180e39c  xdc_runtime_System_extendFxn__C                                     
1180e3a0  xdc_runtime_System_maxAtexitHandlers__C                             
1180e3a4  xdc_runtime_Text_charTab__C                                         
1180e3a8  xdc_runtime_Text_nameEmpty__C                                       
1180e3ac  xdc_runtime_Text_nameStatic__C                                      
1180e3b0  xdc_runtime_Text_nameUnknown__C                                     
1180e3b4  xdc_runtime_Text_visitRopeFxn__C                                    
1180e3b8  xdc_runtime_Text_nodeTab__A                                         
1180e3bc  ti_sysbios_family_c64p_Cache_Module__id__C                          
1180e3be  ti_sysbios_family_c64p_Exception_Module__id__C                      
1180e3c0  ti_sysbios_family_c64p_Exception_useInternalBuffer__C               
1180e3c2  ti_sysbios_gates_GateMutex_Module__id__C                            
1180e3c4  ti_sysbios_hal_Hwi_Module__id__C                                    
1180e3c6  ti_sysbios_knl_Semaphore_Module__id__C                              
1180e3c8  ti_sysbios_knl_Task_Module__id__C                                   
1180e3ca  ti_sysbios_timers_timer64_Timer_Module__id__C                       
1180e3cc  ti_sysbios_timers_timer64_Timer_startupNeeded__C                    
1180e3ce  ti_sysbios_timers_timer64_Timer_useTimer64pRegMap__C                
1180e3d0  xdc_runtime_Core_Module__id__C                                      
1180e3d2  xdc_runtime_Error_Module__loggerDefined__C                          
1180e3d4  xdc_runtime_Error_maxDepth__C                                       
1180e3d6  xdc_runtime_HeapStd_Module__id__C                                   
1180e3d8  xdc_runtime_LoggerBuf_Module__id__C                                 
1180e3da  xdc_runtime_LoggerBuf_filterByLevel__C                              
1180e3dc  xdc_runtime_Memory_Module__id__C                                    
1180e3de  xdc_runtime_SysMin_flushAtExit__C                                   
1180e3e0  xdc_runtime_Text_charCnt__C                                         
1180e3e2  xdc_runtime_Text_isLoaded__C                                        
1180e3e4  xdc_runtime_Text_registryModsLastId__C                              
1180e3e6  xdc_runtime_Text_unnamedModsLastId__C                               
1180e3e8  ti_sysbios_timers_timer64_Timer_localTimerBaseId__C                 
1180e3f0  xdc_runtime_Text_charTab__A                                         
1180e3f8  xdc_runtime_Error_IgnoreBlock                                       
1180e418  ti_sysbios_BIOS_Module__state__V                                    
1180e43c  ti_sysbios_family_c64p_Cache_Module__state__V                       
1180e440  ti_sysbios_family_c64p_Exception_Module__state__V                   
1180e470  ti_sysbios_family_c64p_Hwi_Module__root__V                          
1180e478  ti_sysbios_family_c64p_Hwi_Module__state__V                         
1180e4e4  ti_sysbios_family_c64p_primus_TimerSupport_Module__state__V         
1180e4e8  ti_sysbios_gates_GateHwi_Module__root__V                            
1180e4f0  ti_sysbios_gates_GateMutex_Module__root__V                          
1180e4f8  ti_sysbios_hal_Hwi_Module__root__V                                  
1180e500  ti_sysbios_knl_Clock_Module__root__V                                
1180e508  ti_sysbios_knl_Clock_Module__state__V                               
1180e534  ti_sysbios_knl_Queue_Module__root__V                                
1180e53c  ti_sysbios_knl_Semaphore_Module__root__V                            
1180e544  ti_sysbios_knl_Swi_Module__root__V                                  
1180e54c  ti_sysbios_knl_Swi_Module__state__V                                 
1180e568  ti_sysbios_knl_Task_Module__root__V                                 
1180e570  ti_sysbios_knl_Task_Module__state__V                                
1180e5b4  ti_sysbios_timers_timer64_Timer_Module__root__V                     
1180e5bc  ti_sysbios_timers_timer64_Timer_Module__state__V                    
1180e5d4  xdc_runtime_Error_Module__state__V                                  
1180e5d8  xdc_runtime_HeapStd_Module__root__V                                 
1180e5e0  xdc_runtime_HeapStd_Module__state__V                                
1180e5e4  xdc_runtime_LoggerBuf_Module__root__V                               
1180e5ec  xdc_runtime_LoggerBuf_Module__state__V                              
1180e5f4  xdc_runtime_Memory_Module__state__V                                 
1180e5f8  xdc_runtime_Registry_Module__state__V                               
1180e600  xdc_runtime_Startup_Module__state__V                                
1180e608  xdc_runtime_SysMin_Module__state__V                                 
1180e614  xdc_runtime_System_Module__state__V                                 
1180e61c  xdc_runtime_Text_Module__state__V                                   
1180e624  __xdc__init__addr                                                   
1180e628  ti_sysbios_knl_Task_Object__table__V                                
1180e6c0  ti_sysbios_knl_Swi_Module_State_0_readyQ__A                         
1180e740  ti_sysbios_knl_Task_Module_State_0_readyQ__A                        
1180e7c0  ti_sysbios_timers_timer64_Timer_Module_State_0_device__A            
1180e820  ti_sysbios_timers_timer64_Timer_Object__table__V                    
1180e870  ti_sysbios_family_c64p_Hwi_Object__table__V                         
1180e8b8  NoteImgs                                                            
1180e8e8  ti_sysbios_knl_Swi_Object__table__V                                 
1180e918  TuneModeImgs                                                        
1180e944  _lock                                                               
1180e948  xdc_runtime_LoggerBuf_Object__table__V                              
1180e96c  _unlock                                                             
1180e970  ti_sysbios_gates_GateMutex_Object__table__V                         
1180e990  ti_sysbios_timers_timer64_Timer_Module_State_0_gctrl__A             
1180e9b0  ti_sysbios_timers_timer64_Timer_Module_State_0_handles__A           
1180e9d0  ti_sysbios_timers_timer64_Timer_Module_State_0_intFreqs__A          
1180e9f0  ChordImgs                                                           
1180ea08  ti_sysbios_hal_Hwi_Object__table__V                                 
1180ea20  ti_sysbios_knl_Semaphore_Object__table__V                           
1180ea38  ScaleImgs                                                           
1180ea50  PresetImgs                                                          
1180ea60  xdc_runtime_System_Module_State_0_atexitHandlers__A                 
1180ea70  __TI_cleanup_ptr                                                    
1180ea74  __TI_dtors_ptr                                                      
1180ea78  __TI_enable_exit_profile_output                                     
1180ea80  xdc_runtime_HeapStd_Object__table__V                                
1180ea90  ScaleChordModeImgs                                                  
1180ea98  Voice0Imgs                                                          
1180eaa0  Voice1Imgs                                                          
1180eaa8  Voice2Imgs                                                          
1180eab0  Voice3Imgs                                                          
1180eab8  ti_sysbios_family_c64p_primus_TimerSupport_Module_State_0_suspSrc__A
1180eac0  HarmonicMinorIntervals                                              
1180eac8  LydianIntervals                                                     
1180ead0  MajorIntervals                                                      
1180ead8  MinorIntervals                                                      
1180eae0  MixolydianIntervals                                                 
1180eae8  ti_sysbios_gates_GateHwi_Object__table__V                           
1180eaf0  ti_sysbios_knl_Task_Module_State_0_idleTask__A                      
1180eaf8  Dominant7ChordIntervals                                             
1180eb00  Minor7ChordIntervals                                                
1180eb08  Sus2ChordIntervals                                                  
1180eb10  Sus4ChordIntervals                                                  
1180eb18  MajorChordIntervals                                                 
1180eb20  MinorChordIntervals                                                 
1180eb28  _stack                                                              
1180ef28  __TI_STACK_END                                                      
1180efa0  CurrentPreset                                                       
1180efa0  __TI_STATIC_BASE                                                    
1180efa4  MasterVolume                                                        
1180efa8  FrameBufferData                                                     
1180efac  LCDTsk                                                              
1180efb0  LCD_Error_Hwi                                                       
1180efb4  LCDCommandSemaphore                                                 
1180efb8  LCDCommandHwi                                                       
1180f000  ti_sysbios_family_c64p_Hwi0                                         
1180f000  ti_sysbios_family_c64p_Hwi_int0                                     
1180f020  ti_sysbios_family_c64p_Hwi_int1                                     
1180f040  ti_sysbios_family_c64p_Hwi_int2                                     
1180f060  ti_sysbios_family_c64p_Hwi_int3                                     
1180f080  ti_sysbios_family_c64p_Hwi_int4                                     
1180f0a0  ti_sysbios_family_c64p_Hwi_int5                                     
1180f0c0  ti_sysbios_family_c64p_Hwi_int6                                     
1180f0e0  ti_sysbios_family_c64p_Hwi_int7                                     
1180f100  ti_sysbios_family_c64p_Hwi_int8                                     
1180f120  ti_sysbios_family_c64p_Hwi_int9                                     
1180f140  ti_sysbios_family_c64p_Hwi_int10                                    
1180f160  ti_sysbios_family_c64p_Hwi_int11                                    
1180f180  ti_sysbios_family_c64p_Hwi_int12                                    
1180f1a0  ti_sysbios_family_c64p_Hwi_int13                                    
1180f1c0  ti_sysbios_family_c64p_Hwi_int14                                    
1180f1e0  ti_sysbios_family_c64p_Hwi_int15                                    
1180f200  __CIOBUF_                                                           
c0000000  TwoDownImg                                                          
c0003fc8  TwoUpImg                                                            
c0007f90  ThreeDownImg                                                        
c000bf58  ThreeUpImg                                                          
c000ff20  FourDownImg                                                         
c0013ee8  FourUpImg                                                           
c0017eb0  FiveDownImg                                                         
c001be78  SixDownImg                                                          
c001fe40  AImg                                                                
c0023e08  AbImg                                                               
c0027dd0  AutoTuneImg                                                         
c002bd98  BImg                                                                
c002fd60  BbImg                                                               
c0033d28  CImg                                                                
c0037cf0  ChordModeImg                                                        
c003bcb8  DImg                                                                
c003fc80  DbImg                                                               
c0043c48  Dom7Img                                                             
c004bbd0  EImg                                                                
c004fb98  EbImg                                                               
c0053b60  FImg                                                                
c0057b28  GImg                                                                
c005baf0  GbImg                                                               
c005fab8  HMinorScaleImg                                                      
c0067a40  LydianScaleImg                                                      
c006f9c8  MajorChordImg                                                       
c0077950  MajorScaleImg                                                       
c007f8d8  Min7ChordImg                                                        
c0087860  MinorChordImg                                                       
c008f7e8  MinorScaleImg                                                       
c0097770  MixolydianScaleImg                                                  
c009f6f8  NoTuneImg                                                           
c00a36c0  OctaveDownImg                                                       
c00a7688  Preset0Img                                                          
c00ab650  Preset1Img                                                          
c00af618  Preset2Img                                                          
c00b35e0  Preset3Img                                                          
c00b75a8  ScaleModeImg                                                        
c00bb570  Sus2ChordImg                                                        
c00c34f8  Sus4ChordImg                                                        
c00cb480  Voice0OffImg                                                        
c00cf448  Voice0OnImg                                                         
c00d3410  Voice1OffImg                                                        
c00d73d8  Voice1OnImg                                                         
c00db3a0  Voice2OffImg                                                        
c00df368  Voice2OnImg                                                         
c00e3330  Voice3OffImg                                                        
c00e72f8  Voice3OnImg                                                         
c00eb2c0  FrameBuffer                                                         
c012aee0  Pallete                                                             
c018f004  __TI_Handler_Table_Base                                             
c018f010  __TI_Handler_Table_Limit                                            
c018f018  __TI_CINIT_Base                                                     
c018f040  __TI_CINIT_Limit                                                    
ffffffff  __TI_pprof_out_hndl                                                 
ffffffff  __TI_prof_data_size                                                 
ffffffff  __TI_prof_data_start                                                
ffffffff  __binit__                                                           
ffffffff  __c_args__                                                          
ffffffff  binit                                                               
UNDEFED   __TI_INITARRAY_Base                                                 
UNDEFED   __TI_INITARRAY_Limit                                                
UNDEFED   __TI_TLS_INIT_Base                                                  
UNDEFED   __TI_TLS_INIT_Limit                                                 

[672 symbols]
