******************************************************************************
                  MSP430 Linker PC v16.9.2                     
******************************************************************************
>> Linked Thu Mar 30 20:46:04 2017

OUTPUT FILE NAME:   <MichaelCheckerson.out>
ENTRY POINT SYMBOL: "_c_int00_noargs_noexit"  address: 000081e8


MEMORY CONFIGURATION

         name            origin    length      used     unused   attr    fill
----------------------  --------  ---------  --------  --------  ----  --------
  SFR                   00000000   00000010  00000000  00000010  RWIX
  PERIPHERALS_8BIT      00000010   000000f0  00000000  000000f0  RWIX
  PERIPHERALS_16BIT     00000100   00000100  00000000  00000100  RWIX
  RAM                   00000200   00000400  00000055  000003ab  RWIX
  INFOD                 00001000   00000040  00000000  00000040  RWIX
  INFOC                 00001040   00000040  00000000  00000040  RWIX
  INFOB                 00001080   00000040  00000000  00000040  RWIX
  INFOA                 000010c0   00000040  00000000  00000040  RWIX
  FLASH                 00008000   00007fde  00000292  00007d4c  RWIX
  BSLSIGNATURE          0000ffde   00000002  00000002  00000000  RWIX  ffff 
  INT00                 0000ffe0   00000002  00000000  00000002  RWIX
  INT01                 0000ffe2   00000002  00000000  00000002  RWIX
  INT02                 0000ffe4   00000002  00000002  00000000  RWIX
  INT03                 0000ffe6   00000002  00000002  00000000  RWIX
  INT04                 0000ffe8   00000002  00000000  00000002  RWIX
  INT05                 0000ffea   00000002  00000002  00000000  RWIX
  INT06                 0000ffec   00000002  00000002  00000000  RWIX
  INT07                 0000ffee   00000002  00000002  00000000  RWIX
  INT08                 0000fff0   00000002  00000002  00000000  RWIX
  INT09                 0000fff2   00000002  00000002  00000000  RWIX
  INT10                 0000fff4   00000002  00000002  00000000  RWIX
  INT11                 0000fff6   00000002  00000000  00000002  RWIX
  INT12                 0000fff8   00000002  00000002  00000000  RWIX
  INT13                 0000fffa   00000002  00000002  00000000  RWIX
  INT14                 0000fffc   00000002  00000002  00000000  RWIX
  RESET                 0000fffe   00000002  00000002  00000000  RWIX


SECTION ALLOCATION MAP

 output                                  attributes/
section   page    origin      length       input sections
--------  ----  ----------  ----------   ----------------
.bss       0    00000200    00000005     UNINITIALIZED
                  00000200    00000002     (.common:btnValue)
                  00000202    00000002     (.common:ledValue)
                  00000204    00000001     (.common:ledNew)

.stack     0    000005b0    00000050     UNINITIALIZED
                  000005b0    00000002     rts430_eabi.lib : boot.obj (.stack)
                  000005b2    0000004e     --HOLE--

.text      0    00008000    00000288     
                  00008000    0000006e     rts430_eabi.lib : autoinit.obj (.text:_auto_init)
                  0000806e    00000002                     : startup.obj (.text:_system_post_cinit)
                  00008070    0000006a     MicInterface.obj (.text:MicInterfaceInit)
                  000080da    0000005a     rts430_eabi.lib : cpy_tbl.obj (.text:copy_in)
                  00008134    0000004c     main.obj (.text:main)
                  00008180    00000038     MicInterface.obj (.text:ButtonPressed)
                  000081b8    00000030     MicInterface.obj (.text:BaseStationReceived)
                  000081e8    0000001a     rts430_eabi.lib : boot_special.obj (.text:_c_int00_noargs_noexit)
                  00008202    00000014                     : copy_zero_init.obj (.text:decompress:ZI:__TI_zero_init)
                  00008216    00000014                     : mult16.obj (.text)
                  0000822a    00000002     --HOLE-- [fill = 0]
                  0000822c    00000012     MicInterface.obj (.text:MicInterfaceGetLedData)
                  0000823e    00000012     rts430_eabi.lib : memcpy.obj (.text:memcpy)
                  00008250    00000010                     : epilog.obj (.text)
                  00008260    0000000a     MicInterface.obj (.text:MicInterfaceGetButtonData)
                  0000826a    00000002     --HOLE-- [fill = 0]
                  0000826c    0000000a     MicInterface.obj (.text:MicInterfaceTransmitButtonData)
                  00008276    00000008     rts430_eabi.lib : isr_trap.obj (.text:_isr:__TI_ISR_TRAP)
                  0000827e    00000006                     : exit.obj (.text:abort)
                  00008284    00000004                     : pre_init.obj (.text:_system_pre_init)

.cinit     0    00008288    0000000a     
                  00008288    00000004     (.cinit..bss.load) [load image, compression = zero_init]
                  0000828c    00000002     (__TI_handler_table)
                  0000828e    00000004     (__TI_cinit_table)

.binit     0    00008000    00000000     

.init_array 
*          0    00008000    00000000     UNINITIALIZED

$fill000   0    0000ffde    00000002     
                  0000ffde    00000002     --HOLE-- [fill = ffff]

PORT1      0    0000ffe4    00000002     
                  0000ffe4    00000002     MicInterface.obj (.int02)

PORT2      0    0000ffe6    00000002     
                  0000ffe6    00000002     rts430_eabi.lib : int03.obj (.int03)

ADC10      0    0000ffea    00000002     
                  0000ffea    00000002     rts430_eabi.lib : int05.obj (.int05)

USCIAB0TX 
*          0    0000ffec    00000002     
                  0000ffec    00000002     rts430_eabi.lib : int06.obj (.int06)

USCIAB0RX 
*          0    0000ffee    00000002     
                  0000ffee    00000002     MicInterface.obj (.int07)

TIMERA1    0    0000fff0    00000002     
                  0000fff0    00000002     rts430_eabi.lib : int08.obj (.int08)

TIMERA0    0    0000fff2    00000002     
                  0000fff2    00000002     rts430_eabi.lib : int09.obj (.int09)

WDT        0    0000fff4    00000002     
                  0000fff4    00000002     rts430_eabi.lib : int10.obj (.int10)

TIMERB1    0    0000fff8    00000002     
                  0000fff8    00000002     rts430_eabi.lib : int12.obj (.int12)

TIMERB0    0    0000fffa    00000002     
                  0000fffa    00000002     rts430_eabi.lib : int13.obj (.int13)

NMI        0    0000fffc    00000002     
                  0000fffc    00000002     rts430_eabi.lib : int14.obj (.int14)

.reset     0    0000fffe    00000002     
                  0000fffe    00000002     rts430_eabi.lib : boot.obj (.reset)

MODULE SUMMARY

       Module               code   ro data   rw data
       ------               ----   -------   -------
    .\
       main.obj             76     0         0      
    +--+--------------------+------+---------+---------+
       Total:               76     0         0      
                                                    
    .\MicCheckPeripherals\
       MicInterface.obj     248    4         5      
    +--+--------------------+------+---------+---------+
       Total:               248    4         5      
                                                    
    C:\ti\ccsv7\tools\compiler\ti-cgt-msp430_16.9.2.LTS\lib\rts430_eabi.lib
       autoinit.obj         110    0         0      
       cpy_tbl.obj          90     0         0      
       boot_special.obj     26     0         0      
       copy_zero_init.obj   20     0         0      
       mult16.obj           20     0         0      
       memcpy.obj           18     0         0      
       epilog.obj           16     0         0      
       isr_trap.obj         8      0         0      
       exit.obj             6      0         0      
       pre_init.obj         4      0         0      
       boot.obj             0      2         0      
       int03.obj            0      2         0      
       int05.obj            0      2         0      
       int06.obj            0      2         0      
       int08.obj            0      2         0      
       int09.obj            0      2         0      
       int10.obj            0      2         0      
       int12.obj            0      2         0      
       int13.obj            0      2         0      
       int14.obj            0      2         0      
       startup.obj          2      0         0      
    +--+--------------------+------+---------+---------+
       Total:               320    20        0      
                                                    
       Stack:               0      0         80     
       Linker Generated:    0      10        0      
    +--+--------------------+------+---------+---------+
       Grand Total:         644    34        85     


LINKER GENERATED COPY TABLES

__TI_cinit_table @ 0000828e records: 1, size/record: 4, table size: 4
	.bss: load addr=00008288, load size=00000004 bytes, run addr=00000200, run size=00000005 bytes, compression=zero_init


LINKER GENERATED HANDLER TABLE

__TI_handler_table @ 0000828c records: 1, size/record: 2, table size: 2
	index: 0, handler: __TI_zero_init


GLOBAL SYMBOLS: SORTED ALPHABETICALLY BY Name 

address   name                          
-------   ----                          
0000004a  ADC10AE0                      
0000004b  ADC10AE1                      
000001b0  ADC10CTL0                     
000001b2  ADC10CTL1                     
00000048  ADC10DTC0                     
00000049  ADC10DTC1                     
000001b4  ADC10MEM                      
000001bc  ADC10SA                       
00000057  BCSCTL1                       
00000058  BCSCTL2                       
00000053  BCSCTL3                       
000081b8  BaseStationReceived           
00008180  ButtonPressed                 
0000827e  C$$EXIT                       
000010fb  CALBC1_12MHZ                  
000010f9  CALBC1_16MHZ                  
000010ff  CALBC1_1MHZ                   
000010fd  CALBC1_8MHZ                   
000010fa  CALDCO_12MHZ                  
000010f8  CALDCO_16MHZ                  
000010fe  CALDCO_1MHZ                   
000010fc  CALDCO_8MHZ                   
00000056  DCOCTL                        
00000128  FCTL1                         
0000012a  FCTL2                         
0000012c  FCTL3                         
00000000  IE1                           
00000001  IE2                           
00000002  IFG1                          
00000003  IFG2                          
00008260  MicInterfaceGetButtonData     
0000822c  MicInterfaceGetLedData        
00008070  MicInterfaceInit              
0000826c  MicInterfaceTransmitButtonData
000000c0  OA0CTL0                       
000000c1  OA0CTL1                       
000000c2  OA1CTL0                       
000000c3  OA1CTL1                       
00000022  P1DIR                         
00000025  P1IE                          
00000024  P1IES                         
00000023  P1IFG                         
00000020  P1IN                          
00000021  P1OUT                         
00000027  P1REN                         
00000026  P1SEL                         
0000002a  P2DIR                         
0000002d  P2IE                          
0000002c  P2IES                         
0000002b  P2IFG                         
00000028  P2IN                          
00000029  P2OUT                         
0000002f  P2REN                         
0000002e  P2SEL                         
0000001a  P3DIR                         
00000018  P3IN                          
00000019  P3OUT                         
00000010  P3REN                         
0000001b  P3SEL                         
0000001e  P4DIR                         
0000001c  P4IN                          
0000001d  P4OUT                         
00000011  P4REN                         
0000001f  P4SEL                         
00000172  TACCR0                        
00000174  TACCR1                        
00000176  TACCR2                        
00000162  TACCTL0                       
00000164  TACCTL1                       
00000166  TACCTL2                       
00000160  TACTL                         
0000012e  TAIV                          
00000170  TAR                           
00000192  TBCCR0                        
00000194  TBCCR1                        
00000196  TBCCR2                        
00000182  TBCCTL0                       
00000184  TBCCTL1                       
00000186  TBCCTL2                       
00000180  TBCTL                         
0000011e  TBIV                          
00000190  TBR                           
0000005d  UCA0ABCTL                     
00000062  UCA0BR0                       
00000063  UCA0BR1                       
00000060  UCA0CTL0                      
00000061  UCA0CTL1                      
0000005f  UCA0IRRCTL                    
0000005e  UCA0IRTCTL                    
00000064  UCA0MCTL                      
00000066  UCA0RXBUF                     
00000065  UCA0STAT                      
00000067  UCA0TXBUF                     
0000006a  UCB0BR0                       
0000006b  UCB0BR1                       
00000068  UCB0CTL0                      
00000069  UCB0CTL1                      
0000006c  UCB0I2CIE                     
00000118  UCB0I2COA                     
0000011a  UCB0I2CSA                     
0000006e  UCB0RXBUF                     
0000006d  UCB0STAT                      
0000006f  UCB0TXBUF                     
00000120  WDTCTL                        
00000600  __STACK_END                   
00000050  __STACK_SIZE                  
UNDEFED   __TI_BINIT_Base               
UNDEFED   __TI_BINIT_Limit              
0000828e  __TI_CINIT_Base               
00008292  __TI_CINIT_Limit              
0000828c  __TI_Handler_Table_Base       
0000828e  __TI_Handler_Table_Limit      
UNDEFED   __TI_INITARRAY_Base           
UNDEFED   __TI_INITARRAY_Limit          
00008276  __TI_ISR_TRAP                 
0000ffe4  __TI_int02                    
0000ffe6  __TI_int03                    
0000ffea  __TI_int05                    
0000ffec  __TI_int06                    
0000ffee  __TI_int07                    
0000fff0  __TI_int08                    
0000fff2  __TI_int09                    
0000fff4  __TI_int10                    
0000fff8  __TI_int12                    
0000fffa  __TI_int13                    
0000fffc  __TI_int14                    
ffffffff  __TI_pprof_out_hndl           
ffffffff  __TI_prof_data_size           
ffffffff  __TI_prof_data_start          
00008202  __TI_zero_init                
ffffffff  __c_args__                    
0000825c  __mspabi_func_epilog_1        
0000825a  __mspabi_func_epilog_2        
00008258  __mspabi_func_epilog_3        
00008256  __mspabi_func_epilog_4        
00008254  __mspabi_func_epilog_5        
00008252  __mspabi_func_epilog_6        
00008250  __mspabi_func_epilog_7        
00008216  __mspabi_mpyi                 
00008216  __mspabi_mpyi_sw              
00008000  _auto_init                    
000081e8  _c_int00_noargs_noexit        
0000fffe  _reset_vector                 
000005b0  _stack                        
0000806e  _system_post_cinit            
00008284  _system_pre_init              
0000827e  abort                         
00000200  btnValue                      
000080da  copy_in                       
00000204  ledNew                        
00000202  ledValue                      
00008134  main                          
0000823e  memcpy                        


GLOBAL SYMBOLS: SORTED BY Symbol Address 

address   name                          
-------   ----                          
00000000  IE1                           
00000001  IE2                           
00000002  IFG1                          
00000003  IFG2                          
00000010  P3REN                         
00000011  P4REN                         
00000018  P3IN                          
00000019  P3OUT                         
0000001a  P3DIR                         
0000001b  P3SEL                         
0000001c  P4IN                          
0000001d  P4OUT                         
0000001e  P4DIR                         
0000001f  P4SEL                         
00000020  P1IN                          
00000021  P1OUT                         
00000022  P1DIR                         
00000023  P1IFG                         
00000024  P1IES                         
00000025  P1IE                          
00000026  P1SEL                         
00000027  P1REN                         
00000028  P2IN                          
00000029  P2OUT                         
0000002a  P2DIR                         
0000002b  P2IFG                         
0000002c  P2IES                         
0000002d  P2IE                          
0000002e  P2SEL                         
0000002f  P2REN                         
00000048  ADC10DTC0                     
00000049  ADC10DTC1                     
0000004a  ADC10AE0                      
0000004b  ADC10AE1                      
00000050  __STACK_SIZE                  
00000053  BCSCTL3                       
00000056  DCOCTL                        
00000057  BCSCTL1                       
00000058  BCSCTL2                       
0000005d  UCA0ABCTL                     
0000005e  UCA0IRTCTL                    
0000005f  UCA0IRRCTL                    
00000060  UCA0CTL0                      
00000061  UCA0CTL1                      
00000062  UCA0BR0                       
00000063  UCA0BR1                       
00000064  UCA0MCTL                      
00000065  UCA0STAT                      
00000066  UCA0RXBUF                     
00000067  UCA0TXBUF                     
00000068  UCB0CTL0                      
00000069  UCB0CTL1                      
0000006a  UCB0BR0                       
0000006b  UCB0BR1                       
0000006c  UCB0I2CIE                     
0000006d  UCB0STAT                      
0000006e  UCB0RXBUF                     
0000006f  UCB0TXBUF                     
000000c0  OA0CTL0                       
000000c1  OA0CTL1                       
000000c2  OA1CTL0                       
000000c3  OA1CTL1                       
00000118  UCB0I2COA                     
0000011a  UCB0I2CSA                     
0000011e  TBIV                          
00000120  WDTCTL                        
00000128  FCTL1                         
0000012a  FCTL2                         
0000012c  FCTL3                         
0000012e  TAIV                          
00000160  TACTL                         
00000162  TACCTL0                       
00000164  TACCTL1                       
00000166  TACCTL2                       
00000170  TAR                           
00000172  TACCR0                        
00000174  TACCR1                        
00000176  TACCR2                        
00000180  TBCTL                         
00000182  TBCCTL0                       
00000184  TBCCTL1                       
00000186  TBCCTL2                       
00000190  TBR                           
00000192  TBCCR0                        
00000194  TBCCR1                        
00000196  TBCCR2                        
000001b0  ADC10CTL0                     
000001b2  ADC10CTL1                     
000001b4  ADC10MEM                      
000001bc  ADC10SA                       
00000200  btnValue                      
00000202  ledValue                      
00000204  ledNew                        
000005b0  _stack                        
00000600  __STACK_END                   
000010f8  CALDCO_16MHZ                  
000010f9  CALBC1_16MHZ                  
000010fa  CALDCO_12MHZ                  
000010fb  CALBC1_12MHZ                  
000010fc  CALDCO_8MHZ                   
000010fd  CALBC1_8MHZ                   
000010fe  CALDCO_1MHZ                   
000010ff  CALBC1_1MHZ                   
00008000  _auto_init                    
0000806e  _system_post_cinit            
00008070  MicInterfaceInit              
000080da  copy_in                       
00008134  main                          
00008180  ButtonPressed                 
000081b8  BaseStationReceived           
000081e8  _c_int00_noargs_noexit        
00008202  __TI_zero_init                
00008216  __mspabi_mpyi                 
00008216  __mspabi_mpyi_sw              
0000822c  MicInterfaceGetLedData        
0000823e  memcpy                        
00008250  __mspabi_func_epilog_7        
00008252  __mspabi_func_epilog_6        
00008254  __mspabi_func_epilog_5        
00008256  __mspabi_func_epilog_4        
00008258  __mspabi_func_epilog_3        
0000825a  __mspabi_func_epilog_2        
0000825c  __mspabi_func_epilog_1        
00008260  MicInterfaceGetButtonData     
0000826c  MicInterfaceTransmitButtonData
00008276  __TI_ISR_TRAP                 
0000827e  C$$EXIT                       
0000827e  abort                         
00008284  _system_pre_init              
0000828c  __TI_Handler_Table_Base       
0000828e  __TI_CINIT_Base               
0000828e  __TI_Handler_Table_Limit      
00008292  __TI_CINIT_Limit              
0000ffe4  __TI_int02                    
0000ffe6  __TI_int03                    
0000ffea  __TI_int05                    
0000ffec  __TI_int06                    
0000ffee  __TI_int07                    
0000fff0  __TI_int08                    
0000fff2  __TI_int09                    
0000fff4  __TI_int10                    
0000fff8  __TI_int12                    
0000fffa  __TI_int13                    
0000fffc  __TI_int14                    
0000fffe  _reset_vector                 
ffffffff  __TI_pprof_out_hndl           
ffffffff  __TI_prof_data_size           
ffffffff  __TI_prof_data_start          
ffffffff  __c_args__                    
UNDEFED   __TI_BINIT_Base               
UNDEFED   __TI_BINIT_Limit              
UNDEFED   __TI_INITARRAY_Base           
UNDEFED   __TI_INITARRAY_Limit          

[153 symbols]
